Copyright 1986-2022 Xilinx, Inc. All Rights Reserved. Copyright 2022-2024 Advanced Micro Devices, Inc. All Rights Reserved.
---------------------------------------------------------------------------------------------------------------------------------------------
| Tool Version : Vivado v.2024.1 (win64) Build 5076996 Wed May 22 18:37:14 MDT 2024
| Date         : Thu Sep 17 16:54:19 2026
| Host         : Ivan¡®sLaptop running 64-bit major release  (build 9200)
| Command      : upgrade_ip
| Device       : xc7z010clg400-1
---------------------------------------------------------------------------------------------------------------------------------------------

Upgrade Log for IP 'design_1_lorenz_dda_driver_0_0'

1. Summary
----------

SUCCESS in the upgrade of design_1_lorenz_dda_driver_0_0 (xilinx.com:user:lorenz_dda_driver:1.0) from (Rev. 12) to (Rev. 13)






Copyright 1986-2022 Xilinx, Inc. All Rights Reserved. Copyright 2022-2024 Advanced Micro Devices, Inc. All Rights Reserved.
---------------------------------------------------------------------------------------------------------------------------------------------
| Tool Version : Vivado v.2024.1 (win64) Build 5076996 Wed May 22 18:37:14 MDT 2024
| Date         : Thu Sep 17 16:30:45 2026
| Host         : Ivan¡®sLaptop running 64-bit major release  (build 9200)
| Command      : upgrade_ip
| Device       : xc7z010clg400-1
---------------------------------------------------------------------------------------------------------------------------------------------

Upgrade Log for IP 'design_1_lorenz_dda_driver_0_0'

1. Summary
----------

SUCCESS in the upgrade of design_1_lorenz_dda_driver_0_0 (xilinx.com:user:lorenz_dda_driver:1.0) from (Rev. 10) to (Rev. 12)






Copyright 1986-2022 Xilinx, Inc. All Rights Reserved. Copyright 2022-2024 Advanced Micro Devices, Inc. All Rights Reserved.
---------------------------------------------------------------------------------------------------------------------------------------------
| Tool Version : Vivado v.2024.1 (win64) Build 5076996 Wed May 22 18:37:14 MDT 2024
| Date         : Thu Sep 17 16:12:38 2026
| Host         : Ivan¡®sLaptop running 64-bit major release  (build 9200)
| Command      : upgrade_ip
| Device       : xc7z010clg400-1
---------------------------------------------------------------------------------------------------------------------------------------------

Upgrade Log for IP 'design_1_lorenz_dda_driver_0_0'

1. Summary
----------

SUCCESS in the update of design_1_lorenz_dda_driver_0_0 (xilinx.com:user:lorenz_dda_driver:1.0 (Rev. 10)) to current project options.






Copyright 1986-2022 Xilinx, Inc. All Rights Reserved. Copyright 2022-2024 Advanced Micro Devices, Inc. All Rights Reserved.
---------------------------------------------------------------------------------------------------------------------------------------------
| Tool Version : Vivado v.2024.1 (win64) Build 5076996 Wed May 22 18:37:14 MDT 2024
| Date         : Thu Sep 17 16:08:25 2026
| Host         : Ivan¡®sLaptop running 64-bit major release  (build 9200)
| Command      : upgrade_ip
| Device       : xc7z010clg400-1
---------------------------------------------------------------------------------------------------------------------------------------------

Upgrade Log for IP 'design_1_lorenz_dda_driver_0_0'

1. Summary
----------

SUCCESS in the upgrade of design_1_lorenz_dda_driver_0_0 (xilinx.com:user:lorenz_dda_driver:1.0) from (Rev. 8) to (Rev. 10)






Copyright 1986-2022 Xilinx, Inc. All Rights Reserved. Copyright 2022-2024 Advanced Micro Devices, Inc. All Rights Reserved.
---------------------------------------------------------------------------------------------------------------------------------------------
| Tool Version : Vivado v.2024.1 (win64) Build 5076996 Wed May 22 18:37:14 MDT 2024
| Date         : Thu Sep 17 16:01:42 2026
| Host         : Ivan¡®sLaptop running 64-bit major release  (build 9200)
| Command      : upgrade_ip
| Device       : xc7z010clg400-1
---------------------------------------------------------------------------------------------------------------------------------------------

Upgrade Log for IP 'design_1_lorenz_dda_driver_0_0'

1. Summary
----------

SUCCESS in the upgrade of design_1_lorenz_dda_driver_0_0 (xilinx.com:user:lorenz_dda_driver:1.0) from (Rev. 6) to (Rev. 8)

