#-----------------------------------------------------------
# Vivado v2024.1 (64-bit)
# SW Build 5076996 on Wed May 22 18:37:14 MDT 2024
# IP Build 5075265 on Wed May 22 21:45:21 MDT 2024
# SharedData Build 5076995 on Wed May 22 18:29:18 MDT 2024
# Start of session at: Thu Jul  4 12:21:23 2024
# Process ID: 23040
# Current directory: C:/Users/rbocos/AppData/Roaming/Xilinx/Vivado
# Command line: vivado.exe -gui_launcher_event rodinguilauncherevent24164
# Log file: C:/Users/rbocos/AppData/Roaming/Xilinx/Vivado/vivado.log
# Journal file: C:/Users/rbocos/AppData/Roaming/Xilinx/Vivado\vivado.jou
# Running On        :bocos-ro
# Platform          :Windows Server 2016 or Windows 10
# Operating System  :19044
# Processor Detail  :11th Gen Intel(R) Core(TM) i7-11850H @ 2.50GHz
# CPU Frequency     :2496 MHz
# CPU Physical cores:8
# CPU Logical cores :16
# Host memory       :34065 MB
# Swap memory       :12348 MB
# Total Virtual     :46413 MB
# Available Virtual :34325 MB
#-----------------------------------------------------------
start_gui
Sourcing tcl script 'C:/Users/rbocos/AppData/Roaming/Xilinx/Vivado/Vivado_init.tcl'
Set Board Part RepoPath: C:/Users/rbocos/Downloads/vivado-boards/new
WARNING: [Board 49-26] cannot add Board Part xilinx.com:vek280_es:part0:1.0 available at D:/Xilinx/Vivado/2024.1/data/xhub/boards/XilinxBoardStore/boards/Xilinx/vek280/es/rev_a/1.0/board.xml as part xcve2802-vsvh1760-2lp-e-s-es1 specified in board_part file is either invalid or not available
WARNING: [Board 49-26] cannot add Board Part xilinx.com:vek280_es:part0:1.1 available at D:/Xilinx/Vivado/2024.1/data/xhub/boards/XilinxBoardStore/boards/Xilinx/vek280/es/rev_a/1.1/board.xml as part xcve2802-vsvh1760-2lp-e-s-es1 specified in board_part file is either invalid or not available
WARNING: [Board 49-26] cannot add Board Part xilinx.com:vek280_es_revb:part0:1.0 available at D:/Xilinx/Vivado/2024.1/data/xhub/boards/XilinxBoardStore/boards/Xilinx/vek280/es/rev_b/1.0/board.xml as part xcve2802-vsvh1760-2mp-e-s-es1 specified in board_part file is either invalid or not available
WARNING: [Board 49-26] cannot add Board Part xilinx.com:vek280_es_revb:part0:1.1 available at D:/Xilinx/Vivado/2024.1/data/xhub/boards/XilinxBoardStore/boards/Xilinx/vek280/es/rev_b/1.1/board.xml as part xcve2802-vsvh1760-2mp-e-s-es1 specified in board_part file is either invalid or not available
WARNING: [Board 49-26] cannot add Board Part xilinx.com:vhk158_es:part0:1.0 available at D:/Xilinx/Vivado/2024.1/data/xhub/boards/XilinxBoardStore/boards/Xilinx/vhk158/es/1.0/board.xml as part xcvh1582-vsva3697-2mp-e-s-es1 specified in board_part file is either invalid or not available
WARNING: [Board 49-26] cannot add Board Part xilinx.com:vhk158_es:part0:1.1 available at D:/Xilinx/Vivado/2024.1/data/xhub/boards/XilinxBoardStore/boards/Xilinx/vhk158/es/1.1/board.xml as part xcvh1582-vsva3697-2mp-e-s-es1 specified in board_part file is either invalid or not available
WARNING: [Board 49-26] cannot add Board Part xilinx.com:zcu208ld:part0:2.0 available at D:/Xilinx/Vivado/2024.1/data/xhub/boards/XilinxBoardStore/boards/Xilinx/zcu208ld/production/2.0/board.xml as part xczu58dr-fsvg1517-2-i specified in board_part file is either invalid or not available
WARNING: [Board 49-26] cannot add Board Part xilinx.com:zcu216ld:part0:2.0 available at D:/Xilinx/Vivado/2024.1/data/xhub/boards/XilinxBoardStore/boards/Xilinx/zcu216ld/production/2.0/board.xml as part xczu59dr-ffvf1760-2-i specified in board_part file is either invalid or not available
WARNING: [Board 49-26] cannot add Board Part xilinx.com:zcu670ld:part0:1.0 available at D:/Xilinx/Vivado/2024.1/data/xhub/boards/XilinxBoardStore/boards/Xilinx/zcu670ld/1.0/board.xml as part xczu57dr-fsve1156-2-i specified in board_part file is either invalid or not available
open_project D:/Zybo-Z7-HW/proj/Zybo-Z7-HW.xpr
WARNING: [filemgmt 56-3] IP Output Repository Path: Could not find the directory 'D:/Zybo-Z7-HW/proj/cache'.
Scanning sources...
Finished scanning sources
INFO: [IP_Flow 19-234] Refreshing IP repositories
INFO: [IP_Flow 19-1700] Loaded user IP repository 'd:/Zybo-Z7-HW/repo'.
INFO: [IP_Flow 19-2313] Loaded Vivado IP repository 'D:/Xilinx/Vivado/2024.1/data/ip'.
WARNING: [BD 41-1661] One or more IPs have been locked in the design 'design_1.bd'. Please run report_ip_status for more details and recommendations on how to fix this issue.
List of locked IPs:
design_1_v_tc_out_0
design_1_axi_dynclk_0_0
design_1_auto_pc_0
design_1_dvi2rgb_0_0
design_1_proc_sys_reset_0_0
design_1_xlconcat_0_0
design_1_proc_sys_reset_fclk0_0
design_1_proc_sys_reset_fclk1_0
design_1_axi_gpio_video_0
design_1_xbar_0
design_1_axis_subset_converter_in_0
design_1_axi_interconnect_gp0_0
design_1_v_axi4s_vid_out_0_0
design_1_xbar_1
design_1_s00_regslice_0
design_1_s01_regslice_0
design_1_m00_regslice_0
design_1_auto_pc_1
design_1_axi_interconnect_hp0_0
design_1_axi_vdma_0_0
design_1_axis_subset_converter_out_0
design_1_subset_converter_reset_0
design_1_v_tc_in_0
design_1_v_vid_in_axi4s_0_0

INFO: [Project 1-230] Project 'Zybo-Z7-HW.xpr' upgraded for this version of Vivado.
open_project: Time (s): cpu = 00:00:09 ; elapsed = 00:00:06 . Memory (MB): peak = 1624.379 ; gain = 182.773
update_compile_order -fileset sources_1
report_ip_status -name ip_status 
upgrade_ip [get_ips  {design_1_v_tc_out_0 design_1_axi_gpio_video_0 design_1_xlconcat_0_0 design_1_axi_vdma_0_0 design_1_subset_converter_reset_0 design_1_proc_sys_reset_0_0 design_1_axis_subset_converter_out_0 design_1_v_tc_in_0 design_1_dvi2rgb_0_0 design_1_axi_interconnect_gp0_0 design_1_axi_interconnect_hp0_0 design_1_v_vid_in_axi4s_0_0 design_1_v_axi4s_vid_out_0_0 design_1_axis_subset_converter_in_0 design_1_proc_sys_reset_fclk1_0 design_1_proc_sys_reset_fclk0_0 design_1_axi_dynclk_0_0}] -log ip_upgrade.log
Reading block design file <D:/Zybo-Z7-HW/proj/Zybo-Z7-HW.srcs/sources_1/bd/design_1/design_1.bd>...
Adding component instance block -- digilentinc.com:ip:axi_dynclk:1.1 - axi_dynclk_0
Adding component instance block -- digilentinc.com:ip:dvi2rgb:2.0 - dvi2rgb_0
Adding component instance block -- xilinx.com:ip:proc_sys_reset:5.0 - proc_sys_reset_0
Adding component instance block -- xilinx.com:ip:proc_sys_reset:5.0 - proc_sys_reset_fclk0
Adding component instance block -- xilinx.com:ip:proc_sys_reset:5.0 - proc_sys_reset_fclk1
Adding component instance block -- xilinx.com:ip:processing_system7:5.5 - processing_system7_0
Adding component instance block -- digilentinc.com:ip:rgb2dvi:1.4 - rgb2dvi_1
Adding component instance block -- xilinx.com:ip:xlconcat:2.1 - xlconcat_0
Adding component instance block -- xilinx.com:ip:axi_gpio:2.0 - axi_gpio_video
Adding component instance block -- xilinx.com:ip:axi_interconnect:2.1 - axi_interconnect_gp0
Adding component instance block -- xilinx.com:ip:axi_crossbar:2.1 - xbar
Adding component instance block -- xilinx.com:ip:axi_protocol_converter:2.1 - auto_pc
Adding component instance block -- xilinx.com:ip:axi_interconnect:2.1 - axi_interconnect_hp0
Adding component instance block -- xilinx.com:ip:axi_crossbar:2.1 - xbar
Adding component instance block -- xilinx.com:ip:axi_register_slice:2.1 - s00_regslice
Adding component instance block -- xilinx.com:ip:axi_register_slice:2.1 - s01_regslice
Adding component instance block -- xilinx.com:ip:axi_register_slice:2.1 - m00_regslice
Adding component instance block -- xilinx.com:ip:axi_protocol_converter:2.1 - auto_pc
Adding component instance block -- xilinx.com:ip:axi_vdma:6.3 - axi_vdma_0
Adding component instance block -- xilinx.com:ip:axis_subset_converter:1.1 - axis_subset_converter_in
Adding component instance block -- xilinx.com:ip:axis_subset_converter:1.1 - axis_subset_converter_out
Adding component instance block -- xilinx.com:ip:xlconstant:1.1 - subset_converter_reset
Adding component instance block -- xilinx.com:ip:v_axi4s_vid_out:4.0 - v_axi4s_vid_out_0
Adding component instance block -- xilinx.com:ip:v_tc:6.2 - v_tc_in
Adding component instance block -- xilinx.com:ip:v_tc:6.2 - v_tc_out
Adding component instance block -- xilinx.com:ip:v_vid_in_axi4s:5.0 - v_vid_in_axi4s_0
Successfully read diagram <design_1> from block design file <D:/Zybo-Z7-HW/proj/Zybo-Z7-HW.srcs/sources_1/bd/design_1/design_1.bd>
Upgrading 'D:/Zybo-Z7-HW/proj/Zybo-Z7-HW.srcs/sources_1/bd/design_1/design_1.bd'
INFO: [IP_Flow 19-1972] Upgraded design_1_axi_dynclk_0_0 from Dynamic Clock Generator 1.1 to Dynamic Clock Generator 1.2
INFO: [IP_Flow 19-3422] Upgraded design_1_axi_gpio_video_0 (AXI GPIO 2.0) from revision 30 to revision 33
INFO: [IP_Flow 19-3422] Upgraded design_1_axi_interconnect_gp0_0 (AXI Interconnect 2.1) from revision 29 to revision 32
INFO: [IP_Flow 19-3422] Upgraded design_1_axi_interconnect_hp0_0 (AXI Interconnect 2.1) from revision 29 to revision 32
INFO: [IP_Flow 19-3422] Upgraded design_1_axi_vdma_0_0 (AXI Video Direct Memory Access 6.3) from revision 16 to revision 19
INFO: [IP_Flow 19-3422] Upgraded design_1_axis_subset_converter_in_0 (AXI4-Stream Subset Converter 1.1) from revision 28 to revision 31
INFO: [IP_Flow 19-3422] Upgraded design_1_axis_subset_converter_out_0 (AXI4-Stream Subset Converter 1.1) from revision 28 to revision 31
INFO: [IP_Flow 19-3422] Upgraded design_1_dvi2rgb_0_0 (DVI to RGB Video Decoder (Sink) 2.0) from revision 5 to revision 8
INFO: [Ipptcl 7-1463] No Compatible Board Interface found. Board Tab not created in customize GUI
INFO: [IP_Flow 19-3422] Upgraded design_1_proc_sys_reset_0_0 (Processor System Reset 5.0) from revision 13 to revision 15
INFO: [Ipptcl 7-1463] No Compatible Board Interface found. Board Tab not created in customize GUI
INFO: [IP_Flow 19-3422] Upgraded design_1_proc_sys_reset_fclk0_0 (Processor System Reset 5.0) from revision 13 to revision 15
INFO: [Ipptcl 7-1463] No Compatible Board Interface found. Board Tab not created in customize GUI
INFO: [IP_Flow 19-3422] Upgraded design_1_proc_sys_reset_fclk1_0 (Processor System Reset 5.0) from revision 13 to revision 15
INFO: [IP_Flow 19-3422] Upgraded design_1_subset_converter_reset_0 (Constant 1.1) from revision 7 to revision 9
INFO: [IP_Flow 19-3422] Upgraded design_1_v_axi4s_vid_out_0_0 (AXI4-Stream to Video Out 4.0) from revision 16 to revision 18
INFO: [IP_Flow 19-3422] Upgraded design_1_v_tc_in_0 (Video Timing Controller 6.2) from revision 6 to revision 8
INFO: [IP_Flow 19-3422] Upgraded design_1_v_tc_out_0 (Video Timing Controller 6.2) from revision 6 to revision 8
INFO: [IP_Flow 19-3422] Upgraded design_1_v_vid_in_axi4s_0_0 (Video In to AXI4-Stream 5.0) from revision 2 to revision 4
INFO: [IP_Flow 19-3422] Upgraded design_1_xlconcat_0_0 (Concat 2.1) from revision 4 to revision 6
Wrote  : <D:\Zybo-Z7-HW\proj\Zybo-Z7-HW.srcs\sources_1\bd\design_1\design_1.bd> 
Wrote  : <D:/Zybo-Z7-HW/proj/Zybo-Z7-HW.srcs/sources_1/bd/design_1/ui/bd_1f5defd0.ui> 
INFO: [Coretcl 2-1525] Wrote upgrade log to 'D:/Zybo-Z7-HW/proj/ip_upgrade.log'.
upgrade_ip: Time (s): cpu = 00:00:10 ; elapsed = 00:00:09 . Memory (MB): peak = 1827.473 ; gain = 170.629
export_ip_user_files -of_objects [get_ips {design_1_v_tc_out_0 design_1_axi_gpio_video_0 design_1_xlconcat_0_0 design_1_axi_vdma_0_0 design_1_subset_converter_reset_0 design_1_proc_sys_reset_0_0 design_1_axis_subset_converter_out_0 design_1_v_tc_in_0 design_1_dvi2rgb_0_0 design_1_axi_interconnect_gp0_0 design_1_axi_interconnect_hp0_0 design_1_v_vid_in_axi4s_0_0 design_1_v_axi4s_vid_out_0_0 design_1_axis_subset_converter_in_0 design_1_proc_sys_reset_fclk1_0 design_1_proc_sys_reset_fclk0_0 design_1_axi_dynclk_0_0}] -no_script -sync -force -quiet
regenerate_bd_layout
regenerate_bd_layout
report_ip_status -name ip_status 
set_property flow {Vivado Synthesis 2024} [get_runs synth_1]
set_property flow {Vivado Implementation 2024} [get_runs impl_1]
validate_bd_design
INFO: [digilentinc.com:ip:axi_dynclk:1.2-17] /axi_dynclk_0FREQ_HZ of 100000000 propagated into CONFIG.kRefClkFreqHz
save_bd_design
Wrote  : <D:\Zybo-Z7-HW\proj\Zybo-Z7-HW.srcs\sources_1\bd\design_1\design_1.bd> 
Wrote  : <D:/Zybo-Z7-HW/proj/Zybo-Z7-HW.srcs/sources_1/bd/design_1/ui/bd_1f5defd0.ui> 
launch_runs impl_1 -to_step write_bitstream -jobs 16
INFO: [BD 41-1662] The design 'design_1.bd' is already validated. Therefore parameter propagation will not be re-run.
WARNING: [BD 41-2384] Width mismatch when connecting pin: '/axi_interconnect_hp0/m00_couplers/m00_regslice/m_axi_bid'(1) to pin: '/axi_interconnect_hp0/m00_couplers/M_AXI_bid'(6) - Only lower order bits will be connected.
WARNING: [BD 41-2384] Width mismatch when connecting pin: '/axi_interconnect_hp0/m00_couplers/m00_regslice/m_axi_rid'(1) to pin: '/axi_interconnect_hp0/m00_couplers/M_AXI_rid'(6) - Only lower order bits will be connected.
WARNING: [BD 41-2384] Width mismatch when connecting pin: '/processing_system7_0/S_AXI_HP0_WID'(6) to pin: '/axi_interconnect_hp0/M00_AXI_wid'(1) - Only lower order bits will be connected.
WARNING: [BD 41-2384] Width mismatch when connecting pin: '/processing_system7_0/S_AXI_HP0_ARID'(6) to pin: '/axi_interconnect_hp0/M00_AXI_arid'(1) - Only lower order bits will be connected.
WARNING: [BD 41-2384] Width mismatch when connecting pin: '/processing_system7_0/S_AXI_HP0_AWID'(6) to pin: '/axi_interconnect_hp0/M00_AXI_awid'(1) - Only lower order bits will be connected.
Verilog Output written to : d:/Zybo-Z7-HW/proj/Zybo-Z7-HW.gen/sources_1/bd/design_1/synth/design_1.v
WARNING: [BD 41-2384] Width mismatch when connecting pin: '/axi_interconnect_hp0/m00_couplers/m00_regslice/m_axi_bid'(1) to pin: '/axi_interconnect_hp0/m00_couplers/M_AXI_bid'(6) - Only lower order bits will be connected.
WARNING: [BD 41-2384] Width mismatch when connecting pin: '/axi_interconnect_hp0/m00_couplers/m00_regslice/m_axi_rid'(1) to pin: '/axi_interconnect_hp0/m00_couplers/M_AXI_rid'(6) - Only lower order bits will be connected.
WARNING: [BD 41-2384] Width mismatch when connecting pin: '/processing_system7_0/S_AXI_HP0_WID'(6) to pin: '/axi_interconnect_hp0/M00_AXI_wid'(1) - Only lower order bits will be connected.
WARNING: [BD 41-2384] Width mismatch when connecting pin: '/processing_system7_0/S_AXI_HP0_ARID'(6) to pin: '/axi_interconnect_hp0/M00_AXI_arid'(1) - Only lower order bits will be connected.
WARNING: [BD 41-2384] Width mismatch when connecting pin: '/processing_system7_0/S_AXI_HP0_AWID'(6) to pin: '/axi_interconnect_hp0/M00_AXI_awid'(1) - Only lower order bits will be connected.
Verilog Output written to : d:/Zybo-Z7-HW/proj/Zybo-Z7-HW.gen/sources_1/bd/design_1/sim/design_1.v
Verilog Output written to : d:/Zybo-Z7-HW/proj/Zybo-Z7-HW.gen/sources_1/bd/design_1/hdl/design_1_wrapper.v
INFO: [BD 41-1029] Generation completed for the IP Integrator block axi_dynclk_0 .
CRITICAL WARNING: [IP_Flow 19-4965] IP ila_pixclk was packaged with board value 'digilentinc.com:zybo-z7-10:part0:1.0'. Current project's board value is 'digilentinc.com:zybo-z7-10:part0:1.1'. Please update the project settings to match the packaged IP.
INFO: [IP_Flow 19-3422] Upgraded ila_pixclk (ILA (Integrated Logic Analyzer) 6.2) from revision 11 to revision 15
CRITICAL WARNING: [IP_Flow 19-4965] IP ila_refclk was packaged with board value 'digilentinc.com:zybo-z7-10:part0:1.0'. Current project's board value is 'digilentinc.com:zybo-z7-10:part0:1.1'. Please update the project settings to match the packaged IP.
INFO: [IP_Flow 19-3422] Upgraded ila_refclk (ILA (Integrated Logic Analyzer) 6.2) from revision 11 to revision 15
INFO: [BD 41-1029] Generation completed for the IP Integrator block dvi2rgb_0 .
INFO: [BD 41-1029] Generation completed for the IP Integrator block proc_sys_reset_0 .
INFO: [BD 41-1029] Generation completed for the IP Integrator block proc_sys_reset_fclk0 .
INFO: [BD 41-1029] Generation completed for the IP Integrator block proc_sys_reset_fclk1 .
INFO: [IP_Flow 19-5611] Unable to find an associated reset port for the interface 'M_AXI_GP0'. A default connection has been created.
INFO: [IP_Flow 19-5611] Unable to find an associated reset port for the interface 'S_AXI_HP0'. A default connection has been created.
INFO: [BD 41-1029] Generation completed for the IP Integrator block processing_system7_0 .
INFO: [BD 41-1029] Generation completed for the IP Integrator block rgb2dvi_1 .
INFO: [BD 41-1029] Generation completed for the IP Integrator block xlconcat_0 .
INFO: [BD 41-1029] Generation completed for the IP Integrator block axi_gpio_video .
WARNING: [IP_Flow 19-4994] Overwriting existing constraint file 'd:/Zybo-Z7-HW/proj/Zybo-Z7-HW.gen/sources_1/bd/design_1/ip/design_1_axi_vdma_0_0/design_1_axi_vdma_0_0_ooc.xdc'
INFO: [BD 41-1029] Generation completed for the IP Integrator block axi_vdma_0 .
WARNING: [IP_Flow 19-4994] Overwriting existing constraint file 'd:/Zybo-Z7-HW/proj/Zybo-Z7-HW.gen/sources_1/bd/design_1/ip/design_1_axis_subset_converter_in_0/design_1_axis_subset_converter_in_0_ooc.xdc'
INFO: [BD 41-1029] Generation completed for the IP Integrator block axis_subset_converter_in .
WARNING: [IP_Flow 19-4994] Overwriting existing constraint file 'd:/Zybo-Z7-HW/proj/Zybo-Z7-HW.gen/sources_1/bd/design_1/ip/design_1_axis_subset_converter_out_0/design_1_axis_subset_converter_out_0_ooc.xdc'
INFO: [BD 41-1029] Generation completed for the IP Integrator block axis_subset_converter_out .
INFO: [BD 41-1029] Generation completed for the IP Integrator block subset_converter_reset .
INFO: [BD 41-1029] Generation completed for the IP Integrator block v_axi4s_vid_out_0 .
INFO: [BD 41-1029] Generation completed for the IP Integrator block v_tc_in .
INFO: [BD 41-1029] Generation completed for the IP Integrator block v_tc_out .
INFO: [BD 41-1029] Generation completed for the IP Integrator block v_vid_in_axi4s_0 .
INFO: [BD 41-1029] Generation completed for the IP Integrator block axi_interconnect_gp0/xbar .
INFO: [BD 41-1029] Generation completed for the IP Integrator block axi_interconnect_hp0/xbar .
WARNING: [IP_Flow 19-4994] Overwriting existing constraint file 'd:/Zybo-Z7-HW/proj/Zybo-Z7-HW.gen/sources_1/bd/design_1/ip/design_1_auto_pc_0/design_1_auto_pc_0_ooc.xdc'
INFO: [BD 41-1029] Generation completed for the IP Integrator block axi_interconnect_gp0/s00_couplers/auto_pc .
INFO: [BD 41-1029] Generation completed for the IP Integrator block axi_interconnect_hp0/s00_couplers/s00_regslice .
INFO: [BD 41-1029] Generation completed for the IP Integrator block axi_interconnect_hp0/s01_couplers/s01_regslice .
INFO: [BD 41-1029] Generation completed for the IP Integrator block axi_interconnect_hp0/m00_couplers/m00_regslice .
WARNING: [IP_Flow 19-4994] Overwriting existing constraint file 'd:/Zybo-Z7-HW/proj/Zybo-Z7-HW.gen/sources_1/bd/design_1/ip/design_1_auto_pc_1/design_1_auto_pc_1_ooc.xdc'
INFO: [BD 41-1029] Generation completed for the IP Integrator block axi_interconnect_hp0/m00_couplers/auto_pc .
Exporting to file d:/Zybo-Z7-HW/proj/Zybo-Z7-HW.gen/sources_1/bd/design_1/hw_handoff/design_1.hwh
Generated Hardware Definition File d:/Zybo-Z7-HW/proj/Zybo-Z7-HW.gen/sources_1/bd/design_1/synth/design_1.hwdef
INFO: [IP_Flow 19-6930] IPCACHE: runCacheChecks() number of threads = 8
INFO: [IP_Flow 19-6921] IPCACHE: Adding cache check func to thread queue for IP design_1_auto_pc_0
INFO: [IP_Flow 19-6921] IPCACHE: Adding cache check func to thread queue for IP design_1_auto_pc_1
INFO: [IP_Flow 19-6921] IPCACHE: Adding cache check func to thread queue for IP design_1_axi_dynclk_0_0
INFO: [IP_Flow 19-6921] IPCACHE: Adding cache check func to thread queue for IP design_1_axi_gpio_video_0
INFO: [IP_Flow 19-6921] IPCACHE: Adding cache check func to thread queue for IP design_1_axi_vdma_0_0
INFO: [IP_Flow 19-6921] IPCACHE: Adding cache check func to thread queue for IP design_1_axis_subset_converter_in_0
INFO: [IP_Flow 19-6921] IPCACHE: Adding cache check func to thread queue for IP design_1_axis_subset_converter_out_0
INFO: [IP_Flow 19-6921] IPCACHE: Adding cache check func to thread queue for IP design_1_dvi2rgb_0_0
INFO: [IP_Flow 19-6921] IPCACHE: Adding cache check func to thread queue for IP design_1_m00_regslice_0
INFO: [IP_Flow 19-6921] IPCACHE: Adding cache check func to thread queue for IP design_1_proc_sys_reset_0_0
INFO: [IP_Flow 19-6921] IPCACHE: Adding cache check func to thread queue for IP design_1_proc_sys_reset_fclk0_0
INFO: [IP_Flow 19-6921] IPCACHE: Adding cache check func to thread queue for IP design_1_proc_sys_reset_fclk1_0
INFO: [IP_Flow 19-6921] IPCACHE: Adding cache check func to thread queue for IP design_1_rgb2dvi_1_0
INFO: [IP_Flow 19-6921] IPCACHE: Adding cache check func to thread queue for IP design_1_s00_regslice_0
INFO: [IP_Flow 19-6921] IPCACHE: Adding cache check func to thread queue for IP design_1_s01_regslice_0
INFO: [IP_Flow 19-6921] IPCACHE: Adding cache check func to thread queue for IP design_1_v_axi4s_vid_out_0_0
INFO: [IP_Flow 19-6921] IPCACHE: Adding cache check func to thread queue for IP design_1_v_tc_in_0
INFO: [IP_Flow 19-6921] IPCACHE: Adding cache check func to thread queue for IP design_1_v_tc_out_0
INFO: [IP_Flow 19-6921] IPCACHE: Adding cache check func to thread queue for IP design_1_v_vid_in_axi4s_0_0
INFO: [IP_Flow 19-6921] IPCACHE: Adding cache check func to thread queue for IP design_1_xbar_2
INFO: [IP_Flow 19-6921] IPCACHE: Adding cache check func to thread queue for IP design_1_xbar_3
INFO: [IP_Flow 19-8020] IPCACHE: runCacheChecks() calling threadPool finishWork()
INFO: [IP_Flow 19-6924] IPCACHE: Running cache check for IP inst: design_1_auto_pc_0
INFO: [IP_Flow 19-6924] IPCACHE: Running cache check for IP inst: design_1_auto_pc_1
INFO: [IP_Flow 19-6924] IPCACHE: Running cache check for IP inst: design_1_axi_dynclk_0_0
INFO: [IP_Flow 19-6924] IPCACHE: Running cache check for IP inst: design_1_axis_subset_converter_in_0
INFO: [IP_Flow 19-6924] IPCACHE: Running cache check for IP inst: design_1_axi_gpio_video_0
INFO: [IP_Flow 19-6924] IPCACHE: Running cache check for IP inst: design_1_axi_vdma_0_0
INFO: [IP_Flow 19-6924] IPCACHE: Running cache check for IP inst: design_1_axis_subset_converter_out_0
INFO: [IP_Flow 19-6924] IPCACHE: Running cache check for IP inst: design_1_dvi2rgb_0_0
INFO: [IP_Flow 19-6924] IPCACHE: Running cache check for IP inst: design_1_proc_sys_reset_fclk0_0
INFO: [IP_Flow 19-6924] IPCACHE: Running cache check for IP inst: design_1_proc_sys_reset_fclk1_0
INFO: [IP_Flow 19-6924] IPCACHE: Running cache check for IP inst: design_1_rgb2dvi_1_0
INFO: [IP_Flow 19-6924] IPCACHE: Running cache check for IP inst: design_1_s00_regslice_0
INFO: [IP_Flow 19-6924] IPCACHE: Running cache check for IP inst: design_1_s01_regslice_0
INFO: [IP_Flow 19-6924] IPCACHE: Running cache check for IP inst: design_1_v_axi4s_vid_out_0_0
INFO: [IP_Flow 19-6924] IPCACHE: Running cache check for IP inst: design_1_v_tc_in_0
INFO: [IP_Flow 19-6924] IPCACHE: Running cache check for IP inst: design_1_v_tc_out_0
INFO: [IP_Flow 19-6924] IPCACHE: Running cache check for IP inst: design_1_v_vid_in_axi4s_0_0
INFO: [IP_Flow 19-6924] IPCACHE: Running cache check for IP inst: design_1_xbar_2
INFO: [IP_Flow 19-6924] IPCACHE: Running cache check for IP inst: design_1_xbar_3
INFO: [IP_Flow 19-6924] IPCACHE: Running cache check for IP inst: design_1_m00_regslice_0
INFO: [IP_Flow 19-6924] IPCACHE: Running cache check for IP inst: design_1_proc_sys_reset_0_0
[Thu Jul  4 12:24:27 2024] Launched design_1_proc_sys_reset_fclk1_0_synth_1, design_1_xbar_2_synth_1, design_1_axi_vdma_0_0_synth_1, design_1_axis_subset_converter_in_0_synth_1, design_1_axis_subset_converter_out_0_synth_1, design_1_axi_gpio_video_0_synth_1, design_1_rgb2dvi_1_0_synth_1, design_1_processing_system7_0_0_synth_1, design_1_proc_sys_reset_fclk0_0_synth_1, design_1_dvi2rgb_0_0_synth_1, design_1_xbar_3_synth_1, design_1_axi_dynclk_0_0_synth_1, design_1_proc_sys_reset_0_0_synth_1, design_1_v_tc_out_0_synth_1, design_1_v_axi4s_vid_out_0_0_synth_1, design_1_v_tc_in_0_synth_1, design_1_v_vid_in_axi4s_0_0_synth_1, design_1_auto_pc_1_synth_1, design_1_m00_regslice_0_synth_1, design_1_s01_regslice_0_synth_1, design_1_s00_regslice_0_synth_1, design_1_auto_pc_0_synth_1, synth_1...
Run output will be captured here:
design_1_proc_sys_reset_fclk1_0_synth_1: D:/Zybo-Z7-HW/proj/Zybo-Z7-HW.runs/design_1_proc_sys_reset_fclk1_0_synth_1/runme.log
design_1_xbar_2_synth_1: D:/Zybo-Z7-HW/proj/Zybo-Z7-HW.runs/design_1_xbar_2_synth_1/runme.log
design_1_axi_vdma_0_0_synth_1: D:/Zybo-Z7-HW/proj/Zybo-Z7-HW.runs/design_1_axi_vdma_0_0_synth_1/runme.log
design_1_axis_subset_converter_in_0_synth_1: D:/Zybo-Z7-HW/proj/Zybo-Z7-HW.runs/design_1_axis_subset_converter_in_0_synth_1/runme.log
design_1_axis_subset_converter_out_0_synth_1: D:/Zybo-Z7-HW/proj/Zybo-Z7-HW.runs/design_1_axis_subset_converter_out_0_synth_1/runme.log
design_1_axi_gpio_video_0_synth_1: D:/Zybo-Z7-HW/proj/Zybo-Z7-HW.runs/design_1_axi_gpio_video_0_synth_1/runme.log
design_1_rgb2dvi_1_0_synth_1: D:/Zybo-Z7-HW/proj/Zybo-Z7-HW.runs/design_1_rgb2dvi_1_0_synth_1/runme.log
design_1_processing_system7_0_0_synth_1: D:/Zybo-Z7-HW/proj/Zybo-Z7-HW.runs/design_1_processing_system7_0_0_synth_1/runme.log
design_1_proc_sys_reset_fclk0_0_synth_1: D:/Zybo-Z7-HW/proj/Zybo-Z7-HW.runs/design_1_proc_sys_reset_fclk0_0_synth_1/runme.log
design_1_dvi2rgb_0_0_synth_1: D:/Zybo-Z7-HW/proj/Zybo-Z7-HW.runs/design_1_dvi2rgb_0_0_synth_1/runme.log
design_1_xbar_3_synth_1: D:/Zybo-Z7-HW/proj/Zybo-Z7-HW.runs/design_1_xbar_3_synth_1/runme.log
design_1_axi_dynclk_0_0_synth_1: D:/Zybo-Z7-HW/proj/Zybo-Z7-HW.runs/design_1_axi_dynclk_0_0_synth_1/runme.log
design_1_proc_sys_reset_0_0_synth_1: D:/Zybo-Z7-HW/proj/Zybo-Z7-HW.runs/design_1_proc_sys_reset_0_0_synth_1/runme.log
design_1_v_tc_out_0_synth_1: D:/Zybo-Z7-HW/proj/Zybo-Z7-HW.runs/design_1_v_tc_out_0_synth_1/runme.log
design_1_v_axi4s_vid_out_0_0_synth_1: D:/Zybo-Z7-HW/proj/Zybo-Z7-HW.runs/design_1_v_axi4s_vid_out_0_0_synth_1/runme.log
design_1_v_tc_in_0_synth_1: D:/Zybo-Z7-HW/proj/Zybo-Z7-HW.runs/design_1_v_tc_in_0_synth_1/runme.log
design_1_v_vid_in_axi4s_0_0_synth_1: D:/Zybo-Z7-HW/proj/Zybo-Z7-HW.runs/design_1_v_vid_in_axi4s_0_0_synth_1/runme.log
design_1_auto_pc_1_synth_1: D:/Zybo-Z7-HW/proj/Zybo-Z7-HW.runs/design_1_auto_pc_1_synth_1/runme.log
design_1_m00_regslice_0_synth_1: D:/Zybo-Z7-HW/proj/Zybo-Z7-HW.runs/design_1_m00_regslice_0_synth_1/runme.log
design_1_s01_regslice_0_synth_1: D:/Zybo-Z7-HW/proj/Zybo-Z7-HW.runs/design_1_s01_regslice_0_synth_1/runme.log
design_1_s00_regslice_0_synth_1: D:/Zybo-Z7-HW/proj/Zybo-Z7-HW.runs/design_1_s00_regslice_0_synth_1/runme.log
design_1_auto_pc_0_synth_1: D:/Zybo-Z7-HW/proj/Zybo-Z7-HW.runs/design_1_auto_pc_0_synth_1/runme.log
synth_1: D:/Zybo-Z7-HW/proj/Zybo-Z7-HW.runs/synth_1/runme.log
[Thu Jul  4 12:24:28 2024] Launched impl_1...
Run output will be captured here: D:/Zybo-Z7-HW/proj/Zybo-Z7-HW.runs/impl_1/runme.log
launch_runs: Time (s): cpu = 00:00:35 ; elapsed = 00:00:37 . Memory (MB): peak = 2366.535 ; gain = 447.613
write_hw_platform -fixed -include_bit -force -file D:/Zybo-Z7-HW/hw_handoff/design_1_wrapper.xsa
INFO: [Project 1-1918] Creating Hardware Platform: D:/Zybo-Z7-HW/hw_handoff/design_1_wrapper.xsa ...
WARNING: [Project 1-645] Board images not set in Hardware Platform.
INFO: [Project 1-1943] The Hardware Platform can be used for Hardware
INFO: [Project 1-1941] Successfully created Hardware Platform: D:/Zybo-Z7-HW/hw_handoff/design_1_wrapper.xsa
INFO: [Hsi 55-2053] elapsed time for repository (D:/Xilinx/Vivado/2024.1/data/embeddedsw) loading 1 seconds
source D:/Zybo-Z7-HW/scripts/checkin.tcl
# set script_dir [file normalize [file dirname [info script]]]
# foreach arg $argv {
#     puts $arg
# }
# set idx [lsearch ${argv} "-r"]
# if {${idx} != -1} {
#     set repo_path [glob -nocomplain [file normalize [lindex ${argv} [expr {${idx}+1}]]]]
# } else {
#     # Default
#     set repo_path [file normalize [file join [file dirname [info script]] ..]]
# }
# set idx [lsearch ${argv} "-x"]
# if {${idx} != -1} {
#     set xpr_path [glob -nocomplain [file normalize [lindex ${argv} [expr {${idx}+1}]]]]
# } else {
#     # Default
#     set xpr_path [glob -nocomplain "${repo_path}/proj/*.xpr"]
# }
# if {[llength ${xpr_path}] != 1} {
#     puts "ERROR: XPR not found"
# } else {
#     set xpr_path [lindex ${xpr_path} 0]
# }
# set idx [lsearch ${argv} "-v"]
# if {${idx} != -1} {
#     set vivado_version [lindex ${argv}]
# } else {
#     set vivado_version [version -short]
# }
# set vivado_version [lindex $argv 2]
# set force_overwrite_info_script 0
# set proj_file [file tail $xpr_path]
# set proj_dir [file dirname $xpr_path]
# set proj_name [file rootname [file tail $proj_file]]
# puts "INFO: Checking project \"$proj_file\" into version control."
INFO: Checking project "Zybo-Z7-HW.xpr" into version control.
# set already_opened [get_projects -filter "DIRECTORY==$proj_dir && NAME==$proj_name"]
# if {[llength $already_opened] == 0} {
#     open_project $xpr_path
# } else {
#     current_project [lindex $already_opened 0]
# }
# set required_dirs [list                 \
#     $repo_path/proj                     \
#     $repo_path/hw_handoff               \
#     $repo_path/src                      \
#     $repo_path/src/bd                   \
#     $repo_path/src/constraints          \
#     $repo_path/src/ip                   \
#     $repo_path/src/hdl                  \
#     $repo_path/src/other                \
#     $repo_path/repo                     \
#     $repo_path/repo/local               \
# ]
# set required_files [list                \
#     $repo_path/proj/.keep               \
#     $repo_path/hw_handoff/.keep         \
#     $repo_path/src/bd/.keep             \
#     $repo_path/src/constraints/.keep    \
#     $repo_path/src/ip/.keep             \
#     $repo_path/src/hdl/.keep            \
#     $repo_path/src/other/.keep          \
#     $repo_path/repo/local/.keep         \
# ]
# set files [list]
# foreach d $required_dirs {
#     if {[file exists $d] == 0} {
#         file mkdir $d
#     }
# }
# foreach f $required_files {
#     if {[file exists $f] == 0} {
#         close [open $f "w"]
#     }
# }
# set bd_files [get_files -filter "NAME=~*.bd && NAME!~*/bd/*/ip/*"]
# if {[llength $bd_files] > 1} {
#     puts "ERROR: This script cannot handle projects containing more than one block design!"
# } elseif {[llength $bd_files] == 1} {
#     set bd_file [lindex $bd_files 0]
#     open_bd_design $bd_file
#     set bd_name [file tail [file rootname [get_property NAME $bd_file]]]
#     set script_name "$repo_path/src/bd/${bd_name}.tcl"
#     puts "INFO: Checking in ${script_name} to version control."
#     write_bd_tcl -force -no_ip_version -make_local $script_name
#     # TODO: Add support for "Add Module" IPI features (check in hdl files included in sources_1, but not any ip fileset)
# } else {
#     foreach source_file [get_files -of_objects [get_filesets sources_1]] {
#         set origin [get_property name $source_file]
#         set skip 0
#         if {[file extension $origin] == ".vhd"} {
#             set subdir hdl
#         } elseif {[file extension $origin] == ".v"} {
#             set subdir hdl
#         } elseif {[file extension $origin] == ".sv"} {
#             set subdir hdl
#         } elseif {[file extension $origin] != ".bd" && [file extension $origin] != ".xci"} {
#             set subdir other
#         } else {
#             set skip 1
#         }
#         
#         foreach ip [get_ips] {
#             set ip_dir [get_property IP_DIR $ip]
#             set source_length [string length $source_file]
#             set dir_length [string length $ip_dir]
#             if {$source_length >= $dir_length && [string range $source_file 0 $dir_length-1] == $ip_dir} {
#                 set skip 1
#             }
#         }
#         
#         if {$skip == 0} {
#             puts "INFO: Checking in [file tail $origin] to version control."
#             set target $repo_path/src/$subdir/[file tail $origin]
#             if {[file exists $target] == 0} { # TODO: this may not be safe; remind users to make sure to delete any unused files from version control
#                 file copy -force $origin $target
#             }
#         }
#     }
# 	
# #Convert each core container back to its original format
# 	foreach ip [get_ips] { 
# 	set ip_core_cont [get_property IP_CORE_CONTAINER $ip]
# 	if {[llength ${ip_core_cont}] != 0} {
# 		puts "INFO: Found $ip_core_cont for $ip"
# 		puts "Convert $ip currently in the core container format into the expanded form of the non-core container format"
# 		convert_ips -force -from_core_container [get_files  [get_property ip_file $ip]]
# 	}
# }
#     foreach ip [get_ips] {
#         set origin [get_property ip_file $ip]
#         set ipname [get_property name $ip]
#         set dir "$repo_path/src/ip/$ipname"
#         if {[file exists $dir] == 0} {
#             file mkdir $dir
#         }
#         set target $dir/[file tail $origin]
#         puts "INFO: Checking in [file tail $origin] to version control."
#         if {[file exists $target] == 0} {
#             # TODO: this may not be safe; remind users to make sure to delete any unused files from version control
#             file copy -force $origin $target
#         }
#     }
#     # TODO: foreach file in /src/ip, if it wasn't just checked in, delete it
# }
INFO: Checking in D:/Zybo-Z7-HW/src/bd/design_1.tcl to version control.
WARNING: [BD 41-2937] The design that will be created by this Tcl script contains the following user IPs:
/axi_dynclk_0, /dvi2rgb_0, /rgb2dvi_1
Please add the following user repository(s):
d:/Zybo-Z7-HW/repo
before sourcing this Tcl script or use write_project_tcl.
INFO: [BD 5-148] Tcl file written out <D:/Zybo-Z7-HW/src/bd/design_1.tcl>.

# foreach constraint_file [get_files -of_objects [get_filesets constrs_1]] {
#     set origin [get_property name $constraint_file]
#     set target $repo_path/src/constraints/[file tail $origin]
#     puts "INFO: Checking in [file tail $origin] to version control."
#         if {[file exists $target] == 0} { # TODO: this may not be safe; remind users to make sure to delete any unused files from version control
#         file copy -force $origin $target
#     }
# }
INFO: Checking in Zybo-Z7-Master.xdc to version control.
# if {[file exists $repo_path/project_info.tcl] == 0 || $force_overwrite_info_script != 0} {
#     set proj_obj [get_projects [file rootname $proj_file]]
#     
#     set board_part [current_board_part -quiet]
#     set part [get_property part $proj_obj]
#     set default_lib [get_property default_lib $proj_obj]
#     set simulator_language [get_property simulator_language $proj_obj]
#     set target_language [get_property target_language $proj_obj]
#     set directives "#Custom directives for synthesis and implementation"
# 
# 	#Fetch non-default synthesis and implementation settings
# 	foreach prop [list_property [get_runs synth_1] STEPS.*.ARGS.*] {
# 		set Dval [list_property_value -default $prop [get_runs synth_1]]
# 		set val [get_property $prop [get_runs synth_1]]
# 		if {$Dval!=$val} {
# 			append directives "\n\tset_property " $prop " " $val " \[get_runs synth_1\]"
#     }}
# 
# 	foreach prop [list_property [get_runs impl_1] STEPS.*.ARGS.*] {
# 		set Dval [list_property_value -default $prop [get_runs impl_1]]
# 		set val [get_property $prop [get_runs impl_1]]
# 		if {$Dval!=$val} {
# 			append directives "\n\tset_property " $prop " " $val " \[get_runs impl_1\]"
#     }}
# 
#     puts "INFO: Checking in project_info.tcl to version control."
#     
#     set var_map [list <part> $part                             \
#                       <default_lib> $default_lib               \
#                       <simulator_language> $simulator_language \
#                       <target_language> $target_language       \
#                       <directives> $directives \
#     ]
# 
# 	# Even if current_board_part is empty, the replacement must be made, otherwise placeholder will be considered a board name upon checkout
#     lappend var_map <board_part> $board_part
#     
#     set file_name $repo_path/project_info.tcl
#     set dfid [open $file_name "w"]
#     set sfid [open $script_dir/templates/project_info.tcl "r"]
#     
#     while { [gets $sfid line] >= 0 } {
#         puts $dfid [string map $var_map $line]
#     }
#     
#     close $dfid
#     close $sfid
# }
INFO: Checking in project_info.tcl to version control.
# set post_build_script [file join ${repo_path} post_build.tcl]
# if {[file exists ${post_build_script}] == 0} {
#     puts "WARNING: This repository does not contain a post_build script. creating one now."
#     set target ${post_build_script}
#     set origin [file join ${script_dir} templates post_build.tcl]
#     file copy -force ${origin} ${target}
# }
WARNING: This repository does not contain a post_build script. creating one now.
# set master_gitignore [file join $repo_path .gitignore]
# if {[file exists $master_gitignore] == 0} {
#     puts "WARNING: This repository does not contain a master gitignore. creating one now."
#     set target $master_gitignore
#     set origin $script_dir/templates/hw.gitignore
#     file copy -force $origin $target
# }
# puts "INFO: Project $proj_file has been checked into version control"
INFO: Project Zybo-Z7-HW.xpr has been checked into version control
regenerate_bd_layout
archive_project D:/Zybo-Z7-HW/Zybo-Z7-10-HDMI-hw.xpr.zip -temp_dir D:/Zybo-Z7-HW -force -include_local_ip_cache -include_config_settings
INFO: [Coretcl 2-137] starting archive...
INFO: [Coretcl 2-1499] Saving project copy to temporary location 'D:/Zybo-Z7-HW' for archiving project
Scanning sources...
Finished scanning sources
INFO: [IP_Flow 19-234] Refreshing IP repositories
INFO: [IP_Flow 19-1700] Loaded user IP repository 'd:/Zybo-Z7-HW/repo'.
INFO: [IP_Flow 19-2313] Loaded Vivado IP repository 'D:/Xilinx/Vivado/2024.1/data/ip'.
INFO: [Coretcl 2-1211] Creating project copy for archival...
INFO: [Coretcl 2-1213] Including run results for 'synth_1'
INFO: [Coretcl 2-1213] Including run results for 'design_1_proc_sys_reset_fclk1_0_synth_1'
INFO: [Coretcl 2-1213] Including run results for 'design_1_xbar_2_synth_1'
INFO: [Coretcl 2-1213] Including run results for 'design_1_axi_vdma_0_0_synth_1'
INFO: [Coretcl 2-1213] Including run results for 'design_1_axis_subset_converter_in_0_synth_1'
INFO: [Coretcl 2-1213] Including run results for 'design_1_axis_subset_converter_out_0_synth_1'
INFO: [Coretcl 2-1213] Including run results for 'design_1_axi_gpio_video_0_synth_1'
INFO: [Coretcl 2-1213] Including run results for 'design_1_rgb2dvi_1_0_synth_1'
INFO: [Coretcl 2-1213] Including run results for 'design_1_processing_system7_0_0_synth_1'
INFO: [Coretcl 2-1213] Including run results for 'design_1_proc_sys_reset_fclk0_0_synth_1'
INFO: [Coretcl 2-1213] Including run results for 'design_1_dvi2rgb_0_0_synth_1'
INFO: [Coretcl 2-1213] Including run results for 'design_1_xbar_3_synth_1'
INFO: [Coretcl 2-1213] Including run results for 'design_1_axi_dynclk_0_0_synth_1'
INFO: [Coretcl 2-1213] Including run results for 'design_1_proc_sys_reset_0_0_synth_1'
INFO: [Coretcl 2-1213] Including run results for 'design_1_v_tc_out_0_synth_1'
INFO: [Coretcl 2-1213] Including run results for 'design_1_v_axi4s_vid_out_0_0_synth_1'
INFO: [Coretcl 2-1213] Including run results for 'design_1_v_tc_in_0_synth_1'
INFO: [Coretcl 2-1213] Including run results for 'design_1_v_vid_in_axi4s_0_0_synth_1'
INFO: [Coretcl 2-1213] Including run results for 'design_1_auto_pc_1_synth_1'
INFO: [Coretcl 2-1213] Including run results for 'design_1_m00_regslice_0_synth_1'
INFO: [Coretcl 2-1213] Including run results for 'design_1_s01_regslice_0_synth_1'
INFO: [Coretcl 2-1213] Including run results for 'design_1_s00_regslice_0_synth_1'
INFO: [Coretcl 2-1213] Including run results for 'design_1_auto_pc_0_synth_1'
INFO: [Coretcl 2-1213] Including run results for 'impl_1'
INFO: [Coretcl 2-133] re-setting run 'design_1_proc_sys_reset_fclk1_0_impl_1'...
INFO: [Coretcl 2-133] re-setting run 'design_1_xbar_2_impl_1'...
INFO: [Coretcl 2-133] re-setting run 'design_1_axi_vdma_0_0_impl_1'...
INFO: [Coretcl 2-133] re-setting run 'design_1_axis_subset_converter_in_0_impl_1'...
INFO: [Coretcl 2-133] re-setting run 'design_1_axis_subset_converter_out_0_impl_1'...
INFO: [Coretcl 2-133] re-setting run 'design_1_axi_gpio_video_0_impl_1'...
INFO: [Coretcl 2-133] re-setting run 'design_1_rgb2dvi_1_0_impl_1'...
INFO: [Coretcl 2-133] re-setting run 'design_1_processing_system7_0_0_impl_1'...
INFO: [Coretcl 2-133] re-setting run 'design_1_proc_sys_reset_fclk0_0_impl_1'...
INFO: [Coretcl 2-133] re-setting run 'design_1_dvi2rgb_0_0_impl_1'...
INFO: [Coretcl 2-133] re-setting run 'design_1_xbar_3_impl_1'...
INFO: [Coretcl 2-133] re-setting run 'design_1_axi_dynclk_0_0_impl_1'...
INFO: [Coretcl 2-133] re-setting run 'design_1_proc_sys_reset_0_0_impl_1'...
INFO: [Coretcl 2-133] re-setting run 'design_1_v_tc_out_0_impl_1'...
INFO: [Coretcl 2-133] re-setting run 'design_1_v_axi4s_vid_out_0_0_impl_1'...
INFO: [Coretcl 2-133] re-setting run 'design_1_v_tc_in_0_impl_1'...
INFO: [Coretcl 2-133] re-setting run 'design_1_v_vid_in_axi4s_0_0_impl_1'...
INFO: [Coretcl 2-133] re-setting run 'design_1_auto_pc_1_impl_1'...
INFO: [Coretcl 2-133] re-setting run 'design_1_m00_regslice_0_impl_1'...
INFO: [Coretcl 2-133] re-setting run 'design_1_s01_regslice_0_impl_1'...
INFO: [Coretcl 2-133] re-setting run 'design_1_s00_regslice_0_impl_1'...
INFO: [Coretcl 2-133] re-setting run 'design_1_auto_pc_0_impl_1'...
INFO: [Coretcl 2-1212] Importing remotely added design sources and verilog include files (if any)...
INFO: [filemgmt 20-334] All file(s) are already imported in fileset: 'design_1_auto_pc_0'
INFO: [filemgmt 20-348] Importing the appropriate files for fileset: 'design_1_auto_pc_0'
INFO: [filemgmt 20-334] All file(s) are already imported in fileset: 'design_1_auto_pc_1'
INFO: [filemgmt 20-348] Importing the appropriate files for fileset: 'design_1_auto_pc_1'
INFO: [filemgmt 20-334] All file(s) are already imported in fileset: 'design_1_axi_dynclk_0_0'
INFO: [filemgmt 20-348] Importing the appropriate files for fileset: 'design_1_axi_dynclk_0_0'
INFO: [filemgmt 20-334] All file(s) are already imported in fileset: 'design_1_axi_gpio_video_0'
INFO: [filemgmt 20-348] Importing the appropriate files for fileset: 'design_1_axi_gpio_video_0'
INFO: [filemgmt 20-334] All file(s) are already imported in fileset: 'design_1_axi_vdma_0_0'
INFO: [filemgmt 20-348] Importing the appropriate files for fileset: 'design_1_axi_vdma_0_0'
INFO: [filemgmt 20-334] All file(s) are already imported in fileset: 'design_1_axis_subset_converter_in_0'
INFO: [filemgmt 20-348] Importing the appropriate files for fileset: 'design_1_axis_subset_converter_in_0'
INFO: [filemgmt 20-334] All file(s) are already imported in fileset: 'design_1_axis_subset_converter_out_0'
INFO: [filemgmt 20-348] Importing the appropriate files for fileset: 'design_1_axis_subset_converter_out_0'
INFO: [filemgmt 20-334] All file(s) are already imported in fileset: 'design_1_dvi2rgb_0_0'
INFO: [filemgmt 20-348] Importing the appropriate files for fileset: 'design_1_dvi2rgb_0_0'
INFO: [filemgmt 20-334] All file(s) are already imported in fileset: 'design_1_m00_regslice_0'
INFO: [filemgmt 20-348] Importing the appropriate files for fileset: 'design_1_m00_regslice_0'
INFO: [filemgmt 20-334] All file(s) are already imported in fileset: 'design_1_proc_sys_reset_0_0'
INFO: [filemgmt 20-348] Importing the appropriate files for fileset: 'design_1_proc_sys_reset_0_0'
INFO: [filemgmt 20-334] All file(s) are already imported in fileset: 'design_1_proc_sys_reset_fclk0_0'
INFO: [filemgmt 20-348] Importing the appropriate files for fileset: 'design_1_proc_sys_reset_fclk0_0'
INFO: [filemgmt 20-334] All file(s) are already imported in fileset: 'design_1_proc_sys_reset_fclk1_0'
INFO: [filemgmt 20-348] Importing the appropriate files for fileset: 'design_1_proc_sys_reset_fclk1_0'
INFO: [filemgmt 20-334] All file(s) are already imported in fileset: 'design_1_processing_system7_0_0'
INFO: [filemgmt 20-348] Importing the appropriate files for fileset: 'design_1_processing_system7_0_0'
INFO: [filemgmt 20-334] All file(s) are already imported in fileset: 'design_1_rgb2dvi_1_0'
INFO: [filemgmt 20-348] Importing the appropriate files for fileset: 'design_1_rgb2dvi_1_0'
INFO: [filemgmt 20-334] All file(s) are already imported in fileset: 'design_1_s00_regslice_0'
INFO: [filemgmt 20-348] Importing the appropriate files for fileset: 'design_1_s00_regslice_0'
INFO: [filemgmt 20-334] All file(s) are already imported in fileset: 'design_1_s01_regslice_0'
INFO: [filemgmt 20-348] Importing the appropriate files for fileset: 'design_1_s01_regslice_0'
INFO: [filemgmt 20-334] All file(s) are already imported in fileset: 'design_1_v_axi4s_vid_out_0_0'
INFO: [filemgmt 20-348] Importing the appropriate files for fileset: 'design_1_v_axi4s_vid_out_0_0'
INFO: [filemgmt 20-334] All file(s) are already imported in fileset: 'design_1_v_tc_in_0'
INFO: [filemgmt 20-348] Importing the appropriate files for fileset: 'design_1_v_tc_in_0'
INFO: [filemgmt 20-334] All file(s) are already imported in fileset: 'design_1_v_tc_out_0'
INFO: [filemgmt 20-348] Importing the appropriate files for fileset: 'design_1_v_tc_out_0'
INFO: [filemgmt 20-334] All file(s) are already imported in fileset: 'design_1_v_vid_in_axi4s_0_0'
INFO: [filemgmt 20-348] Importing the appropriate files for fileset: 'design_1_v_vid_in_axi4s_0_0'
INFO: [filemgmt 20-334] All file(s) are already imported in fileset: 'design_1_xbar_2'
INFO: [filemgmt 20-348] Importing the appropriate files for fileset: 'design_1_xbar_2'
INFO: [filemgmt 20-334] All file(s) are already imported in fileset: 'design_1_xbar_3'
INFO: [filemgmt 20-348] Importing the appropriate files for fileset: 'design_1_xbar_3'
INFO: [filemgmt 20-348] Importing the appropriate files for fileset: 'constrs_1'
INFO: [filemgmt 20-334] All file(s) are already imported in fileset: 'sources_1'
INFO: [filemgmt 20-348] Importing the appropriate files for fileset: 'sources_1'
