Nothing to build in platform 'design_1_wrapper'

02:14:05 **** Incremental Build of configuration Debug for project Zybo-Z7-10-HDMI ****
make all 
make --no-print-directory pre-build
a9-linaro-pre-build-step
 
make --no-print-directory main-build
Building file: ../src/lorenz_plot/lorenz_plot.c
Invoking: ARM v7 gcc compiler
arm-none-eabi-gcc -DDEBUG -Wall -O0 -g3 -ID:/Zybo-Z7-SW/src/Zybo-Z7-10-HDMI/src -c -fmessage-length=0 -MT"src/lorenz_plot/lorenz_plot.o" -mcpu=cortex-a9 -mfpu=vfpv3 -mfloat-abi=hard -I/home/zkarim28/fpga_hdmi_custom_workspace/design_1_wrapper/export/design_1_wrapper/sw/design_1_wrapper/domain_ps7_cortexa9_0/bspinclude/include -MMD -MP -MF"src/lorenz_plot/lorenz_plot.d" -MT"src/lorenz_plot/lorenz_plot.o" -o "src/lorenz_plot/lorenz_plot.o" "../src/lorenz_plot/lorenz_plot.c"
Finished building: ../src/lorenz_plot/lorenz_plot.c
 
Building file: ../src/intc/intc.c
Invoking: ARM v7 gcc compiler
arm-none-eabi-gcc -DDEBUG -Wall -O0 -g3 -ID:/Zybo-Z7-SW/src/Zybo-Z7-10-HDMI/src -c -fmessage-length=0 -MT"src/intc/intc.o" -mcpu=cortex-a9 -mfpu=vfpv3 -mfloat-abi=hard -I/home/zkarim28/fpga_hdmi_custom_workspace/design_1_wrapper/export/design_1_wrapper/sw/design_1_wrapper/domain_ps7_cortexa9_0/bspinclude/include -MMD -MP -MF"src/intc/intc.d" -MT"src/intc/intc.o" -o "src/intc/intc.o" "../src/intc/intc.c"
In file included from /home/zkarim28/fpga_hdmi_custom_workspace/design_1_wrapper/export/design_1_wrapper/sw/design_1_wrapper/domain_ps7_cortexa9_0/bspinclude/include/xil_exception.h:80,
                 from /home/zkarim28/fpga_hdmi_custom_workspace/design_1_wrapper/export/design_1_wrapper/sw/design_1_wrapper/domain_ps7_cortexa9_0/bspinclude/include/xscugic_hw.h:90,
                 from /home/zkarim28/fpga_hdmi_custom_workspace/design_1_wrapper/export/design_1_wrapper/sw/design_1_wrapper/domain_ps7_cortexa9_0/bspinclude/include/xscugic.h:165,
                 from ../src/intc/intc.h:66,
                 from ../src/intc/intc.c:54:
/home/zkarim28/fpga_hdmi_custom_workspace/design_1_wrapper/export/design_1_wrapper/sw/design_1_wrapper/domain_ps7_cortexa9_0/bspinclude/include/xdebug.h:21:2: warning: #warning DEBUG is enabled [-Wcpp]
   21 | #warning DEBUG is enabled
      |  ^~~~~~~
Finished building: ../src/intc/intc.c
 
Building file: ../src/free_counter/free_counter.c
Invoking: ARM v7 gcc compiler
arm-none-eabi-gcc -DDEBUG -Wall -O0 -g3 -ID:/Zybo-Z7-SW/src/Zybo-Z7-10-HDMI/src -c -fmessage-length=0 -MT"src/free_counter/free_counter.o" -mcpu=cortex-a9 -mfpu=vfpv3 -mfloat-abi=hard -I/home/zkarim28/fpga_hdmi_custom_workspace/design_1_wrapper/export/design_1_wrapper/sw/design_1_wrapper/domain_ps7_cortexa9_0/bspinclude/include -MMD -MP -MF"src/free_counter/free_counter.d" -MT"src/free_counter/free_counter.o" -o "src/free_counter/free_counter.o" "../src/free_counter/free_counter.c"
Finished building: ../src/free_counter/free_counter.c
 
Building file: ../src/dynclk/dynclk.c
Invoking: ARM v7 gcc compiler
arm-none-eabi-gcc -DDEBUG -Wall -O0 -g3 -ID:/Zybo-Z7-SW/src/Zybo-Z7-10-HDMI/src -c -fmessage-length=0 -MT"src/dynclk/dynclk.o" -mcpu=cortex-a9 -mfpu=vfpv3 -mfloat-abi=hard -I/home/zkarim28/fpga_hdmi_custom_workspace/design_1_wrapper/export/design_1_wrapper/sw/design_1_wrapper/domain_ps7_cortexa9_0/bspinclude/include -MMD -MP -MF"src/dynclk/dynclk.d" -MT"src/dynclk/dynclk.o" -o "src/dynclk/dynclk.o" "../src/dynclk/dynclk.c"
Finished building: ../src/dynclk/dynclk.c
 
Building file: ../src/display_ctrl/display_ctrl.c
Invoking: ARM v7 gcc compiler
arm-none-eabi-gcc -DDEBUG -Wall -O0 -g3 -ID:/Zybo-Z7-SW/src/Zybo-Z7-10-HDMI/src -c -fmessage-length=0 -MT"src/display_ctrl/display_ctrl.o" -mcpu=cortex-a9 -mfpu=vfpv3 -mfloat-abi=hard -I/home/zkarim28/fpga_hdmi_custom_workspace/design_1_wrapper/export/design_1_wrapper/sw/design_1_wrapper/domain_ps7_cortexa9_0/bspinclude/include -MMD -MP -MF"src/display_ctrl/display_ctrl.d" -MT"src/display_ctrl/display_ctrl.o" -o "src/display_ctrl/display_ctrl.o" "../src/display_ctrl/display_ctrl.c"
In file included from /home/zkarim28/fpga_hdmi_custom_workspace/design_1_wrapper/export/design_1_wrapper/sw/design_1_wrapper/domain_ps7_cortexa9_0/bspinclude/include/xaxivdma_i.h:52,
                 from /home/zkarim28/fpga_hdmi_custom_workspace/design_1_wrapper/export/design_1_wrapper/sw/design_1_wrapper/domain_ps7_cortexa9_0/bspinclude/include/xaxivdma.h:297,
                 from ../src/display_ctrl/display_ctrl.h:56,
                 from ../src/display_ctrl/display_ctrl.c:63:
/home/zkarim28/fpga_hdmi_custom_workspace/design_1_wrapper/export/design_1_wrapper/sw/design_1_wrapper/domain_ps7_cortexa9_0/bspinclude/include/xdebug.h:21:2: warning: #warning DEBUG is enabled [-Wcpp]
   21 | #warning DEBUG is enabled
      |  ^~~~~~~
../src/display_ctrl/display_ctrl.c: In function 'DisplayChangeFrame':
../src/display_ctrl/display_ctrl.c:456:49: warning: format '%d' expects argument of type 'int', but argument 2 has type 'u32' {aka 'long unsigned int'} [-Wformat=]
  456 |                 xdbg_printf(XDBG_DEBUG_GENERAL, "Change frame: current index = %d next index = %d\r\n", dispPtr->curFrame, frameIndex);
      |                                                 ^~~~~~~~~~~~~~~~~~~~~~~~~~~~~~~~~~~~~~~~~~~~~~~~~~~~~~  ~~~~~~~~~~~~~~~~~
      |                                                                                                                |
      |                                                                                                                u32 {aka long unsigned int}
/home/zkarim28/fpga_hdmi_custom_workspace/design_1_wrapper/export/design_1_wrapper/sw/design_1_wrapper/domain_ps7_cortexa9_0/bspinclude/include/xdebug.h:57:73: note: in definition of macro 'xdbg_printf'
   57 | #define xdbg_printf(type, ...) (((type) & xdbg_current_types) ? printf (__VA_ARGS__) : 0)
      |                                                                         ^~~~~~~~~~~
../src/display_ctrl/display_ctrl.c:456:81: note: format string is defined here
  456 |                 xdbg_printf(XDBG_DEBUG_GENERAL, "Change frame: current index = %d next index = %d\r\n", dispPtr->curFrame, frameIndex);
      |                                                                                ~^
      |                                                                                 |
      |                                                                                 int
      |                                                                                %ld
../src/display_ctrl/display_ctrl.c:456:49: warning: format '%d' expects argument of type 'int', but argument 3 has type 'u32' {aka 'long unsigned int'} [-Wformat=]
  456 |                 xdbg_printf(XDBG_DEBUG_GENERAL, "Change frame: current index = %d next index = %d\r\n", dispPtr->curFrame, frameIndex);
      |                                                 ^~~~~~~~~~~~~~~~~~~~~~~~~~~~~~~~~~~~~~~~~~~~~~~~~~~~~~                     ~~~~~~~~~~
      |                                                                                                                            |
      |                                                                                                                            u32 {aka long unsigned int}
/home/zkarim28/fpga_hdmi_custom_workspace/design_1_wrapper/export/design_1_wrapper/sw/design_1_wrapper/domain_ps7_cortexa9_0/bspinclude/include/xdebug.h:57:73: note: in definition of macro 'xdbg_printf'
   57 | #define xdbg_printf(type, ...) (((type) & xdbg_current_types) ? printf (__VA_ARGS__) : 0)
      |                                                                         ^~~~~~~~~~~
../src/display_ctrl/display_ctrl.c:456:97: note: format string is defined here
  456 |                 xdbg_printf(XDBG_DEBUG_GENERAL, "Change frame: current index = %d next index = %d\r\n", dispPtr->curFrame, frameIndex);
      |                                                                                                ~^
      |                                                                                                 |
      |                                                                                                 int
      |                                                                                                %ld
Finished building: ../src/display_ctrl/display_ctrl.c
 
Building file: ../src/video_demo.c
Invoking: ARM v7 gcc compiler
arm-none-eabi-gcc -DDEBUG -Wall -O0 -g3 -ID:/Zybo-Z7-SW/src/Zybo-Z7-10-HDMI/src -c -fmessage-length=0 -MT"src/video_demo.o" -mcpu=cortex-a9 -mfpu=vfpv3 -mfloat-abi=hard -I/home/zkarim28/fpga_hdmi_custom_workspace/design_1_wrapper/export/design_1_wrapper/sw/design_1_wrapper/domain_ps7_cortexa9_0/bspinclude/include -MMD -MP -MF"src/video_demo.d" -MT"src/video_demo.o" -o "src/video_demo.o" "../src/video_demo.c"
In file included from /home/zkarim28/fpga_hdmi_custom_workspace/design_1_wrapper/export/design_1_wrapper/sw/design_1_wrapper/domain_ps7_cortexa9_0/bspinclude/include/xaxivdma_i.h:52,
                 from /home/zkarim28/fpga_hdmi_custom_workspace/design_1_wrapper/export/design_1_wrapper/sw/design_1_wrapper/domain_ps7_cortexa9_0/bspinclude/include/xaxivdma.h:297,
                 from ../src/video_capture/video_capture.h:75,
                 from ../src/video_demo.h:32,
                 from ../src/video_demo.c:28:
/home/zkarim28/fpga_hdmi_custom_workspace/design_1_wrapper/export/design_1_wrapper/sw/design_1_wrapper/domain_ps7_cortexa9_0/bspinclude/include/xdebug.h:21:2: warning: #warning DEBUG is enabled [-Wcpp]
   21 | #warning DEBUG is enabled
      |  ^~~~~~~
In file included from ../src/video_demo.c:36:
/home/zkarim28/fpga_hdmi_custom_workspace/design_1_wrapper/export/design_1_wrapper/sw/design_1_wrapper/domain_ps7_cortexa9_0/bspinclude/include/xuartps.h:450: warning: "XUartPs_IsTransmitEmpty" redefined
  450 | #define XUartPs_IsTransmitEmpty(InstancePtr)                            \
      | 
In file included from /home/zkarim28/fpga_hdmi_custom_workspace/design_1_wrapper/export/design_1_wrapper/sw/design_1_wrapper/domain_ps7_cortexa9_0/bspinclude/include/xuartps.h:170:
/home/zkarim28/fpga_hdmi_custom_workspace/design_1_wrapper/export/design_1_wrapper/sw/design_1_wrapper/domain_ps7_cortexa9_0/bspinclude/include/xuartps_hw.h:424: note: this is the location of the previous definition
  424 | #define XUartPs_IsTransmitEmpty(BaseAddress)                     \
      | 
../src/video_demo.c: In function 'DemoGetInactiveFrame':
../src/video_demo.c:503:1: warning: control reaches end of non-void function [-Wreturn-type]
  503 | }
      | ^
Finished building: ../src/video_demo.c
 
Building target: Zybo-Z7-10-HDMI.elf
Invoking: ARM v7 gcc linker
arm-none-eabi-gcc -mcpu=cortex-a9 -mfpu=vfpv3 -mfloat-abi=hard -Wl,-build-id=none -specs=Xilinx.spec -Wl,-T -Wl,../src/lscript.ld -L/home/zkarim28/fpga_hdmi_custom_workspace/design_1_wrapper/export/design_1_wrapper/sw/design_1_wrapper/domain_ps7_cortexa9_0/bsplib/lib -o "Zybo-Z7-10-HDMI.elf" ./src/video_capture/video_capture.o  ./src/timer_ps/timer_ps.o  ./src/switch_reader/switch_reader.o  ./src/lorenz_plot/lorenz_plot.o  ./src/intc/intc.o  ./src/free_counter/free_counter.o  ./src/dynclk/dynclk.o  ./src/display_ctrl/display_ctrl.o  ./src/video_demo.o   -Wl,--start-group,-lxil,-lgcc,-lc,--end-group
Finished building target: Zybo-Z7-10-HDMI.elf
 
Invoking: ARM v7 Print Size
arm-none-eabi-size Zybo-Z7-10-HDMI.elf  |tee "Zybo-Z7-10-HDMI.elf.size"
   text	   data	    bss	    dec	    hex	filename
 115011	   3504	24909168	25027683	17de463	Zybo-Z7-10-HDMI.elf
Finished building: Zybo-Z7-10-HDMI.elf.size
 
