
*** Running vivado
    with args -log design_1_m00_regslice_0.vds -m64 -product Vivado -mode batch -messageDb vivado.pb -notrace -source design_1_m00_regslice_0.tcl


****** Vivado v2024.1 (64-bit)
  **** SW Build 5076996 on Wed May 22 18:36:09 MDT 2024
  **** IP Build 5075265 on Wed May 22 21:45:21 MDT 2024
  **** SharedData Build 5076995 on Wed May 22 18:29:18 MDT 2024
  **** Start of session at: Thu Sep 17 01:47:19 2026
    ** Copyright 1986-2022 Xilinx, Inc. All Rights Reserved.
    ** Copyright 2022-2024 Advanced Micro Devices, Inc. All Rights Reserved.

source design_1_m00_regslice_0.tcl -notrace
create_project: Time (s): cpu = 00:00:08 ; elapsed = 00:00:08 . Memory (MB): peak = 1665.926 ; gain = 46.832 ; free physical = 2550 ; free virtual = 8728
INFO: [IP_Flow 19-234] Refreshing IP repositories
INFO: [IP_Flow 19-1700] Loaded user IP repository '/home/zkarim28/fpga_hdmi_custom/ip_repo/free_counter_1_0'.
INFO: [IP_Flow 19-1700] Loaded user IP repository '/home/zkarim28/ECE5760/ip_repo/lorenz_reader_1_0'.
INFO: [IP_Flow 19-1700] Loaded user IP repository '/home/zkarim28/fpga_hdmi_custom/ip_repo/switch_reader_1_0'.
INFO: [IP_Flow 19-1700] Loaded user IP repository '/home/zkarim28/fpga_hdmi_custom/Zybo-Z7-HW/Zybo-Z7-HW.ipdefs/repo'.
INFO: [IP_Flow 19-2313] Loaded Vivado IP repository '/tools/Xilinx/Vivado/2024.1/data/ip'.
INFO: [IP_Flow 19-6924] IPCACHE: Running cache check for IP inst: design_1_m00_regslice_0
INFO: [IP_Flow 19-6922] IPCACHE: Exporting cached entry d65566a10e6cd8f9 to dir: /home/zkarim28/fpga_hdmi_custom/Zybo-Z7-HW/Zybo-Z7-HW.runs/design_1_m00_regslice_0_synth_1
INFO: [IP_Flow 19-6928] IPCACHE: copied cached file /home/zkarim28/fpga_hdmi_custom/Zybo-Z7-HW/Zybo-Z7-HW.cache/ip/2024.1/d/6/d65566a10e6cd8f9/design_1_m00_regslice_0.dcp to /home/zkarim28/fpga_hdmi_custom/Zybo-Z7-HW/Zybo-Z7-HW.runs/design_1_m00_regslice_0_synth_1/design_1_m00_regslice_0.dcp.
INFO: [IP_Flow 19-6928] IPCACHE: copied cached file /home/zkarim28/fpga_hdmi_custom/Zybo-Z7-HW/Zybo-Z7-HW.cache/ip/2024.1/d/6/d65566a10e6cd8f9/design_1_m00_regslice_0_stub.v to /home/zkarim28/fpga_hdmi_custom/Zybo-Z7-HW/Zybo-Z7-HW.runs/design_1_m00_regslice_0_synth_1/design_1_m00_regslice_0_stub.v.
INFO: [IP_Flow 19-6928] IPCACHE: copied cached file /home/zkarim28/fpga_hdmi_custom/Zybo-Z7-HW/Zybo-Z7-HW.cache/ip/2024.1/d/6/d65566a10e6cd8f9/design_1_m00_regslice_0_stub.vhdl to /home/zkarim28/fpga_hdmi_custom/Zybo-Z7-HW/Zybo-Z7-HW.runs/design_1_m00_regslice_0_synth_1/design_1_m00_regslice_0_stub.vhdl.
INFO: [IP_Flow 19-6928] IPCACHE: copied cached file /home/zkarim28/fpga_hdmi_custom/Zybo-Z7-HW/Zybo-Z7-HW.cache/ip/2024.1/d/6/d65566a10e6cd8f9/design_1_m00_regslice_0_sim_netlist.v to /home/zkarim28/fpga_hdmi_custom/Zybo-Z7-HW/Zybo-Z7-HW.runs/design_1_m00_regslice_0_synth_1/design_1_m00_regslice_0_sim_netlist.v.
INFO: [IP_Flow 19-6928] IPCACHE: copied cached file /home/zkarim28/fpga_hdmi_custom/Zybo-Z7-HW/Zybo-Z7-HW.cache/ip/2024.1/d/6/d65566a10e6cd8f9/design_1_m00_regslice_0_sim_netlist.vhdl to /home/zkarim28/fpga_hdmi_custom/Zybo-Z7-HW/Zybo-Z7-HW.runs/design_1_m00_regslice_0_synth_1/design_1_m00_regslice_0_sim_netlist.vhdl.
INFO: [IP_Flow 19-4838] Using cached IP synthesis design for IP design_1_m00_regslice_0, cache-ID = d65566a10e6cd8f9.
INFO: [Common 17-206] Exiting Vivado at Thu Sep 17 01:47:32 2026...
