2026-09-17T02:14:05.18514600255-02:14:05 **** Incremental Build of configuration Debug for project Zybo-Z7-10-HDMI ****
000-make all 
000-make --no-print-directory pre-build
000-a9-linaro-pre-build-step
000- 
000-make --no-print-directory main-build
000-Building file: ../src/lorenz_plot/lorenz_plot.c
000-Invoking: ARM v7 gcc compiler
000-arm-none-eabi-gcc -DDEBUG -Wall -O0 -g3 -ID:/Zybo-Z7-SW/src/Zybo-Z7-10-HDMI/src -c -fmessage-length=0 -MT"src/lorenz_plot/lorenz_plot.o" -mcpu=cortex-a9 -mfpu=vfpv3 -mfloat-abi=hard -I/home/zkarim28/fpga_hdmi_custom_workspace/design_1_wrapper/export/design_1_wrapper/sw/design_1_wrapper/domain_ps7_cortexa9_0/bspinclude/include -MMD -MP -MF"src/lorenz_plot/lorenz_plot.d" -MT"src/lorenz_plot/lorenz_plot.o" -o "src/lorenz_plot/lorenz_plot.o" "../src/lorenz_plot/lorenz_plot.c"
000-Finished building: ../src/lorenz_plot/lorenz_plot.c
000- 
000-Building file: ../src/intc/intc.c
000-Invoking: ARM v7 gcc compiler
000-arm-none-eabi-gcc -DDEBUG -Wall -O0 -g3 -ID:/Zybo-Z7-SW/src/Zybo-Z7-10-HDMI/src -c -fmessage-length=0 -MT"src/intc/intc.o" -mcpu=cortex-a9 -mfpu=vfpv3 -mfloat-abi=hard -I/home/zkarim28/fpga_hdmi_custom_workspace/design_1_wrapper/export/design_1_wrapper/sw/design_1_wrapper/domain_ps7_cortexa9_0/bspinclude/include -MMD -MP -MF"src/intc/intc.d" -MT"src/intc/intc.o" -o "src/intc/intc.o" "../src/intc/intc.c"
000-In file included from /home/zkarim28/fpga_hdmi_custom_workspace/design_1_wrapper/export/design_1_wrapper/sw/design_1_wrapper/domain_ps7_cortexa9_0/bspinclude/include/xil_exception.h:80,
000-                 from /home/zkarim28/fpga_hdmi_custom_workspace/design_1_wrapper/export/design_1_wrapper/sw/design_1_wrapper/domain_ps7_cortexa9_0/bspinclude/include/xscugic_hw.h:90,
000-                 from /home/zkarim28/fpga_hdmi_custom_workspace/design_1_wrapper/export/design_1_wrapper/sw/design_1_wrapper/domain_ps7_cortexa9_0/bspinclude/include/xscugic.h:165,
000-                 from ../src/intc/intc.h:66,
000-                 from ../src/intc/intc.c:54:
000/design_1_wrapper/export/design_1_wrapper/sw/design_1_wrapper/domain_ps7_cortexa9_0/bspinclude/include/xdebug.h21-1-1#warning DEBUG is enabled [-Wcpp]1-/home/zkarim28/fpga_hdmi_custom_workspace/design_1_wrapper/export/design_1_wrapper/sw/design_1_wrapper/domain_ps7_cortexa9_0/bspinclude/include/xdebug.h:21:2: warning: #warning DEBUG is enabled [-Wcpp]
000-   21 | #warning DEBUG is enabled
000-      |  ^~~~~~~
000-Finished building: ../src/intc/intc.c
000- 
000-Building file: ../src/free_counter/free_counter.c
000-Invoking: ARM v7 gcc compiler
000-arm-none-eabi-gcc -DDEBUG -Wall -O0 -g3 -ID:/Zybo-Z7-SW/src/Zybo-Z7-10-HDMI/src -c -fmessage-length=0 -MT"src/free_counter/free_counter.o" -mcpu=cortex-a9 -mfpu=vfpv3 -mfloat-abi=hard -I/home/zkarim28/fpga_hdmi_custom_workspace/design_1_wrapper/export/design_1_wrapper/sw/design_1_wrapper/domain_ps7_cortexa9_0/bspinclude/include -MMD -MP -MF"src/free_counter/free_counter.d" -MT"src/free_counter/free_counter.o" -o "src/free_counter/free_counter.o" "../src/free_counter/free_counter.c"
000-Finished building: ../src/free_counter/free_counter.c
000- 
000-Building file: ../src/dynclk/dynclk.c
000-Invoking: ARM v7 gcc compiler
000-arm-none-eabi-gcc -DDEBUG -Wall -O0 -g3 -ID:/Zybo-Z7-SW/src/Zybo-Z7-10-HDMI/src -c -fmessage-length=0 -MT"src/dynclk/dynclk.o" -mcpu=cortex-a9 -mfpu=vfpv3 -mfloat-abi=hard -I/home/zkarim28/fpga_hdmi_custom_workspace/design_1_wrapper/export/design_1_wrapper/sw/design_1_wrapper/domain_ps7_cortexa9_0/bspinclude/include -MMD -MP -MF"src/dynclk/dynclk.d" -MT"src/dynclk/dynclk.o" -o "src/dynclk/dynclk.o" "../src/dynclk/dynclk.c"
000-Finished building: ../src/dynclk/dynclk.c
000- 
000-Building file: ../src/display_ctrl/display_ctrl.c
000-Invoking: ARM v7 gcc compiler
000-arm-none-eabi-gcc -DDEBUG -Wall -O0 -g3 -ID:/Zybo-Z7-SW/src/Zybo-Z7-10-HDMI/src -c -fmessage-length=0 -MT"src/display_ctrl/display_ctrl.o" -mcpu=cortex-a9 -mfpu=vfpv3 -mfloat-abi=hard -I/home/zkarim28/fpga_hdmi_custom_workspace/design_1_wrapper/export/design_1_wrapper/sw/design_1_wrapper/domain_ps7_cortexa9_0/bspinclude/include -MMD -MP -MF"src/display_ctrl/display_ctrl.d" -MT"src/display_ctrl/display_ctrl.o" -o "src/display_ctrl/display_ctrl.o" "../src/display_ctrl/display_ctrl.c"
000-In file included from /home/zkarim28/fpga_hdmi_custom_workspace/design_1_wrapper/export/design_1_wrapper/sw/design_1_wrapper/domain_ps7_cortexa9_0/bspinclude/include/xaxivdma_i.h:52,
000-                 from /home/zkarim28/fpga_hdmi_custom_workspace/design_1_wrapper/export/design_1_wrapper/sw/design_1_wrapper/domain_ps7_cortexa9_0/bspinclude/include/xaxivdma.h:297,
000-                 from ../src/display_ctrl/display_ctrl.h:56,
000-                 from ../src/display_ctrl/display_ctrl.c:63:
000/design_1_wrapper/export/design_1_wrapper/sw/design_1_wrapper/domain_ps7_cortexa9_0/bspinclude/include/xdebug.h21-1-1#warning DEBUG is enabled [-Wcpp]1-/home/zkarim28/fpga_hdmi_custom_workspace/design_1_wrapper/export/design_1_wrapper/sw/design_1_wrapper/domain_ps7_cortexa9_0/bspinclude/include/xdebug.h:21:2: warning: #warning DEBUG is enabled [-Wcpp]
000-   21 | #warning DEBUG is enabled
000-      |  ^~~~~~~
000-../src/display_ctrl/display_ctrl.c: In function 'DisplayChangeFrame':
000/Zybo-Z7-10-HDMI/src/display_ctrl/display_ctrl.c456-1-1format '%d' expects argument of type 'int', but argument 2 has type 'u32' {aka 'long unsigned int'} [-Wformat=]1-../src/display_ctrl/display_ctrl.c:456:49: warning: format '%d' expects argument of type 'int', but argument 2 has type 'u32' {aka 'long unsigned int'} [-Wformat=]
000-  456 |                 xdbg_printf(XDBG_DEBUG_GENERAL, "Change frame: current index = %d next index = %d\r\n", dispPtr->curFrame, frameIndex);
000-      |                                                 ^~~~~~~~~~~~~~~~~~~~~~~~~~~~~~~~~~~~~~~~~~~~~~~~~~~~~~  ~~~~~~~~~~~~~~~~~
000-      |                                                                                                                |
000-      |                                                                                                                u32 {aka long unsigned int}
000/design_1_wrapper/export/design_1_wrapper/sw/design_1_wrapper/domain_ps7_cortexa9_0/bspinclude/include/xdebug.h57-1-1in definition of macro 'xdbg_printf'0-/home/zkarim28/fpga_hdmi_custom_workspace/design_1_wrapper/export/design_1_wrapper/sw/design_1_wrapper/domain_ps7_cortexa9_0/bspinclude/include/xdebug.h:57:73: note: in definition of macro 'xdbg_printf'
000-   57 | #define xdbg_printf(type, ...) (((type) & xdbg_current_types) ? printf (__VA_ARGS__) : 0)
000-      |                                                                         ^~~~~~~~~~~
000/Zybo-Z7-10-HDMI/src/display_ctrl/display_ctrl.c456-1-1format string is defined here0-../src/display_ctrl/display_ctrl.c:456:81: note: format string is defined here
000-  456 |                 xdbg_printf(XDBG_DEBUG_GENERAL, "Change frame: current index = %d next index = %d\r\n", dispPtr->curFrame, frameIndex);
000-      |                                                                                ~^
000-      |                                                                                 |
000-      |                                                                                 int
000-      |                                                                                %ld
000/Zybo-Z7-10-HDMI/src/display_ctrl/display_ctrl.c456-1-1format '%d' expects argument of type 'int', but argument 3 has type 'u32' {aka 'long unsigned int'} [-Wformat=]1-../src/display_ctrl/display_ctrl.c:456:49: warning: format '%d' expects argument of type 'int', but argument 3 has type 'u32' {aka 'long unsigned int'} [-Wformat=]
000-  456 |                 xdbg_printf(XDBG_DEBUG_GENERAL, "Change frame: current index = %d next index = %d\r\n", dispPtr->curFrame, frameIndex);
000-      |                                                 ^~~~~~~~~~~~~~~~~~~~~~~~~~~~~~~~~~~~~~~~~~~~~~~~~~~~~~                     ~~~~~~~~~~
000-      |                                                                                                                            |
000-      |                                                                                                                            u32 {aka long unsigned int}
000/design_1_wrapper/export/design_1_wrapper/sw/design_1_wrapper/domain_ps7_cortexa9_0/bspinclude/include/xdebug.h57-1-1in definition of macro 'xdbg_printf'0-/home/zkarim28/fpga_hdmi_custom_workspace/design_1_wrapper/export/design_1_wrapper/sw/design_1_wrapper/domain_ps7_cortexa9_0/bspinclude/include/xdebug.h:57:73: note: in definition of macro 'xdbg_printf'
000-   57 | #define xdbg_printf(type, ...) (((type) & xdbg_current_types) ? printf (__VA_ARGS__) : 0)
000-      |                                                                         ^~~~~~~~~~~
000/Zybo-Z7-10-HDMI/src/display_ctrl/display_ctrl.c456-1-1format string is defined here0-../src/display_ctrl/display_ctrl.c:456:97: note: format string is defined here
000-  456 |                 xdbg_printf(XDBG_DEBUG_GENERAL, "Change frame: current index = %d next index = %d\r\n", dispPtr->curFrame, frameIndex);
000-      |                                                                                                ~^
000-      |                                                                                                 |
000-      |                                                                                                 int
000-      |                                                                                                %ld
000-Finished building: ../src/display_ctrl/display_ctrl.c
000- 
000-Building file: ../src/video_demo.c
000-Invoking: ARM v7 gcc compiler
000-arm-none-eabi-gcc -DDEBUG -Wall -O0 -g3 -ID:/Zybo-Z7-SW/src/Zybo-Z7-10-HDMI/src -c -fmessage-length=0 -MT"src/video_demo.o" -mcpu=cortex-a9 -mfpu=vfpv3 -mfloat-abi=hard -I/home/zkarim28/fpga_hdmi_custom_workspace/design_1_wrapper/export/design_1_wrapper/sw/design_1_wrapper/domain_ps7_cortexa9_0/bspinclude/include -MMD -MP -MF"src/video_demo.d" -MT"src/video_demo.o" -o "src/video_demo.o" "../src/video_demo.c"
000-In file included from /home/zkarim28/fpga_hdmi_custom_workspace/design_1_wrapper/export/design_1_wrapper/sw/design_1_wrapper/domain_ps7_cortexa9_0/bspinclude/include/xaxivdma_i.h:52,
000-                 from /home/zkarim28/fpga_hdmi_custom_workspace/design_1_wrapper/export/design_1_wrapper/sw/design_1_wrapper/domain_ps7_cortexa9_0/bspinclude/include/xaxivdma.h:297,
000-                 from ../src/video_capture/video_capture.h:75,
000-                 from ../src/video_demo.h:32,
000-                 from ../src/video_demo.c:28:
000/design_1_wrapper/export/design_1_wrapper/sw/design_1_wrapper/domain_ps7_cortexa9_0/bspinclude/include/xdebug.h21-1-1#warning DEBUG is enabled [-Wcpp]1-/home/zkarim28/fpga_hdmi_custom_workspace/design_1_wrapper/export/design_1_wrapper/sw/design_1_wrapper/domain_ps7_cortexa9_0/bspinclude/include/xdebug.h:21:2: warning: #warning DEBUG is enabled [-Wcpp]
000-   21 | #warning DEBUG is enabled
000-      |  ^~~~~~~
000-In file included from ../src/video_demo.c:36:
000/design_1_wrapper/export/design_1_wrapper/sw/design_1_wrapper/domain_ps7_cortexa9_0/bspinclude/include/xuartps.h450-1-1"XUartPs_IsTransmitEmpty" redefined1-/home/zkarim28/fpga_hdmi_custom_workspace/design_1_wrapper/export/design_1_wrapper/sw/design_1_wrapper/domain_ps7_cortexa9_0/bspinclude/include/xuartps.h:450: warning: "XUartPs_IsTransmitEmpty" redefined
000-  450 | #define XUartPs_IsTransmitEmpty(InstancePtr)                            \
000-      | 
000-In file included from /home/zkarim28/fpga_hdmi_custom_workspace/design_1_wrapper/export/design_1_wrapper/sw/design_1_wrapper/domain_ps7_cortexa9_0/bspinclude/include/xuartps.h:170:
000/design_1_wrapper/export/design_1_wrapper/sw/design_1_wrapper/domain_ps7_cortexa9_0/bspinclude/include/xuartps_hw.h424-1-1this is the location of the previous definition0-/home/zkarim28/fpga_hdmi_custom_workspace/design_1_wrapper/export/design_1_wrapper/sw/design_1_wrapper/domain_ps7_cortexa9_0/bspinclude/include/xuartps_hw.h:424: note: this is the location of the previous definition
000-  424 | #define XUartPs_IsTransmitEmpty(BaseAddress)                     \
000-      | 
000-../src/video_demo.c: In function 'DemoGetInactiveFrame':
000/Zybo-Z7-10-HDMI/src/video_demo.c503-1-1control reaches end of non-void function [-Wreturn-type]1-../src/video_demo.c:503:1: warning: control reaches end of non-void function [-Wreturn-type]
000-  503 | }
000-      | ^
000-Finished building: ../src/video_demo.c
000- 
000-Building target: Zybo-Z7-10-HDMI.elf
000-Invoking: ARM v7 gcc linker
000-arm-none-eabi-gcc -mcpu=cortex-a9 -mfpu=vfpv3 -mfloat-abi=hard -Wl,-build-id=none -specs=Xilinx.spec -Wl,-T -Wl,../src/lscript.ld -L/home/zkarim28/fpga_hdmi_custom_workspace/design_1_wrapper/export/design_1_wrapper/sw/design_1_wrapper/domain_ps7_cortexa9_0/bsplib/lib -o "Zybo-Z7-10-HDMI.elf" ./src/video_capture/video_capture.o  ./src/timer_ps/timer_ps.o  ./src/switch_reader/switch_reader.o  ./src/lorenz_plot/lorenz_plot.o  ./src/intc/intc.o  ./src/free_counter/free_counter.o  ./src/dynclk/dynclk.o  ./src/display_ctrl/display_ctrl.o  ./src/video_demo.o   -Wl,--start-group,-lxil,-lgcc,-lc,--end-group
000-Finished building target: Zybo-Z7-10-HDMI.elf
000- 
000-Invoking: ARM v7 Print Size
000-arm-none-eabi-size Zybo-Z7-10-HDMI.elf  |tee "Zybo-Z7-10-HDMI.elf.size"
000-   text	   data	    bss	    dec	    hex	filename
000- 115011	   3504	24909168	25027683	17de463	Zybo-Z7-10-HDMI.elf
000-Finished building: Zybo-Z7-10-HDMI.elf.size
000- 
00255-
02:14:06 Build Finished (took 1s.357ms)

