
*** Running vivado
    with args -log dda_v1_0.vds -m64 -product Vivado -mode batch -messageDb vivado.pb -notrace -source dda_v1_0.tcl



****** Vivado v2024.1 (64-bit)
  **** SW Build 5076996 on Wed May 22 18:37:14 MDT 2024
  **** IP Build 5075265 on Wed May 22 21:45:21 MDT 2024
  **** SharedData Build 5076995 on Wed May 22 18:29:18 MDT 2024
  **** Start of session at: Fri Sep 11 16:57:17 2026
    ** Copyright 1986-2022 Xilinx, Inc. All Rights Reserved.
    ** Copyright 2022-2024 Advanced Micro Devices, Inc. All Rights Reserved.

source dda_v1_0.tcl -notrace
create_project: Time (s): cpu = 00:00:07 ; elapsed = 00:00:07 . Memory (MB): peak = 487.398 ; gain = 202.004
Command: synth_design -top dda_v1_0 -part xc7z010clg400-1
Starting synth_design
Attempting to get a license for feature 'Synthesis' and/or device 'xc7z010'
INFO: [Common 17-349] Got license for feature 'Synthesis' and/or device 'xc7z010'
INFO: [Synth 8-7079] Multithreading enabled for synth_design using a maximum of 2 processes.
INFO: [Synth 8-7078] Launching helper process for spawning children vivado processes
INFO: [Synth 8-7075] Helper process launched with PID 1484
---------------------------------------------------------------------------------
Starting Synthesize : Time (s): cpu = 00:00:05 ; elapsed = 00:00:06 . Memory (MB): peak = 944.074 ; gain = 452.707
---------------------------------------------------------------------------------
INFO: [Synth 8-6157] synthesizing module 'dda_v1_0' [c:/users/qijin/documents/meng_zybo/hdmi_driver/zybo-z7-hw/zybo-z7-hw.tmp/axi_dda_v1_0_project/axi_dda_v1_0_project.srcs/sources_1/new/dda.v:3]
INFO: [Synth 8-6157] synthesizing module 'signed_mult' [c:/users/qijin/documents/meng_zybo/hdmi_driver/zybo-z7-hw/zybo-z7-hw.tmp/axi_dda_v1_0_project/axi_dda_v1_0_project.srcs/sources_1/new/signed_mult.v:4]
INFO: [Synth 8-6155] done synthesizing module 'signed_mult' (0#1) [c:/users/qijin/documents/meng_zybo/hdmi_driver/zybo-z7-hw/zybo-z7-hw.tmp/axi_dda_v1_0_project/axi_dda_v1_0_project.srcs/sources_1/new/signed_mult.v:4]
INFO: [Synth 8-6155] done synthesizing module 'dda_v1_0' (0#1) [c:/users/qijin/documents/meng_zybo/hdmi_driver/zybo-z7-hw/zybo-z7-hw.tmp/axi_dda_v1_0_project/axi_dda_v1_0_project.srcs/sources_1/new/dda.v:3]
TclStackFree: incorrect freePtr (000001C4A7849BF0 != 000001C4A784A430). Call out of sequence?
Abnormal program termination (EXCEPTION_BREAKPOINT)
Please check 'c:/Users/qijin/Documents/MEng_ZYBO/hdmi_driver/Zybo-Z7-HW/Zybo-Z7-HW.tmp/axi_dda_v1_0_project/axi_dda_v1_0_project.runs/synth_1/hs_err_pid4088.log' for details
