21:02:02 DEBUG : Logs will be stored at '/home/zkarim28/fpga_hdmi_custom/Zybo-Z7-10-HDMI-sw/IDE.log'.
21:02:07 INFO  : Launching XSCT server: xsct -n  -interactive /home/zkarim28/fpga_hdmi_custom/Zybo-Z7-10-HDMI-sw/temp_xsdb_launch_script.tcl
21:02:07 INFO  : Registering command handlers for Vitis TCF services
21:02:11 INFO  : XSCT server has started successfully.
21:02:11 INFO  : Successfully done setting XSCT server connection channel  
21:02:11 INFO  : plnx-install-location is set to ''
21:02:11 INFO  : Successfully done setting workspace for the tool. 
21:02:11 INFO  : Successfully done query RDI_DATADIR 
21:02:12 INFO  : Platform repository initialization has completed.
21:03:40 DEBUG : Logs will be stored at '/home/zkarim28/fpga_hdmi_custom/Zybo-Z7-10-HDMI-sw/IDE.log'.
21:03:44 INFO  : Launching XSCT server: xsct -n  -interactive /home/zkarim28/fpga_hdmi_custom/Zybo-Z7-10-HDMI-sw/temp_xsdb_launch_script.tcl
21:03:45 INFO  : Registering command handlers for Vitis TCF services
21:03:49 INFO  : XSCT server has started successfully.
21:03:49 INFO  : plnx-install-location is set to ''
21:03:49 INFO  : Successfully done setting XSCT server connection channel  
21:03:49 INFO  : Successfully done query RDI_DATADIR 
21:03:49 INFO  : Successfully done setting workspace for the tool. 
21:03:49 INFO  : Platform repository initialization has completed.
21:06:50 INFO  : Platform 'design_1_wrapper' is added to custom repositories.
21:06:51 WARN  : Failed to identify the type of project 'sdx_export_metadata'. Skipping...
21:06:51 WARN  : The following projects could not be identified as Vitis projects and will not be managed by the tool:
	sdx_export_metadata
