
*** Running vivado
    with args -log design_1_proc_sys_reset_0_0.vds -m64 -product Vivado -mode batch -messageDb vivado.pb -notrace -source design_1_proc_sys_reset_0_0.tcl



****** Vivado v2024.1 (64-bit)
  **** SW Build 5076996 on Wed May 22 18:37:14 MDT 2024
  **** IP Build 5075265 on Wed May 22 21:45:21 MDT 2024
  **** SharedData Build 5076995 on Wed May 22 18:29:18 MDT 2024
  **** Start of session at: Thu Jul  4 12:26:14 2024
    ** Copyright 1986-2022 Xilinx, Inc. All Rights Reserved.
    ** Copyright 2022-2024 Advanced Micro Devices, Inc. All Rights Reserved.

Sourcing tcl script 'C:/Users/rbocos/AppData/Roaming/Xilinx/Vivado/Vivado_init.tcl'
Set Board Part RepoPath: C:/Users/rbocos/Downloads/vivado-boards/new
source design_1_proc_sys_reset_0_0.tcl -notrace
create_project: Time (s): cpu = 00:00:14 ; elapsed = 00:00:15 . Memory (MB): peak = 702.590 ; gain = 274.039
INFO: [IP_Flow 19-234] Refreshing IP repositories
INFO: [IP_Flow 19-1700] Loaded user IP repository 'd:/Zybo-Z7-HW/repo'.
INFO: [IP_Flow 19-2313] Loaded Vivado IP repository 'D:/Xilinx/Vivado/2024.1/data/ip'.
INFO: [IP_Flow 19-6924] IPCACHE: Running cache check for IP inst: design_1_proc_sys_reset_0_0
INFO: [IP_Flow 19-6922] IPCACHE: Exporting cached entry 3dd513b87bbc11df to dir: D:/Zybo-Z7-HW/proj/Zybo-Z7-HW.runs/design_1_proc_sys_reset_0_0_synth_1
INFO: [IP_Flow 19-6928] IPCACHE: copied cached file d:/Zybo-Z7-HW/proj/cache/3/d/3dd513b87bbc11df/design_1_proc_sys_reset_fclk0_0.dcp to D:/Zybo-Z7-HW/proj/Zybo-Z7-HW.runs/design_1_proc_sys_reset_0_0_synth_1/design_1_proc_sys_reset_0_0.dcp.
INFO: [IP_Flow 19-6928] IPCACHE: copied cached file d:/Zybo-Z7-HW/proj/cache/3/d/3dd513b87bbc11df/design_1_proc_sys_reset_fclk0_0_sim_netlist.v to D:/Zybo-Z7-HW/proj/Zybo-Z7-HW.runs/design_1_proc_sys_reset_0_0_synth_1/design_1_proc_sys_reset_0_0_sim_netlist.v.
INFO: [IP_Flow 19-6928] IPCACHE: copied cached file d:/Zybo-Z7-HW/proj/cache/3/d/3dd513b87bbc11df/design_1_proc_sys_reset_fclk0_0_sim_netlist.vhdl to D:/Zybo-Z7-HW/proj/Zybo-Z7-HW.runs/design_1_proc_sys_reset_0_0_synth_1/design_1_proc_sys_reset_0_0_sim_netlist.vhdl.
INFO: [IP_Flow 19-6928] IPCACHE: copied cached file d:/Zybo-Z7-HW/proj/cache/3/d/3dd513b87bbc11df/design_1_proc_sys_reset_fclk0_0_stub.v to D:/Zybo-Z7-HW/proj/Zybo-Z7-HW.runs/design_1_proc_sys_reset_0_0_synth_1/design_1_proc_sys_reset_0_0_stub.v.
INFO: [IP_Flow 19-6928] IPCACHE: copied cached file d:/Zybo-Z7-HW/proj/cache/3/d/3dd513b87bbc11df/design_1_proc_sys_reset_fclk0_0_stub.vhdl to D:/Zybo-Z7-HW/proj/Zybo-Z7-HW.runs/design_1_proc_sys_reset_0_0_synth_1/design_1_proc_sys_reset_0_0_stub.vhdl.
INFO: [IP_Flow 19-4838] Using cached IP synthesis design for IP design_1_proc_sys_reset_0_0, cache-ID = 3dd513b87bbc11df.
INFO: [Common 17-206] Exiting Vivado at Thu Jul  4 12:26:38 2024...
