2026-09-08T16:14:28.75618800255-16:14:28 **** Incremental Build of configuration Debug for project Zybo-Z7-10-HDMI ****
000-make all 
000-make --no-print-directory pre-build
000-a9-linaro-pre-build-step
000-' '
000-make --no-print-directory main-build
000-'Building file: ../src/video_demo.c'
000-'Invoking: ARM v7 gcc compiler'
000-arm-none-eabi-gcc -DDEBUG -Wall -O0 -g3 -ID:/Zybo-Z7-SW/src/Zybo-Z7-10-HDMI/src -c -fmessage-length=0 -MT"src/video_demo.o" -mcpu=cortex-a9 -mfpu=vfpv3 -mfloat-abi=hard -IC:/Users/Administrator/Documents/MEng_ZYBO/hdmi_driver/design_1_wrapper/export/design_1_wrapper/sw/design_1_wrapper/domain_ps7_cortexa9_0/bspinclude/include -MMD -MP -MF"src/video_demo.d" -MT"src/video_demo.o" -o "src/video_demo.o" "../src/video_demo.c"
000-In file included from C:/Users/Administrator/Documents/MEng_ZYBO/hdmi_driver/design_1_wrapper/export/design_1_wrapper/sw/design_1_wrapper/domain_ps7_cortexa9_0/bspinclude/include/xaxivdma_i.h:52,
000-                 from C:/Users/Administrator/Documents/MEng_ZYBO/hdmi_driver/design_1_wrapper/export/design_1_wrapper/sw/design_1_wrapper/domain_ps7_cortexa9_0/bspinclude/include/xaxivdma.h:297,
000-                 from ../src/display_ctrl/display_ctrl.h:56,
000-                 from ../src/video_demo.h:9,
000-                 from ../src/video_demo.c:5:
000/design_1_wrapper/export/design_1_wrapper/sw/design_1_wrapper/domain_ps7_cortexa9_0/bspinclude/include/xdebug.h21-1-1#warning DEBUG is enabled [-Wcpp]1-C:/Users/Administrator/Documents/MEng_ZYBO/hdmi_driver/design_1_wrapper/export/design_1_wrapper/sw/design_1_wrapper/domain_ps7_cortexa9_0/bspinclude/include/xdebug.h:21:2: warning: #warning DEBUG is enabled [-Wcpp]
000-   21 | #warning DEBUG is enabled
000-      |  ^~~~~~~
000-In file included from ../src/video_demo.c:10:
000/design_1_wrapper/export/design_1_wrapper/sw/design_1_wrapper/domain_ps7_cortexa9_0/bspinclude/include/xuartps.h450-1-1"XUartPs_IsTransmitEmpty" redefined1-C:/Users/Administrator/Documents/MEng_ZYBO/hdmi_driver/design_1_wrapper/export/design_1_wrapper/sw/design_1_wrapper/domain_ps7_cortexa9_0/bspinclude/include/xuartps.h:450: warning: "XUartPs_IsTransmitEmpty" redefined
000-  450 | #define XUartPs_IsTransmitEmpty(InstancePtr)                            \
000-      | 
000-In file included from C:/Users/Administrator/Documents/MEng_ZYBO/hdmi_driver/design_1_wrapper/export/design_1_wrapper/sw/design_1_wrapper/domain_ps7_cortexa9_0/bspinclude/include/xuartps.h:170:
000/design_1_wrapper/export/design_1_wrapper/sw/design_1_wrapper/domain_ps7_cortexa9_0/bspinclude/include/xuartps_hw.h424-1-1this is the location of the previous definition0-C:/Users/Administrator/Documents/MEng_ZYBO/hdmi_driver/design_1_wrapper/export/design_1_wrapper/sw/design_1_wrapper/domain_ps7_cortexa9_0/bspinclude/include/xuartps_hw.h:424: note: this is the location of the previous definition
000-  424 | #define XUartPs_IsTransmitEmpty(BaseAddress)                     \
000-      | 
000-'Finished building: ../src/video_demo.c'
000-' '
000-'Building target: Zybo-Z7-10-HDMI.elf'
000-'Invoking: ARM v7 gcc linker'
000-arm-none-eabi-gcc -mcpu=cortex-a9 -mfpu=vfpv3 -mfloat-abi=hard -Wl,-build-id=none -specs=Xilinx.spec -Wl,-T -Wl,../src/lscript.ld -LC:/Users/Administrator/Documents/MEng_ZYBO/hdmi_driver/design_1_wrapper/export/design_1_wrapper/sw/design_1_wrapper/domain_ps7_cortexa9_0/bsplib/lib -o "Zybo-Z7-10-HDMI.elf"  ./src/video_capture/video_capture.o  ./src/timer_ps/timer_ps.o  ./src/intc/intc.o  ./src/dynclk/dynclk.o  ./src/display_ctrl/display_ctrl.o  ./src/video_demo.o   -Wl,--start-group,-lxil,-lgcc,-lc,--end-group
000-'Finished building target: Zybo-Z7-10-HDMI.elf'
000-' '
000-'Invoking: ARM v7 Print Size'
000-arm-none-eabi-size Zybo-Z7-10-HDMI.elf  |tee "Zybo-Z7-10-HDMI.elf.size"
000-   text	   data	    bss	    dec	    hex	filename
000- 107115	   3520	24908752	25019387	17dc3fb	Zybo-Z7-10-HDMI.elf
000-'Finished building: Zybo-Z7-10-HDMI.elf.size'
000-' '
00255-
16:14:31 Build Finished (took 2s.938ms)

