#-----------------------------------------------------------
# Vivado v2024.1 (64-bit)
# SW Build 5076996 on Wed May 22 18:36:09 MDT 2024
# IP Build 5075265 on Wed May 22 21:45:21 MDT 2024
# SharedData Build 5076995 on Wed May 22 18:29:18 MDT 2024
# Start of session at: Sat Sep 19 17:03:00 2026
# Process ID: 330203
# Current directory: /home/zkarim28/Meng/MEng_ZYBO/lorenz_ip_hdmi/fpga_hdmi_custom/Zybo-Z7-HW/Zybo-Z7-HW.runs/design_1_xbar_2_synth_1
# Command line: vivado -log design_1_xbar_2.vds -product Vivado -mode batch -messageDb vivado.pb -notrace -source design_1_xbar_2.tcl
# Log file: /home/zkarim28/Meng/MEng_ZYBO/lorenz_ip_hdmi/fpga_hdmi_custom/Zybo-Z7-HW/Zybo-Z7-HW.runs/design_1_xbar_2_synth_1/design_1_xbar_2.vds
# Journal file: /home/zkarim28/Meng/MEng_ZYBO/lorenz_ip_hdmi/fpga_hdmi_custom/Zybo-Z7-HW/Zybo-Z7-HW.runs/design_1_xbar_2_synth_1/vivado.jou
# Running On        :dhcp-vl2042-15607.redrover.cornell.edu
# Platform          :unknown
# Operating System  :unknown
# Processor Detail  :Intel(R) Core(TM) i7-7660U CPU @ 2.50GHz
# CPU Frequency     :3199.981 MHz
# CPU Physical cores:2
# CPU Logical cores :4
# Host memory       :16616 MB
# Swap memory       :8589 MB
# Total Virtual     :25206 MB
# Available Virtual :17692 MB
#-----------------------------------------------------------
source design_1_xbar_2.tcl -notrace
