
*** Running vivado
    with args -log design_1_lorenz_reader_0_0.vds -m64 -product Vivado -mode batch -messageDb vivado.pb -notrace -source design_1_lorenz_reader_0_0.tcl


****** Vivado v2024.1 (64-bit)
  **** SW Build 5076996 on Wed May 22 18:36:09 MDT 2024
  **** IP Build 5075265 on Wed May 22 21:45:21 MDT 2024
  **** SharedData Build 5076995 on Wed May 22 18:29:18 MDT 2024
  **** Start of session at: Thu Sep 17 01:46:00 2026
    ** Copyright 1986-2022 Xilinx, Inc. All Rights Reserved.
    ** Copyright 2022-2024 Advanced Micro Devices, Inc. All Rights Reserved.

source design_1_lorenz_reader_0_0.tcl -notrace
create_project: Time (s): cpu = 00:00:10 ; elapsed = 00:00:11 . Memory (MB): peak = 1664.863 ; gain = 35.832 ; free physical = 457 ; free virtual = 9121
INFO: [IP_Flow 19-234] Refreshing IP repositories
INFO: [IP_Flow 19-1700] Loaded user IP repository '/home/zkarim28/fpga_hdmi_custom/ip_repo/free_counter_1_0'.
INFO: [IP_Flow 19-1700] Loaded user IP repository '/home/zkarim28/ECE5760/ip_repo/lorenz_reader_1_0'.
INFO: [IP_Flow 19-1700] Loaded user IP repository '/home/zkarim28/fpga_hdmi_custom/ip_repo/switch_reader_1_0'.
INFO: [IP_Flow 19-1700] Loaded user IP repository '/home/zkarim28/fpga_hdmi_custom/Zybo-Z7-HW/Zybo-Z7-HW.ipdefs/repo'.
INFO: [IP_Flow 19-2313] Loaded Vivado IP repository '/tools/Xilinx/Vivado/2024.1/data/ip'.
INFO: [IP_Flow 19-6924] IPCACHE: Running cache check for IP inst: design_1_lorenz_reader_0_0
Command: synth_design -top design_1_lorenz_reader_0_0 -part xc7z010clg400-1 -incremental_mode off -mode out_of_context
Starting synth_design
Attempting to get a license for feature 'Synthesis' and/or device 'xc7z010'
INFO: [Common 17-349] Got license for feature 'Synthesis' and/or device 'xc7z010'
INFO: [Device 21-403] Loading part xc7z010clg400-1
INFO: [Device 21-9227] Part: xc7z010clg400-1 does not have CEAM library.
INFO: [Synth 8-7079] Multithreading enabled for synth_design using a maximum of 4 processes.
INFO: [Synth 8-7078] Launching helper process for spawning children vivado processes
INFO: [Synth 8-7075] Helper process launched with PID 968354
---------------------------------------------------------------------------------
Starting RTL Elaboration : Time (s): cpu = 00:00:07 ; elapsed = 00:00:09 . Memory (MB): peak = 2429.484 ; gain = 412.629 ; free physical = 200 ; free virtual = 6366
---------------------------------------------------------------------------------
INFO: [Synth 8-6157] synthesizing module 'design_1_lorenz_reader_0_0' [/home/zkarim28/fpga_hdmi_custom/Zybo-Z7-HW/Zybo-Z7-HW.gen/sources_1/bd/design_1/ip/design_1_lorenz_reader_0_0/synth/design_1_lorenz_reader_0_0.v:53]
INFO: [Synth 8-6157] synthesizing module 'lorenz_reader' [/home/zkarim28/fpga_hdmi_custom/Zybo-Z7-HW/Zybo-Z7-HW.gen/sources_1/bd/design_1/ipshared/e92c/hdl/lorenz_reader.v:4]
INFO: [Synth 8-6157] synthesizing module 'solver' [/home/zkarim28/fpga_hdmi_custom/Zybo-Z7-HW/Zybo-Z7-HW.gen/sources_1/bd/design_1/ipshared/e92c/0506/solver.sv:26]
INFO: [Synth 8-6157] synthesizing module 'signed_mult' [/home/zkarim28/fpga_hdmi_custom/Zybo-Z7-HW/Zybo-Z7-HW.gen/sources_1/bd/design_1/ipshared/e92c/0506/signed_mult.v:26]
INFO: [Synth 8-6155] done synthesizing module 'signed_mult' (0#1) [/home/zkarim28/fpga_hdmi_custom/Zybo-Z7-HW/Zybo-Z7-HW.gen/sources_1/bd/design_1/ipshared/e92c/0506/signed_mult.v:26]
INFO: [Synth 8-6157] synthesizing module 'integrator' [/home/zkarim28/fpga_hdmi_custom/Zybo-Z7-HW/Zybo-Z7-HW.gen/sources_1/bd/design_1/ipshared/e92c/0506/integrator.sv:26]
INFO: [Synth 8-6155] done synthesizing module 'integrator' (0#1) [/home/zkarim28/fpga_hdmi_custom/Zybo-Z7-HW/Zybo-Z7-HW.gen/sources_1/bd/design_1/ipshared/e92c/0506/integrator.sv:26]
INFO: [Synth 8-6155] done synthesizing module 'solver' (0#1) [/home/zkarim28/fpga_hdmi_custom/Zybo-Z7-HW/Zybo-Z7-HW.gen/sources_1/bd/design_1/ipshared/e92c/0506/solver.sv:26]
INFO: [Synth 8-6157] synthesizing module 'lorenz_reader_slave_lite_v1_0_S00_AXI' [/home/zkarim28/fpga_hdmi_custom/Zybo-Z7-HW/Zybo-Z7-HW.gen/sources_1/bd/design_1/ipshared/e92c/hdl/lorenz_reader_slave_lite_v1_0_S00_AXI.v:4]
INFO: [Synth 8-155] case statement is not full and has no default [/home/zkarim28/fpga_hdmi_custom/Zybo-Z7-HW/Zybo-Z7-HW.gen/sources_1/bd/design_1/ipshared/e92c/hdl/lorenz_reader_slave_lite_v1_0_S00_AXI.v:163]
INFO: [Synth 8-226] default block is never used [/home/zkarim28/fpga_hdmi_custom/Zybo-Z7-HW/Zybo-Z7-HW.gen/sources_1/bd/design_1/ipshared/e92c/hdl/lorenz_reader_slave_lite_v1_0_S00_AXI.v:237]
INFO: [Synth 8-155] case statement is not full and has no default [/home/zkarim28/fpga_hdmi_custom/Zybo-Z7-HW/Zybo-Z7-HW.gen/sources_1/bd/design_1/ipshared/e92c/hdl/lorenz_reader_slave_lite_v1_0_S00_AXI.v:290]
INFO: [Synth 8-6155] done synthesizing module 'lorenz_reader_slave_lite_v1_0_S00_AXI' (0#1) [/home/zkarim28/fpga_hdmi_custom/Zybo-Z7-HW/Zybo-Z7-HW.gen/sources_1/bd/design_1/ipshared/e92c/hdl/lorenz_reader_slave_lite_v1_0_S00_AXI.v:4]
INFO: [Synth 8-6155] done synthesizing module 'lorenz_reader' (0#1) [/home/zkarim28/fpga_hdmi_custom/Zybo-Z7-HW/Zybo-Z7-HW.gen/sources_1/bd/design_1/ipshared/e92c/hdl/lorenz_reader.v:4]
INFO: [Synth 8-6155] done synthesizing module 'design_1_lorenz_reader_0_0' (0#1) [/home/zkarim28/fpga_hdmi_custom/Zybo-Z7-HW/Zybo-Z7-HW.gen/sources_1/bd/design_1/ip/design_1_lorenz_reader_0_0/synth/design_1_lorenz_reader_0_0.v:53]
WARNING: [Synth 8-6014] Unused sequential element slv_reg0_reg was removed.  [/home/zkarim28/fpga_hdmi_custom/Zybo-Z7-HW/Zybo-Z7-HW.gen/sources_1/bd/design_1/ipshared/e92c/hdl/lorenz_reader_slave_lite_v1_0_S00_AXI.v:229]
WARNING: [Synth 8-6014] Unused sequential element slv_reg1_reg was removed.  [/home/zkarim28/fpga_hdmi_custom/Zybo-Z7-HW/Zybo-Z7-HW.gen/sources_1/bd/design_1/ipshared/e92c/hdl/lorenz_reader_slave_lite_v1_0_S00_AXI.v:230]
WARNING: [Synth 8-6014] Unused sequential element slv_reg2_reg was removed.  [/home/zkarim28/fpga_hdmi_custom/Zybo-Z7-HW/Zybo-Z7-HW.gen/sources_1/bd/design_1/ipshared/e92c/hdl/lorenz_reader_slave_lite_v1_0_S00_AXI.v:231]
WARNING: [Synth 8-7129] Port S_AXI_AWPROT[2] in module lorenz_reader_slave_lite_v1_0_S00_AXI is either unconnected or has no load
WARNING: [Synth 8-7129] Port S_AXI_AWPROT[1] in module lorenz_reader_slave_lite_v1_0_S00_AXI is either unconnected or has no load
WARNING: [Synth 8-7129] Port S_AXI_AWPROT[0] in module lorenz_reader_slave_lite_v1_0_S00_AXI is either unconnected or has no load
WARNING: [Synth 8-7129] Port S_AXI_ARPROT[2] in module lorenz_reader_slave_lite_v1_0_S00_AXI is either unconnected or has no load
WARNING: [Synth 8-7129] Port S_AXI_ARPROT[1] in module lorenz_reader_slave_lite_v1_0_S00_AXI is either unconnected or has no load
WARNING: [Synth 8-7129] Port S_AXI_ARPROT[0] in module lorenz_reader_slave_lite_v1_0_S00_AXI is either unconnected or has no load
---------------------------------------------------------------------------------
Finished RTL Elaboration : Time (s): cpu = 00:00:09 ; elapsed = 00:00:12 . Memory (MB): peak = 2518.453 ; gain = 501.598 ; free physical = 194 ; free virtual = 6200
---------------------------------------------------------------------------------
---------------------------------------------------------------------------------
Start Handling Custom Attributes
---------------------------------------------------------------------------------
---------------------------------------------------------------------------------
Finished Handling Custom Attributes : Time (s): cpu = 00:00:09 ; elapsed = 00:00:12 . Memory (MB): peak = 2533.297 ; gain = 516.441 ; free physical = 194 ; free virtual = 6201
---------------------------------------------------------------------------------
---------------------------------------------------------------------------------
Finished RTL Optimization Phase 1 : Time (s): cpu = 00:00:09 ; elapsed = 00:00:12 . Memory (MB): peak = 2533.297 ; gain = 516.441 ; free physical = 194 ; free virtual = 6201
---------------------------------------------------------------------------------
Netlist sorting complete. Time (s): cpu = 00:00:00.01 ; elapsed = 00:00:00.02 . Memory (MB): peak = 2533.297 ; gain = 0.000 ; free physical = 191 ; free virtual = 6201
INFO: [Project 1-570] Preparing netlist for logic optimization

Processing XDC Constraints
Initializing timing engine
Completed Processing XDC Constraints

Netlist sorting complete. Time (s): cpu = 00:00:00 ; elapsed = 00:00:00 . Memory (MB): peak = 2683.047 ; gain = 0.000 ; free physical = 198 ; free virtual = 6063
INFO: [Project 1-111] Unisim Transformation Summary:
No Unisim elements were transformed.

Constraint Validation Runtime : Time (s): cpu = 00:00:00.04 ; elapsed = 00:00:00.05 . Memory (MB): peak = 2683.047 ; gain = 0.000 ; free physical = 207 ; free virtual = 6057
INFO: [Designutils 20-5008] Incremental synthesis strategy off
---------------------------------------------------------------------------------
Finished Constraint Validation : Time (s): cpu = 00:00:17 ; elapsed = 00:00:20 . Memory (MB): peak = 2683.047 ; gain = 666.191 ; free physical = 206 ; free virtual = 5872
---------------------------------------------------------------------------------
---------------------------------------------------------------------------------
Start Loading Part and Timing Information
---------------------------------------------------------------------------------
Loading part: xc7z010clg400-1
---------------------------------------------------------------------------------
Finished Loading Part and Timing Information : Time (s): cpu = 00:00:17 ; elapsed = 00:00:20 . Memory (MB): peak = 2683.047 ; gain = 666.191 ; free physical = 206 ; free virtual = 5872
---------------------------------------------------------------------------------
---------------------------------------------------------------------------------
Start Applying 'set_property' XDC Constraints
---------------------------------------------------------------------------------
---------------------------------------------------------------------------------
Finished applying 'set_property' XDC Constraints : Time (s): cpu = 00:00:17 ; elapsed = 00:00:20 . Memory (MB): peak = 2683.047 ; gain = 666.191 ; free physical = 206 ; free virtual = 5872
---------------------------------------------------------------------------------
INFO: [Synth 8-802] inferred FSM for state register 'state_write_reg' in module 'lorenz_reader_slave_lite_v1_0_S00_AXI'
INFO: [Synth 8-802] inferred FSM for state register 'state_read_reg' in module 'lorenz_reader_slave_lite_v1_0_S00_AXI'
---------------------------------------------------------------------------------------------------
                   State |                     New Encoding |                Previous Encoding 
---------------------------------------------------------------------------------------------------
                    Idle |                               00 |                               00
                   Waddr |                               01 |                               10
                   Wdata |                               10 |                               11
---------------------------------------------------------------------------------------------------
INFO: [Synth 8-3354] encoded FSM with state register 'state_write_reg' using encoding 'sequential' in module 'lorenz_reader_slave_lite_v1_0_S00_AXI'
---------------------------------------------------------------------------------------------------
                   State |                     New Encoding |                Previous Encoding 
---------------------------------------------------------------------------------------------------
                    Idle |                               00 |                               00
                   Raddr |                               01 |                               10
                   Rdata |                               10 |                               11
---------------------------------------------------------------------------------------------------
INFO: [Synth 8-3354] encoded FSM with state register 'state_read_reg' using encoding 'sequential' in module 'lorenz_reader_slave_lite_v1_0_S00_AXI'
---------------------------------------------------------------------------------
Finished RTL Optimization Phase 2 : Time (s): cpu = 00:00:17 ; elapsed = 00:00:21 . Memory (MB): peak = 2683.047 ; gain = 666.191 ; free physical = 206 ; free virtual = 5872
---------------------------------------------------------------------------------
---------------------------------------------------------------------------------
Start RTL Component Statistics 
---------------------------------------------------------------------------------
Detailed RTL Component Info : 
+---Adders : 
	   2 Input   54 Bit       Adders := 4     
	   3 Input   27 Bit       Adders := 4     
+---Registers : 
	               32 Bit    Registers := 1     
	               27 Bit    Registers := 3     
	                4 Bit    Registers := 2     
	                2 Bit    Registers := 1     
	                1 Bit    Registers := 5     
+---Muxes : 
	   2 Input   32 Bit        Muxes := 1     
	   4 Input   32 Bit        Muxes := 2     
	   3 Input    2 Bit        Muxes := 2     
	   2 Input    2 Bit        Muxes := 6     
	   2 Input    1 Bit        Muxes := 2     
	   3 Input    1 Bit        Muxes := 13    
---------------------------------------------------------------------------------
Finished RTL Component Statistics 
---------------------------------------------------------------------------------
---------------------------------------------------------------------------------
Start Part Resource Summary
---------------------------------------------------------------------------------
Part Resources:
DSPs: 80 (col length:40)
BRAMs: 120 (col length: RAMB18 40 RAMB36 20)
---------------------------------------------------------------------------------
Finished Part Resource Summary
---------------------------------------------------------------------------------
---------------------------------------------------------------------------------
Start Cross Boundary and Area Optimization
---------------------------------------------------------------------------------
WARNING: [Synth 8-7080] Parallel synthesis criteria is not met
DSP Report: Generating DSP inst/solver_i/multiplier_z2/mult_out, operation Mode is: (A:0xaaab)*B2.
DSP Report: register inst/solver_i/integrator_z/v1_reg is absorbed into DSP inst/solver_i/multiplier_z2/mult_out.
DSP Report: operator inst/solver_i/multiplier_z2/mult_out is absorbed into DSP inst/solver_i/multiplier_z2/mult_out.
DSP Report: operator inst/solver_i/multiplier_z2/mult_out is absorbed into DSP inst/solver_i/multiplier_z2/mult_out.
DSP Report: Generating DSP inst/solver_i/multiplier_z2/mult_out, operation Mode is: A2*(B:0xaaab).
DSP Report: register inst/solver_i/integrator_z/v1_reg is absorbed into DSP inst/solver_i/multiplier_z2/mult_out.
DSP Report: operator inst/solver_i/multiplier_z2/mult_out is absorbed into DSP inst/solver_i/multiplier_z2/mult_out.
DSP Report: operator inst/solver_i/multiplier_z2/mult_out is absorbed into DSP inst/solver_i/multiplier_z2/mult_out.
DSP Report: Generating DSP inst/solver_i/multiplier_z2/mult_out, operation Mode is: (PCIN>>17)+A2*(B:0x15).
DSP Report: register inst/solver_i/integrator_z/v1_reg is absorbed into DSP inst/solver_i/multiplier_z2/mult_out.
DSP Report: operator inst/solver_i/multiplier_z2/mult_out is absorbed into DSP inst/solver_i/multiplier_z2/mult_out.
DSP Report: operator inst/solver_i/multiplier_z2/mult_out is absorbed into DSP inst/solver_i/multiplier_z2/mult_out.
DSP Report: Generating DSP inst/solver_i/mult_dx/mult_out, operation Mode is: A*(B:0x50).
DSP Report: operator inst/solver_i/mult_dx/mult_out is absorbed into DSP inst/solver_i/mult_dx/mult_out.
DSP Report: operator inst/solver_i/mult_dx/mult_out is absorbed into DSP inst/solver_i/mult_dx/mult_out.
DSP Report: Generating DSP inst/solver_i/multiplier_y/mult_out, operation Mode is: A*B2.
DSP Report: register inst/solver_i/integrator_x/v1_reg is absorbed into DSP inst/solver_i/multiplier_y/mult_out.
DSP Report: operator inst/solver_i/multiplier_y/mult_out is absorbed into DSP inst/solver_i/multiplier_y/mult_out.
DSP Report: operator inst/solver_i/multiplier_y/mult_out is absorbed into DSP inst/solver_i/multiplier_y/mult_out.
DSP Report: Generating DSP inst/solver_i/multiplier_y/mult_out, operation Mode is: A2*B.
DSP Report: register inst/solver_i/integrator_x/v1_reg is absorbed into DSP inst/solver_i/multiplier_y/mult_out.
DSP Report: operator inst/solver_i/multiplier_y/mult_out is absorbed into DSP inst/solver_i/multiplier_y/mult_out.
DSP Report: operator inst/solver_i/multiplier_y/mult_out is absorbed into DSP inst/solver_i/multiplier_y/mult_out.
DSP Report: Generating DSP inst/solver_i/multiplier_y/mult_out, operation Mode is: (PCIN>>17)+A2*B.
DSP Report: register inst/solver_i/integrator_x/v1_reg is absorbed into DSP inst/solver_i/multiplier_y/mult_out.
DSP Report: operator inst/solver_i/multiplier_y/mult_out is absorbed into DSP inst/solver_i/multiplier_y/mult_out.
DSP Report: operator inst/solver_i/multiplier_y/mult_out is absorbed into DSP inst/solver_i/multiplier_y/mult_out.
DSP Report: Generating DSP inst/solver_i/multiplier_z1/mult_out, operation Mode is: A2*B2.
DSP Report: register inst/solver_i/integrator_x/v1_reg is absorbed into DSP inst/solver_i/multiplier_z1/mult_out.
DSP Report: register inst/solver_i/multiplier_z1/mult_out is absorbed into DSP inst/solver_i/multiplier_z1/mult_out.
DSP Report: operator inst/solver_i/multiplier_z1/mult_out is absorbed into DSP inst/solver_i/multiplier_z1/mult_out.
DSP Report: operator inst/solver_i/multiplier_z1/mult_out is absorbed into DSP inst/solver_i/multiplier_z1/mult_out.
DSP Report: Generating DSP inst/solver_i/multiplier_z1/mult_out, operation Mode is: A2*B2.
DSP Report: register inst/solver_i/multiplier_z1/mult_out is absorbed into DSP inst/solver_i/multiplier_z1/mult_out.
DSP Report: register inst/solver_i/integrator_x/v1_reg is absorbed into DSP inst/solver_i/multiplier_z1/mult_out.
DSP Report: operator inst/solver_i/multiplier_z1/mult_out is absorbed into DSP inst/solver_i/multiplier_z1/mult_out.
DSP Report: operator inst/solver_i/multiplier_z1/mult_out is absorbed into DSP inst/solver_i/multiplier_z1/mult_out.
DSP Report: Generating DSP inst/solver_i/multiplier_z1/mult_out, operation Mode is: (PCIN>>17)+A2*B2.
DSP Report: register inst/solver_i/integrator_y/v1_reg is absorbed into DSP inst/solver_i/multiplier_z1/mult_out.
DSP Report: register inst/solver_i/integrator_x/v1_reg is absorbed into DSP inst/solver_i/multiplier_z1/mult_out.
DSP Report: operator inst/solver_i/multiplier_z1/mult_out is absorbed into DSP inst/solver_i/multiplier_z1/mult_out.
DSP Report: operator inst/solver_i/multiplier_z1/mult_out is absorbed into DSP inst/solver_i/multiplier_z1/mult_out.
WARNING: [Synth 8-7129] Port s00_axi_awprot[2] in module design_1_lorenz_reader_0_0 is either unconnected or has no load
WARNING: [Synth 8-7129] Port s00_axi_awprot[1] in module design_1_lorenz_reader_0_0 is either unconnected or has no load
WARNING: [Synth 8-7129] Port s00_axi_awprot[0] in module design_1_lorenz_reader_0_0 is either unconnected or has no load
WARNING: [Synth 8-7129] Port s00_axi_arprot[2] in module design_1_lorenz_reader_0_0 is either unconnected or has no load
WARNING: [Synth 8-7129] Port s00_axi_arprot[1] in module design_1_lorenz_reader_0_0 is either unconnected or has no load
WARNING: [Synth 8-7129] Port s00_axi_arprot[0] in module design_1_lorenz_reader_0_0 is either unconnected or has no load
---------------------------------------------------------------------------------
Finished Cross Boundary and Area Optimization : Time (s): cpu = 00:00:21 ; elapsed = 00:00:24 . Memory (MB): peak = 2683.047 ; gain = 666.191 ; free physical = 184 ; free virtual = 5862
---------------------------------------------------------------------------------
 Sort Area is  inst/solver_i/multiplier_z1/mult_out_0 : 0 0 : 2622 3906 : Used 1 time 0
 Sort Area is  inst/solver_i/multiplier_z1/mult_out_0 : 0 1 : 1284 3906 : Used 1 time 0
 Sort Area is  inst/solver_i/multiplier_y/mult_out_a : 0 0 : 2604 3878 : Used 1 time 0
 Sort Area is  inst/solver_i/multiplier_y/mult_out_a : 0 1 : 1274 3878 : Used 1 time 0
 Sort Area is  inst/solver_i/multiplier_z2/mult_out_5 : 0 0 : 1595 1992 : Used 1 time 0
 Sort Area is  inst/solver_i/multiplier_z2/mult_out_5 : 0 1 : 397 1992 : Used 1 time 0
 Sort Area is  inst/solver_i/multiplier_z1/mult_out_3 : 0 0 : 1358 1358 : Used 1 time 0
 Sort Area is  inst/solver_i/multiplier_y/mult_out_d : 0 0 : 1340 1340 : Used 1 time 0
 Sort Area is  inst/solver_i/multiplier_z2/mult_out_8 : 0 0 : 792 792 : Used 1 time 0
 Sort Area is  inst/solver_i/mult_dx/mult_out_f : 0 0 : 404 404 : Used 1 time 0
---------------------------------------------------------------------------------
Start ROM, RAM, DSP, Shift Register and Retiming Reporting
---------------------------------------------------------------------------------

DSP: Preliminary Mapping Report (see note below. The ' indicates corresponding REG is set)
+---------------------------+------------------------+--------+--------+--------+--------+--------+------+------+------+------+-------+------+------+
|Module Name                | DSP Mapping            | A Size | B Size | C Size | D Size | P Size | AREG | BREG | CREG | DREG | ADREG | MREG | PREG | 
+---------------------------+------------------------+--------+--------+--------+--------+--------+------+------+------+------+-------+------+------+
|design_1_lorenz_reader_0_0 | (A:0xaaab)*B2          | 10     | 17     | -      | -      | 48     | 1    | 0    | -    | -    | -     | 0    | 0    | 
|design_1_lorenz_reader_0_0 | A2*(B:0xaaab)          | 18     | 17     | -      | -      | 48     | 1    | 0    | -    | -    | -     | 0    | 0    | 
|design_1_lorenz_reader_0_0 | (PCIN>>17)+A2*(B:0x15) | 18     | 6      | -      | -      | 37     | 1    | 0    | -    | -    | -     | 0    | 0    | 
|signed_mult                | A*(B:0x50)             | 18     | 8      | -      | -      | 48     | 0    | 0    | -    | -    | -     | 0    | 0    | 
|design_1_lorenz_reader_0_0 | A*B2                   | 18     | 10     | -      | -      | 48     | 0    | 1    | -    | -    | -     | 0    | 0    | 
|design_1_lorenz_reader_0_0 | A2*B                   | 18     | 18     | -      | -      | 48     | 1    | 0    | -    | -    | -     | 0    | 0    | 
|design_1_lorenz_reader_0_0 | (PCIN>>17)+A2*B        | 18     | 10     | -      | -      | 37     | 1    | 0    | -    | -    | -     | 0    | 0    | 
|design_1_lorenz_reader_0_0 | A2*B2                  | 18     | 10     | -      | -      | 48     | 1    | 1    | -    | -    | -     | 0    | 0    | 
|design_1_lorenz_reader_0_0 | A2*B2                  | 18     | 18     | -      | -      | 48     | 1    | 1    | -    | -    | -     | 0    | 0    | 
|design_1_lorenz_reader_0_0 | (PCIN>>17)+A2*B2       | 18     | 10     | -      | -      | 37     | 1    | 1    | -    | -    | -     | 0    | 0    | 
+---------------------------+------------------------+--------+--------+--------+--------+--------+------+------+------+------+-------+------+------+

Note: The table above is a preliminary report that shows the DSPs inferred at the current stage of the synthesis flow. Some DSP may be reimplemented as non DSP primitives later in the synthesis flow. Multiple instantiated DSPs are reported only once.
---------------------------------------------------------------------------------
Finished ROM, RAM, DSP, Shift Register and Retiming Reporting
---------------------------------------------------------------------------------
---------------------------------------------------------------------------------
Start Applying XDC Timing Constraints
---------------------------------------------------------------------------------
---------------------------------------------------------------------------------
Finished Applying XDC Timing Constraints : Time (s): cpu = 00:00:30 ; elapsed = 00:00:34 . Memory (MB): peak = 2683.047 ; gain = 666.191 ; free physical = 195 ; free virtual = 5865
---------------------------------------------------------------------------------
---------------------------------------------------------------------------------
Start Timing Optimization
---------------------------------------------------------------------------------
---------------------------------------------------------------------------------
Finished Timing Optimization : Time (s): cpu = 00:00:30 ; elapsed = 00:00:34 . Memory (MB): peak = 2683.047 ; gain = 666.191 ; free physical = 227 ; free virtual = 5882
---------------------------------------------------------------------------------
---------------------------------------------------------------------------------
Start Technology Mapping
---------------------------------------------------------------------------------
---------------------------------------------------------------------------------
Finished Technology Mapping : Time (s): cpu = 00:00:30 ; elapsed = 00:00:34 . Memory (MB): peak = 2683.047 ; gain = 666.191 ; free physical = 331 ; free virtual = 5875
---------------------------------------------------------------------------------
---------------------------------------------------------------------------------
Start IO Insertion
---------------------------------------------------------------------------------
---------------------------------------------------------------------------------
Start Flattening Before IO Insertion
---------------------------------------------------------------------------------
---------------------------------------------------------------------------------
Finished Flattening Before IO Insertion
---------------------------------------------------------------------------------
---------------------------------------------------------------------------------
Start Final Netlist Cleanup
---------------------------------------------------------------------------------
---------------------------------------------------------------------------------
Finished Final Netlist Cleanup
---------------------------------------------------------------------------------
---------------------------------------------------------------------------------
Finished IO Insertion : Time (s): cpu = 00:00:35 ; elapsed = 00:00:39 . Memory (MB): peak = 2683.047 ; gain = 666.191 ; free physical = 281 ; free virtual = 5859
---------------------------------------------------------------------------------
---------------------------------------------------------------------------------
Start Renaming Generated Instances
---------------------------------------------------------------------------------
---------------------------------------------------------------------------------
Finished Renaming Generated Instances : Time (s): cpu = 00:00:35 ; elapsed = 00:00:39 . Memory (MB): peak = 2683.047 ; gain = 666.191 ; free physical = 281 ; free virtual = 5859
---------------------------------------------------------------------------------
---------------------------------------------------------------------------------
Start Rebuilding User Hierarchy
---------------------------------------------------------------------------------
---------------------------------------------------------------------------------
Finished Rebuilding User Hierarchy : Time (s): cpu = 00:00:35 ; elapsed = 00:00:39 . Memory (MB): peak = 2683.047 ; gain = 666.191 ; free physical = 281 ; free virtual = 5859
---------------------------------------------------------------------------------
---------------------------------------------------------------------------------
Start Renaming Generated Ports
---------------------------------------------------------------------------------
---------------------------------------------------------------------------------
Finished Renaming Generated Ports : Time (s): cpu = 00:00:35 ; elapsed = 00:00:39 . Memory (MB): peak = 2683.047 ; gain = 666.191 ; free physical = 281 ; free virtual = 5859
---------------------------------------------------------------------------------
---------------------------------------------------------------------------------
Start Handling Custom Attributes
---------------------------------------------------------------------------------
---------------------------------------------------------------------------------
Finished Handling Custom Attributes : Time (s): cpu = 00:00:35 ; elapsed = 00:00:39 . Memory (MB): peak = 2683.047 ; gain = 666.191 ; free physical = 281 ; free virtual = 5859
---------------------------------------------------------------------------------
---------------------------------------------------------------------------------
Start Renaming Generated Nets
---------------------------------------------------------------------------------
---------------------------------------------------------------------------------
Finished Renaming Generated Nets : Time (s): cpu = 00:00:35 ; elapsed = 00:00:39 . Memory (MB): peak = 2683.047 ; gain = 666.191 ; free physical = 281 ; free virtual = 5859
---------------------------------------------------------------------------------
---------------------------------------------------------------------------------
Start Writing Synthesis Report
---------------------------------------------------------------------------------

DSP Final Report (the ' indicates corresponding REG is set)
+---------------------------+----------------+--------+--------+--------+--------+--------+------+------+------+------+-------+------+------+
|Module Name                | DSP Mapping    | A Size | B Size | C Size | D Size | P Size | AREG | BREG | CREG | DREG | ADREG | MREG | PREG | 
+---------------------------+----------------+--------+--------+--------+--------+--------+------+------+------+------+-------+------+------+
|signed_mult                | A*B            | 17     | 7      | -      | -      | 48     | 0    | 0    | -    | -    | -     | 0    | 0    | 
|design_1_lorenz_reader_0_0 | A*B'           | 17     | 18     | -      | -      | 48     | 0    | 1    | -    | -    | -     | 0    | 0    | 
|design_1_lorenz_reader_0_0 | A'*B           | 17     | 17     | -      | -      | 48     | 1    | 0    | -    | -    | -     | 0    | 0    | 
|design_1_lorenz_reader_0_0 | PCIN>>17+A'*B  | 17     | 18     | -      | -      | 37     | 1    | 0    | -    | -    | -     | 0    | 0    | 
|design_1_lorenz_reader_0_0 | A'*B'          | 17     | 18     | -      | -      | 48     | 1    | 1    | -    | -    | -     | 0    | 0    | 
|design_1_lorenz_reader_0_0 | A'*B'          | 17     | 17     | -      | -      | 48     | 1    | 1    | -    | -    | -     | 0    | 0    | 
|design_1_lorenz_reader_0_0 | PCIN>>17+A'*B' | 17     | 18     | -      | -      | 37     | 1    | 1    | -    | -    | -     | 0    | 0    | 
|design_1_lorenz_reader_0_0 | A'*B           | 30     | 16     | -      | -      | 48     | 1    | 0    | -    | -    | -     | 0    | 0    | 
|design_1_lorenz_reader_0_0 | A'*B           | 17     | 16     | -      | -      | 48     | 1    | 0    | -    | -    | -     | 0    | 0    | 
|design_1_lorenz_reader_0_0 | PCIN>>17+A*B   | 0      | 5      | -      | -      | 37     | 0    | 0    | -    | -    | -     | 0    | 0    | 
+---------------------------+----------------+--------+--------+--------+--------+--------+------+------+------+------+-------+------+------+


Report BlackBoxes: 
+-+--------------+----------+
| |BlackBox name |Instances |
+-+--------------+----------+
+-+--------------+----------+

Report Cell Usage: 
+------+--------+------+
|      |Cell    |Count |
+------+--------+------+
|1     |CARRY4  |   134|
|2     |DSP48E1 |    10|
|6     |LUT1    |    31|
|7     |LUT2    |   492|
|8     |LUT3    |   101|
|9     |LUT4    |    18|
|10    |LUT5    |    19|
|11    |LUT6    |    60|
|12    |FDRE    |   218|
+------+--------+------+
---------------------------------------------------------------------------------
Finished Writing Synthesis Report : Time (s): cpu = 00:00:35 ; elapsed = 00:00:39 . Memory (MB): peak = 2683.047 ; gain = 666.191 ; free physical = 281 ; free virtual = 5859
---------------------------------------------------------------------------------
Synthesis finished with 0 errors, 0 critical warnings and 7 warnings.
Synthesis Optimization Runtime : Time (s): cpu = 00:00:33 ; elapsed = 00:00:37 . Memory (MB): peak = 2683.047 ; gain = 516.441 ; free physical = 252 ; free virtual = 5848
Synthesis Optimization Complete : Time (s): cpu = 00:00:35 ; elapsed = 00:00:39 . Memory (MB): peak = 2683.055 ; gain = 666.191 ; free physical = 252 ; free virtual = 5848
INFO: [Project 1-571] Translating synthesized netlist
Netlist sorting complete. Time (s): cpu = 00:00:00.02 ; elapsed = 00:00:00.02 . Memory (MB): peak = 2683.055 ; gain = 0.000 ; free physical = 513 ; free virtual = 6112
INFO: [Netlist 29-17] Analyzing 144 Unisim elements for replacement
INFO: [Netlist 29-28] Unisim Transformation completed in 0 CPU seconds
INFO: [Project 1-570] Preparing netlist for logic optimization
INFO: [Opt 31-138] Pushed 0 inverter(s) to 0 load pin(s).
Netlist sorting complete. Time (s): cpu = 00:00:00.01 ; elapsed = 00:00:00 . Memory (MB): peak = 2683.055 ; gain = 0.000 ; free physical = 517 ; free virtual = 6121
INFO: [Project 1-111] Unisim Transformation Summary:
No Unisim elements were transformed.

Synth Design complete | Checksum: e863a533
INFO: [Common 17-83] Releasing license: Synthesis
42 Infos, 16 Warnings, 0 Critical Warnings and 0 Errors encountered.
synth_design completed successfully
synth_design: Time (s): cpu = 00:00:48 ; elapsed = 00:00:47 . Memory (MB): peak = 2683.055 ; gain = 998.379 ; free physical = 517 ; free virtual = 6121
INFO: [Common 17-2834] synth_design peak Physical Memory [PSS] (MB): overall = 1701.158; main = 1389.871; forked = 342.120
INFO: [Common 17-2834] synth_design peak Virtual Memory [VSS] (MB): overall = 4366.945; main = 2683.051; forked = 1683.895
Write ShapeDB Complete: Time (s): cpu = 00:00:00 ; elapsed = 00:00:00.01 . Memory (MB): peak = 2707.059 ; gain = 0.000 ; free physical = 514 ; free virtual = 6130
INFO: [Common 17-1381] The checkpoint '/home/zkarim28/fpga_hdmi_custom/Zybo-Z7-HW/Zybo-Z7-HW.runs/design_1_lorenz_reader_0_0_synth_1/design_1_lorenz_reader_0_0.dcp' has been generated.
INFO: [Coretcl 2-1648] Added synthesis output to IP cache for IP design_1_lorenz_reader_0_0, cache-ID = 0197c28e07b1ce3e
INFO: [Coretcl 2-1174] Renamed 10 cell refs.
Write ShapeDB Complete: Time (s): cpu = 00:00:00.02 ; elapsed = 00:00:00.01 . Memory (MB): peak = 2707.059 ; gain = 0.000 ; free physical = 477 ; free virtual = 6123
INFO: [Common 17-1381] The checkpoint '/home/zkarim28/fpga_hdmi_custom/Zybo-Z7-HW/Zybo-Z7-HW.runs/design_1_lorenz_reader_0_0_synth_1/design_1_lorenz_reader_0_0.dcp' has been generated.
INFO: [Vivado 12-24828] Executing command : report_utilization -file design_1_lorenz_reader_0_0_utilization_synth.rpt -pb design_1_lorenz_reader_0_0_utilization_synth.pb
INFO: [Common 17-206] Exiting Vivado at Thu Sep 17 01:47:07 2026...
