2026-09-19T17:12:42.30730600255-17:12:42 **** Incremental Build of project design_1_wrapper ****
000-buildplatform.sh 35815 design_1_wrapper no_domain_build 
000-XSDB Server Channel: tcfchan#7
000-Building the BSP Library for domain  - domain_ps7_cortexa9_0 on processor ps7_cortexa9_0
000-make --no-print-directory seq_libs
000-
000-Running Make include in ps7_cortexa9_0/libsrc/axivdma_v6_15/src
000-
000-make -C ps7_cortexa9_0/libsrc/axivdma_v6_15/src -s include  "SHELL=/bin/sh" "COMPILER=arm-none-eabi-gcc" "ASSEMBLER=arm-none-ea
000-bi-as" "ARCHIVER=arm-none-eabi-ar" "COMPILER_FLAGS=  -O2 -c" "EXTRA_COMPILER_FLAGS=-mcpu=cortex-a9 -mfpu=vfpv3 -mfloat-abi=hard
000- -nostartfiles -g -Wall -Wextra -fno-tree-loop-distribute-patterns"
000-
000-Running Make include in ps7_cortexa9_0/libsrc/coresightps_dcc_v1_10/src
000-
000-make -C ps7_cortexa9_0/libsrc/coresightps_dcc_v1_10/src -s include  "SHELL=/bin/sh" "COMPILER=arm-none-eabi-gcc" "ASSEMBLER=arm
000--none-eabi-as" "ARCHIVER=arm-none-eabi-ar" "COMPILER_FLAGS=  -O2 -c" "EXTRA_COMPILER_FLAGS=-mcpu=cortex-a9 -mfpu=vfpv3 -mfloat-
000-abi=hard -nostartfiles -g -Wall -Wextra -fno-tree-loop-distribute-patterns"
000-
000-Running Make include in ps7_cortexa9_0/libsrc/cpu_cortexa9_v2_12/src
000-
000-make -C ps7_cortexa9_0/libsrc/cpu_cortexa9_v2_12/src -s include  "SHELL=/bin/sh" "COMPILER=arm-none-eabi-gcc" "ASSEMBLER=arm-no
000-ne-eabi-as" "ARCHIVER=arm-none-eabi-ar" "COMPILER_FLAGS=  -O2 -c" "EXTRA_COMPILER_FLAGS=-mcpu=cortex-a9 -mfpu=vfpv3 -mfloat-abi
000-=hard -nostartfiles -g -Wall -Wextra -fno-tree-loop-distribute-patterns"
000-
000-Running Make include in ps7_cortexa9_0/libsrc/ddrps_v1_2/src
000-
000-make -C ps7_cortexa9_0/libsrc/ddrps_v1_2/src -s include  "SHELL=/bin/sh" "COMPILER=arm-none-eabi-gcc" "ASSEMBLER=arm-none-eabi-
000-as" "ARCHIVER=arm-none-eabi-ar" "COMPILER_FLAGS=  -O2 -c" "EXTRA_COMPILER_FLAGS=-mcpu=cortex-a9 -mfpu=vfpv3 -mfloat-abi=hard -n
000-ostartfiles -g -Wall -Wextra -fno-tree-loop-distribute-patterns"
000-
000-Running Make include in ps7_cortexa9_0/libsrc/devcfg_v3_8/src
000-
000-make -C ps7_cortexa9_0/libsrc/devcfg_v3_8/src -s include  "SHELL=/bin/sh" "COMPILER=arm-none-eabi-gcc" "ASSEMBLER=arm-none-eabi
000--as" "ARCHIVER=arm-none-eabi-ar" "COMPILER_FLAGS=  -O2 -c" "EXTRA_COMPILER_FLAGS=-mcpu=cortex-a9 -mfpu=vfpv3 -mfloat-abi=hard -
000-nostartfiles -g -Wall -Wextra -fno-tree-loop-distribute-patterns"
000-
000-Running Make include in ps7_cortexa9_0/libsrc/dmaps_v2_10/src
000-
000-make -C ps7_cortexa9_0/libsrc/dmaps_v2_10/src -s include  "SHELL=/bin/sh" "COMPILER=arm-none-eabi-gcc" "ASSEMBLER=arm-none-eabi
000--as" "ARCHIVER=arm-none-eabi-ar" "COMPILER_FLAGS=  -O2 -c" "EXTRA_COMPILER_FLAGS=-mcpu=cortex-a9 -mfpu=vfpv3 -mfloat-abi=hard -
000-nostartfiles -g -Wall -Wextra -fno-tree-loop-distribute-patterns"
000-
000-Running Make include in ps7_cortexa9_0/libsrc/dynclk_v1_1/src
000-
000-make -C ps7_cortexa9_0/libsrc/dynclk_v1_1/src -s include  "SHELL=/bin/sh" "COMPILER=arm-none-eabi-gcc" "ASSEMBLER=arm-none-eabi
000--as" "ARCHIVER=arm-none-eabi-ar" "COMPILER_FLAGS=  -O2 -c" "EXTRA_COMPILER_FLAGS=-mcpu=cortex-a9 -mfpu=vfpv3 -mfloat-abi=hard -
000-nostartfiles -g -Wall -Wextra -fno-tree-loop-distribute-patterns"
000-
000-Running Make include in ps7_cortexa9_0/libsrc/emacps_v3_20/src
000-
000-make -C ps7_cortexa9_0/libsrc/emacps_v3_20/src -s include  "SHELL=/bin/sh" "COMPILER=arm-none-eabi-gcc" "ASSEMBLER=arm-none-eab
000-i-as" "ARCHIVER=arm-none-eabi-ar" "COMPILER_FLAGS=  -O2 -c" "EXTRA_COMPILER_FLAGS=-mcpu=cortex-a9 -mfpu=vfpv3 -mfloat-abi=hard 
000--nostartfiles -g -Wall -Wextra -fno-tree-loop-distribute-patterns"
000-
000-Running Make include in ps7_cortexa9_0/libsrc/gpiops_v3_13/src
000-
000-make -C ps7_cortexa9_0/libsrc/gpiops_v3_13/src -s include  "SHELL=/bin/sh" "COMPILER=arm-none-eabi-gcc" "ASSEMBLER=arm-none-eab
000-i-as" "ARCHIVER=arm-none-eabi-ar" "COMPILER_FLAGS=  -O2 -c" "EXTRA_COMPILER_FLAGS=-mcpu=cortex-a9 -mfpu=vfpv3 -mfloat-abi=hard 
000--nostartfiles -g -Wall -Wextra -fno-tree-loop-distribute-patterns"
000-
000-Running Make include in ps7_cortexa9_0/libsrc/gpio_v4_11/src
000-
000-make -C ps7_cortexa9_0/libsrc/gpio_v4_11/src -s include  "SHELL=/bin/sh" "COMPILER=arm-none-eabi-gcc" "ASSEMBLER=arm-none-eabi-
000-as" "ARCHIVER=arm-none-eabi-ar" "COMPILER_FLAGS=  -O2 -c" "EXTRA_COMPILER_FLAGS=-mcpu=cortex-a9 -mfpu=vfpv3 -mfloat-abi=hard -n
000-ostartfiles -g -Wall -Wextra -fno-tree-loop-distribute-patterns"
000-
000-Running Make include in ps7_cortexa9_0/libsrc/iicps_v3_19/src
000-
000-make -C ps7_cortexa9_0/libsrc/iicps_v3_19/src -s include  "SHELL=/bin/sh" "COMPILER=arm-none-eabi-gcc" "ASSEMBLER=arm-none-eabi
000--as" "ARCHIVER=arm-none-eabi-ar" "COMPILER_FLAGS=  -O2 -c" "EXTRA_COMPILER_FLAGS=-mcpu=cortex-a9 -mfpu=vfpv3 -mfloat-abi=hard -
000-nostartfiles -g -Wall -Wextra -fno-tree-loop-distribute-patterns"
000-
000-Running Make include in ps7_cortexa9_0/libsrc/lorenz_reader_v1_0/src
000-
000-make -C ps7_cortexa9_0/libsrc/lorenz_reader_v1_0/src -s include  "SHELL=/bin/sh" "COMPILER=arm-none-eabi-gcc" "ASSEMBLER=arm-no
000-ne-eabi-as" "ARCHIVER=arm-none-eabi-ar" "COMPILER_FLAGS=  -O2 -c" "EXTRA_COMPILER_FLAGS=-mcpu=cortex-a9 -mfpu=vfpv3 -mfloat-abi
000-=hard -nostartfiles -g -Wall -Wextra -fno-tree-loop-distribute-patterns"
000-
000-Running Make include in ps7_cortexa9_0/libsrc/qspips_v3_12/src
000-
000-make -C ps7_cortexa9_0/libsrc/qspips_v3_12/src -s include  "SHELL=/bin/sh" "COMPILER=arm-none-eabi-gcc" "ASSEMBLER=arm-none-eab
000-i-as" "ARCHIVER=arm-none-eabi-ar" "COMPILER_FLAGS=  -O2 -c" "EXTRA_COMPILER_FLAGS=-mcpu=cortex-a9 -mfpu=vfpv3 -mfloat-abi=hard 
000--nostartfiles -g -Wall -Wextra -fno-tree-loop-distribute-patterns"
000-
000-Running Make include in ps7_cortexa9_0/libsrc/scugic_v5_3/src
000-
000-make -C ps7_cortexa9_0/libsrc/scugic_v5_3/src -s include  "SHELL=/bin/sh" "COMPILER=arm-none-eabi-gcc" "ASSEMBLER=arm-none-eabi
000--as" "ARCHIVER=arm-none-eabi-ar" "COMPILER_FLAGS=  -O2 -c" "EXTRA_COMPILER_FLAGS=-mcpu=cortex-a9 -mfpu=vfpv3 -mfloat-abi=hard -
000-nostartfiles -g -Wall -Wextra -fno-tree-loop-distribute-patterns"
000-
000-Running Make include in ps7_cortexa9_0/libsrc/scutimer_v2_6/src
000-
000-make -C ps7_cortexa9_0/libsrc/scutimer_v2_6/src -s include  "SHELL=/bin/sh" "COMPILER=arm-none-eabi-gcc" "ASSEMBLER=arm-none-ea
000-bi-as" "ARCHIVER=arm-none-eabi-ar" "COMPILER_FLAGS=  -O2 -c" "EXTRA_COMPILER_FLAGS=-mcpu=cortex-a9 -mfpu=vfpv3 -mfloat-abi=hard
000- -nostartfiles -g -Wall -Wextra -fno-tree-loop-distribute-patterns"
000-
000-Running Make include in ps7_cortexa9_0/libsrc/scuwdt_v2_5/src
000-
000-make -C ps7_cortexa9_0/libsrc/scuwdt_v2_5/src -s include  "SHELL=/bin/sh" "COMPILER=arm-none-eabi-gcc" "ASSEMBLER=arm-none-eabi
000--as" "ARCHIVER=arm-none-eabi-ar" "COMPILER_FLAGS=  -O2 -c" "EXTRA_COMPILER_FLAGS=-mcpu=cortex-a9 -mfpu=vfpv3 -mfloat-abi=hard -
000-nostartfiles -g -Wall -Wextra -fno-tree-loop-distribute-patterns"
000-
000-Running Make include in ps7_cortexa9_0/libsrc/sdps_v4_3/src
000-
000-make -C ps7_cortexa9_0/libsrc/sdps_v4_3/src -s include  "SHELL=/bin/sh" "COMPILER=arm-none-eabi-gcc" "ASSEMBLER=arm-none-eabi-a
000-s" "ARCHIVER=arm-none-eabi-ar" "COMPILER_FLAGS=  -O2 -c" "EXTRA_COMPILER_FLAGS=-mcpu=cortex-a9 -mfpu=vfpv3 -mfloat-abi=hard -no
000-startfiles -g -Wall -Wextra -fno-tree-loop-distribute-patterns"
000-
000-Running Make include in ps7_cortexa9_0/libsrc/standalone_v9_1/src
000-
000-make -C ps7_cortexa9_0/libsrc/standalone_v9_1/src -s include  "SHELL=/bin/sh" "COMPILER=arm-none-eabi-gcc" "ASSEMBLER=arm-none-
000-eabi-as" "ARCHIVER=arm-none-eabi-ar" "COMPILER_FLAGS=  -O2 -c" "EXTRA_COMPILER_FLAGS=-mcpu=cortex-a9 -mfpu=vfpv3 -mfloat-abi=ha
000-rd -nostartfiles -g -Wall -Wextra -fno-tree-loop-distribute-patterns"
000-
000-Running Make include in ps7_cortexa9_0/libsrc/uartps_v3_14/src
000-
000-make -C ps7_cortexa9_0/libsrc/uartps_v3_14/src -s include  "SHELL=/bin/sh" "COMPILER=arm-none-eabi-gcc" "ASSEMBLER=arm-none-eab
000-i-as" "ARCHIVER=arm-none-eabi-ar" "COMPILER_FLAGS=  -O2 -c" "EXTRA_COMPILER_FLAGS=-mcpu=cortex-a9 -mfpu=vfpv3 -mfloat-abi=hard 
000--nostartfiles -g -Wall -Wextra -fno-tree-loop-distribute-patterns"
000-
000-Running Make include in ps7_cortexa9_0/libsrc/usbps_v2_9/src
000-
000-make -C ps7_cortexa9_0/libsrc/usbps_v2_9/src -s include  "SHELL=/bin/sh" "COMPILER=arm-none-eabi-gcc" "ASSEMBLER=arm-none-eabi-
000-as" "ARCHIVER=arm-none-eabi-ar" "COMPILER_FLAGS=  -O2 -c" "EXTRA_COMPILER_FLAGS=-mcpu=cortex-a9 -mfpu=vfpv3 -mfloat-abi=hard -n
000-ostartfiles -g -Wall -Wextra -fno-tree-loop-distribute-patterns"
000-
000-Running Make include in ps7_cortexa9_0/libsrc/vtc_v8_6/src
000-
000-make -C ps7_cortexa9_0/libsrc/vtc_v8_6/src -s include  "SHELL=/bin/sh" "COMPILER=arm-none-eabi-gcc" "ASSEMBLER=arm-none-eabi-as
000-" "ARCHIVER=arm-none-eabi-ar" "COMPILER_FLAGS=  -O2 -c" "EXTRA_COMPILER_FLAGS=-mcpu=cortex-a9 -mfpu=vfpv3 -mfloat-abi=hard -nos
000-tartfiles -g -Wall -Wextra -fno-tree-loop-distribute-patterns"
000-
000-Running Make include in ps7_cortexa9_0/libsrc/xadcps_v2_7/src
000-
000-make -C ps7_cortexa9_0/libsrc/xadcps_v2_7/src -s include  "SHELL=/bin/sh" "COMPILER=arm-none-eabi-gcc" "ASSEMBLER=arm-none-eabi
000--as" "ARCHIVER=arm-none-eabi-ar" "COMPILER_FLAGS=  -O2 -c" "EXTRA_COMPILER_FLAGS=-mcpu=cortex-a9 -mfpu=vfpv3 -mfloat-abi=hard -
000-nostartfiles -g -Wall -Wextra -fno-tree-loop-distribute-patterns"
000-
000-Running Make libs in ps7_cortexa9_0/libsrc/dynclk_v1_1/src
000-
000-make -C ps7_cortexa9_0/libsrc/dynclk_v1_1/src -s libs  "SHELL=/bin/sh" "COMPILER=arm-none-eabi-gcc" "ASSEMBLER=arm-none-eabi-as
000-" "ARCHIVER=arm-none-eabi-ar" "COMPILER_FLAGS=  -O2 -c" "EXTRA_COMPILER_FLAGS=-mcpu=cortex-a9 -mfpu=vfpv3 -mfloat-abi=hard -nos
000-tartfiles -g -Wall -Wextra -fno-tree-loop-distribute-patterns"
000-
000-Compiling ddynclk
000-
000-In file included from ddynclk.h:16,
000-                 from ddynclk.c:4:
000-In function 'Xil_Out32',
000-    inlined from 'dglnt_dynclk_write_reg' at ddynclk.c:266:2,
000-    inlined from 'dglnt_dynclk_set_rate' at ddynclk.c:388:2,
000-    inlined from 'DDynClk_SetRate' at ddynclk.c:438:11:
000/design_1_wrapper/ps7_cortexa9_0/domain_ps7_cortexa9_0/bsp/ps7_cortexa9_0/include/xil_io.h214-1-1'clkReg.fltr_lockH' may be used uninitialized [-Wmaybe-uninitialized]1-../../../include/xil_io.h:214:20: warning: 'clkReg.fltr_lockH' may be used uninitialized [-Wmaybe-uninitialized]
000-  214 |         *LocalAddr = Value;
000-      |         ~~~~~~~~~~~^~~~~~~
000-ddynclk.c: In function 'DDynClk_SetRate':
000/design_1_wrapper/ps7_cortexa9_0/domain_ps7_cortexa9_0/bsp/ps7_cortexa9_0/libsrc/dynclk_v1_1/src/ddynclk.c365-1-1'clkReg.fltr_lockH' was declared here0-ddynclk.c:365:33: note: 'clkReg.fltr_lockH' was declared here
000-  365 |         struct dglnt_dynclk_reg clkReg;
000-      |                                 ^~~~~~
000-In function 'Xil_Out32',
000-    inlined from 'dglnt_dynclk_write_reg' at ddynclk.c:265:2,
000-    inlined from 'dglnt_dynclk_set_rate' at ddynclk.c:388:2,
000-    inlined from 'DDynClk_SetRate' at ddynclk.c:438:11:
000/design_1_wrapper/ps7_cortexa9_0/domain_ps7_cortexa9_0/bsp/ps7_cortexa9_0/include/xil_io.h214-1-1'clkReg.lockL' may be used uninitialized [-Wmaybe-uninitialized]1-../../../include/xil_io.h:214:20: warning: 'clkReg.lockL' may be used uninitialized [-Wmaybe-uninitialized]
000-  214 |         *LocalAddr = Value;
000-      |         ~~~~~~~~~~~^~~~~~~
000-ddynclk.c: In function 'DDynClk_SetRate':
000/design_1_wrapper/ps7_cortexa9_0/domain_ps7_cortexa9_0/bsp/ps7_cortexa9_0/libsrc/dynclk_v1_1/src/ddynclk.c365-1-1'clkReg.lockL' was declared here0-ddynclk.c:365:33: note: 'clkReg.lockL' was declared here
000-  365 |         struct dglnt_dynclk_reg clkReg;
000-      |                                 ^~~~~~
000-In function 'Xil_Out32',
000-    inlined from 'dglnt_dynclk_write_reg' at ddynclk.c:264:2,
000-    inlined from 'dglnt_dynclk_set_rate' at ddynclk.c:388:2,
000-    inlined from 'DDynClk_SetRate' at ddynclk.c:438:11:
000/design_1_wrapper/ps7_cortexa9_0/domain_ps7_cortexa9_0/bsp/ps7_cortexa9_0/include/xil_io.h214-1-1'clkReg.divclk' may be used uninitialized [-Wmaybe-uninitialized]1-../../../include/xil_io.h:214:20: warning: 'clkReg.divclk' may be used uninitialized [-Wmaybe-uninitialized]
000-  214 |         *LocalAddr = Value;
000-      |         ~~~~~~~~~~~^~~~~~~
000-ddynclk.c: In function 'DDynClk_SetRate':
000/design_1_wrapper/ps7_cortexa9_0/domain_ps7_cortexa9_0/bsp/ps7_cortexa9_0/libsrc/dynclk_v1_1/src/ddynclk.c365-1-1'clkReg.divclk' was declared here0-ddynclk.c:365:33: note: 'clkReg.divclk' was declared here
000-  365 |         struct dglnt_dynclk_reg clkReg;
000-      |                                 ^~~~~~
000-In function 'Xil_Out32',
000-    inlined from 'dglnt_dynclk_write_reg' at ddynclk.c:262:2,
000-    inlined from 'dglnt_dynclk_set_rate' at ddynclk.c:388:2,
000-    inlined from 'DDynClk_SetRate' at ddynclk.c:438:11:
000/design_1_wrapper/ps7_cortexa9_0/domain_ps7_cortexa9_0/bsp/ps7_cortexa9_0/include/xil_io.h214-1-1'clkReg.clkFBL' may be used uninitialized [-Wmaybe-uninitialized]1-../../../include/xil_io.h:214:20: warning: 'clkReg.clkFBL' may be used uninitialized [-Wmaybe-uninitialized]
000-  214 |         *LocalAddr = Value;
000-      |         ~~~~~~~~~~~^~~~~~~
000-ddynclk.c: In function 'DDynClk_SetRate':
000/design_1_wrapper/ps7_cortexa9_0/domain_ps7_cortexa9_0/bsp/ps7_cortexa9_0/libsrc/dynclk_v1_1/src/ddynclk.c365-1-1'clkReg.clkFBL' was declared here0-ddynclk.c:365:33: note: 'clkReg.clkFBL' was declared here
000-  365 |         struct dglnt_dynclk_reg clkReg;
000-      |                                 ^~~~~~
000-In function 'Xil_Out32',
000-    inlined from 'dglnt_dynclk_write_reg' at ddynclk.c:261:2,
000-    inlined from 'dglnt_dynclk_set_rate' at ddynclk.c:388:2,
000-    inlined from 'DDynClk_SetRate' at ddynclk.c:438:11:
000/design_1_wrapper/ps7_cortexa9_0/domain_ps7_cortexa9_0/bsp/ps7_cortexa9_0/include/xil_io.h214-1-1'clkReg.clk0L' may be used uninitialized [-Wmaybe-uninitialized]1-../../../include/xil_io.h:214:20: warning: 'clkReg.clk0L' may be used uninitialized [-Wmaybe-uninitialized]
000-  214 |         *LocalAddr = Value;
000-      |         ~~~~~~~~~~~^~~~~~~
000-ddynclk.c: In function 'DDynClk_SetRate':
000/design_1_wrapper/ps7_cortexa9_0/domain_ps7_cortexa9_0/bsp/ps7_cortexa9_0/libsrc/dynclk_v1_1/src/ddynclk.c365-1-1'clkReg.clk0L' was declared here0-ddynclk.c:365:33: note: 'clkReg.clk0L' was declared here
000-  365 |         struct dglnt_dynclk_reg clkReg;
000-      |                                 ^~~~~~
000-In function 'dglnt_dynclk_divider',
000-    inlined from 'dglnt_dynclk_divider' at ddynclk.c:187:17,
000-    inlined from 'dglnt_dynclk_find_reg' at ddynclk.c:243:22,
000-    inlined from 'dglnt_dynclk_set_rate' at ddynclk.c:387:2,
000-    inlined from 'DDynClk_SetRate' at ddynclk.c:438:11:
000/design_1_wrapper/ps7_cortexa9_0/domain_ps7_cortexa9_0/bsp/ps7_cortexa9_0/libsrc/dynclk_v1_1/src/ddynclk.c201-1-1'clkMode.maindiv' may be used uninitialized [-Wmaybe-uninitialized]1-ddynclk.c:201:20: warning: 'clkMode.maindiv' may be used uninitialized [-Wmaybe-uninitialized]
000-  201 |         if (divide & 0x1) {
000-      |             ~~~~~~~^~~~~
000-ddynclk.c: In function 'DDynClk_SetRate':
000/design_1_wrapper/ps7_cortexa9_0/domain_ps7_cortexa9_0/bsp/ps7_cortexa9_0/libsrc/dynclk_v1_1/src/ddynclk.c366-1-1'clkMode.maindiv' was declared here0-ddynclk.c:366:34: note: 'clkMode.maindiv' was declared here
000-  366 |         struct dglnt_dynclk_mode clkMode;
000-      |                                  ^~~~~~~
000-/tools/Xilinx/Vitis/2024.1/gnu/aarch32/lin/gcc-arm-none-eabi/bin/../x86_64-oesdk-linux/usr/bin/arm-xilinx-eabi/arm-xilinx-eabi-ar.real: creating ../../../lib/libxil.a
000-Running Make libs in ps7_cortexa9_0/libsrc/lorenz_reader_v1_0/src
000-
000-make -C ps7_cortexa9_0/libsrc/lorenz_reader_v1_0/src -s libs  "SHELL=/bin/sh" "COMPILER=arm-none-eabi-gcc" "ASSEMBLER=arm-none-
000-eabi-as" "ARCHIVER=arm-none-eabi-ar" "COMPILER_FLAGS=  -O2 -c" "EXTRA_COMPILER_FLAGS=-mcpu=cortex-a9 -mfpu=vfpv3 -mfloat-abi=ha
000-rd -nostartfiles -g -Wall -Wextra -fno-tree-loop-distribute-patterns"
000-
000-Compiling lorenz_reader...
000-
000-lorenz_reader_selftest.c: In function 'LORENZ_READER_Reg_SelfTest':
000/design_1_wrapper/ps7_cortexa9_0/domain_ps7_cortexa9_0/bsp/ps7_cortexa9_0/libsrc/lorenz_reader_v1_0/src/lorenz_reader_selftest.c52-1-1comparison of integer expressions of different signedness: 'u32' {aka 'long unsigned int'} and 'int' [-Wsign-compare]1-lorenz_reader_selftest.c:52:69: warning: comparison of integer expressions of different signedness: 'u32' {aka 'long unsigned int'} and 'int' [-Wsign-compare]
000-   52 |           if ( LORENZ_READER_mReadReg (baseaddr, read_loop_index*4) != (read_loop_index+1)*READ_WRITE_MUL_FACTOR){
000-      |                                                                     ^~
000/design_1_wrapper/ps7_cortexa9_0/domain_ps7_cortexa9_0/bsp/ps7_cortexa9_0/libsrc/lorenz_reader_v1_0/src/lorenz_reader_selftest.c36-1-1unused variable 'Index' [-Wunused-variable]1-lorenz_reader_selftest.c:36:13: warning: unused variable 'Index' [-Wunused-variable]
000-   36 |         int Index;
000-      |             ^~~~~
000-Finished building libraries sequentially.
000-
000-make -j 2 --no-print-directory par_libs
000-
000-Running Make include in ps7_cortexa9_0/libsrc/axivdma_v6_15/src
000-
000-Running Make include in ps7_cortexa9_0/libsrc/coresightps_dcc_v1_10/src
000-
000-make -C ps7_cortexa9_0/libsrc/axivdma_v6_15/src -s include  "SHELL=/bin/sh" "COMPILER=arm-none-eabi-gcc" "ASSEMBLER=arm-none-ea
000-bi-as" "ARCHIVER=arm-none-eabi-ar" "COMPILER_FLAGS=  -O2 -c" "EXTRA_COMPILER_FLAGS=-mcpu=cortex-a9 -mfpu=vfpv3 -mfloat-abi=hard
000- -nostartfiles -g -Wall -Wextra -fno-tree-loop-distribute-patterns"
000-
000-make -C ps7_cortexa9_0/libsrc/coresightps_dcc_v1_10/src -s include  "SHELL=/bin/sh" "COMPILER=arm-none-eabi-gcc" "ASSEMBLER=arm
000--none-eabi-as" "ARCHIVER=arm-none-eabi-ar" "COMPILER_FLAGS=  -O2 -c" "EXTRA_COMPILER_FLAGS=-mcpu=cortex-a9 -mfpu=vfpv3 -mfloat-
000-abi=hard -nostartfiles -g -Wall -Wextra -fno-tree-loop-distribute-patterns"
000-
000-Running Make include in ps7_cortexa9_0/libsrc/cpu_cortexa9_v2_12/src
000-
000-make -C ps7_cortexa9_0/libsrc/cpu_cortexa9_v2_12/src -s include  "SHELL=/bin/sh" "COMPILER=arm-none-eabi-gcc" "ASSEMBLER=arm-no
000-ne-eabi-as" "ARCHIVER=arm-none-eabi-ar" "COMPILER_FLAGS=  -O2 -c" "EXTRA_COMPILER_FLAGS=-mcpu=cortex-a9 -mfpu=vfpv3 -mfloat-abi
000-=hard -nostartfiles -g -Wall -Wextra -fno-tree-loop-distribute-patterns"
000-
000-Running Make include in ps7_cortexa9_0/libsrc/ddrps_v1_2/src
000-
000-make -C ps7_cortexa9_0/libsrc/ddrps_v1_2/src -s include  "SHELL=/bin/sh" "COMPILER=arm-none-eabi-gcc" "ASSEMBLER=arm-none-eabi-
000-as" "ARCHIVER=arm-none-eabi-ar" "COMPILER_FLAGS=  -O2 -c" "EXTRA_COMPILER_FLAGS=-mcpu=cortex-a9 -mfpu=vfpv3 -mfloat-abi=hard -n
000-ostartfiles -g -Wall -Wextra -fno-tree-loop-distribute-patterns"
000-
000-Running Make include in ps7_cortexa9_0/libsrc/devcfg_v3_8/src
000-
000-make -C ps7_cortexa9_0/libsrc/devcfg_v3_8/src -s include  "SHELL=/bin/sh" "COMPILER=arm-none-eabi-gcc" "ASSEMBLER=arm-none-eabi
000--as" "ARCHIVER=arm-none-eabi-ar" "COMPILER_FLAGS=  -O2 -c" "EXTRA_COMPILER_FLAGS=-mcpu=cortex-a9 -mfpu=vfpv3 -mfloat-abi=hard -
000-nostartfiles -g -Wall -Wextra -fno-tree-loop-distribute-patterns"
000-
000-Running Make include in ps7_cortexa9_0/libsrc/dmaps_v2_10/src
000-
000-make -C ps7_cortexa9_0/libsrc/dmaps_v2_10/src -s include  "SHELL=/bin/sh" "COMPILER=arm-none-eabi-gcc" "ASSEMBLER=arm-none-eabi
000--as" "ARCHIVER=arm-none-eabi-ar" "COMPILER_FLAGS=  -O2 -c" "EXTRA_COMPILER_FLAGS=-mcpu=cortex-a9 -mfpu=vfpv3 -mfloat-abi=hard -
000-nostartfiles -g -Wall -Wextra -fno-tree-loop-distribute-patterns"
000-
000-Running Make include in ps7_cortexa9_0/libsrc/dynclk_v1_1/src
000-
000-make -C ps7_cortexa9_0/libsrc/dynclk_v1_1/src -s include  "SHELL=/bin/sh" "COMPILER=arm-none-eabi-gcc" "ASSEMBLER=arm-none-eabi
000--as" "ARCHIVER=arm-none-eabi-ar" "COMPILER_FLAGS=  -O2 -c" "EXTRA_COMPILER_FLAGS=-mcpu=cortex-a9 -mfpu=vfpv3 -mfloat-abi=hard -
000-nostartfiles -g -Wall -Wextra -fno-tree-loop-distribute-patterns"
000-
000-Running Make include in ps7_cortexa9_0/libsrc/emacps_v3_20/src
000-
000-make -C ps7_cortexa9_0/libsrc/emacps_v3_20/src -s include  "SHELL=/bin/sh" "COMPILER=arm-none-eabi-gcc" "ASSEMBLER=arm-none-eab
000-i-as" "ARCHIVER=arm-none-eabi-ar" "COMPILER_FLAGS=  -O2 -c" "EXTRA_COMPILER_FLAGS=-mcpu=cortex-a9 -mfpu=vfpv3 -mfloat-abi=hard 
000--nostartfiles -g -Wall -Wextra -fno-tree-loop-distribute-patterns"
000-
000-Running Make include in ps7_cortexa9_0/libsrc/gpiops_v3_13/src
000-
000-make -C ps7_cortexa9_0/libsrc/gpiops_v3_13/src -s include  "SHELL=/bin/sh" "COMPILER=arm-none-eabi-gcc" "ASSEMBLER=arm-none-eab
000-i-as" "ARCHIVER=arm-none-eabi-ar" "COMPILER_FLAGS=  -O2 -c" "EXTRA_COMPILER_FLAGS=-mcpu=cortex-a9 -mfpu=vfpv3 -mfloat-abi=hard 
000--nostartfiles -g -Wall -Wextra -fno-tree-loop-distribute-patterns"
000-
000-Running Make include in ps7_cortexa9_0/libsrc/gpio_v4_11/src
000-
000-make -C ps7_cortexa9_0/libsrc/gpio_v4_11/src -s include  "SHELL=/bin/sh" "COMPILER=arm-none-eabi-gcc" "ASSEMBLER=arm-none-eabi-
000-as" "ARCHIVER=arm-none-eabi-ar" "COMPILER_FLAGS=  -O2 -c" "EXTRA_COMPILER_FLAGS=-mcpu=cortex-a9 -mfpu=vfpv3 -mfloat-abi=hard -n
000-ostartfiles -g -Wall -Wextra -fno-tree-loop-distribute-patterns"
000-
000-Running Make include in ps7_cortexa9_0/libsrc/iicps_v3_19/src
000-
000-make -C ps7_cortexa9_0/libsrc/iicps_v3_19/src -s include  "SHELL=/bin/sh" "COMPILER=arm-none-eabi-gcc" "ASSEMBLER=arm-none-eabi
000--as" "ARCHIVER=arm-none-eabi-ar" "COMPILER_FLAGS=  -O2 -c" "EXTRA_COMPILER_FLAGS=-mcpu=cortex-a9 -mfpu=vfpv3 -mfloat-abi=hard -
000-nostartfiles -g -Wall -Wextra -fno-tree-loop-distribute-patterns"
000-
000-Running Make include in ps7_cortexa9_0/libsrc/lorenz_reader_v1_0/src
000-
000-make -C ps7_cortexa9_0/libsrc/lorenz_reader_v1_0/src -s include  "SHELL=/bin/sh" "COMPILER=arm-none-eabi-gcc" "ASSEMBLER=arm-no
000-ne-eabi-as" "ARCHIVER=arm-none-eabi-ar" "COMPILER_FLAGS=  -O2 -c" "EXTRA_COMPILER_FLAGS=-mcpu=cortex-a9 -mfpu=vfpv3 -mfloat-abi
000-=hard -nostartfiles -g -Wall -Wextra -fno-tree-loop-distribute-patterns"
000-
000-Running Make include in ps7_cortexa9_0/libsrc/qspips_v3_12/src
000-
000-make -C ps7_cortexa9_0/libsrc/qspips_v3_12/src -s include  "SHELL=/bin/sh" "COMPILER=arm-none-eabi-gcc" "ASSEMBLER=arm-none-eab
000-i-as" "ARCHIVER=arm-none-eabi-ar" "COMPILER_FLAGS=  -O2 -c" "EXTRA_COMPILER_FLAGS=-mcpu=cortex-a9 -mfpu=vfpv3 -mfloat-abi=hard 
000--nostartfiles -g -Wall -Wextra -fno-tree-loop-distribute-patterns"
000-
000-Running Make include in ps7_cortexa9_0/libsrc/scugic_v5_3/src
000-
000-make -C ps7_cortexa9_0/libsrc/scugic_v5_3/src -s include  "SHELL=/bin/sh" "COMPILER=arm-none-eabi-gcc" "ASSEMBLER=arm-none-eabi
000--as" "ARCHIVER=arm-none-eabi-ar" "COMPILER_FLAGS=  -O2 -c" "EXTRA_COMPILER_FLAGS=-mcpu=cortex-a9 -mfpu=vfpv3 -mfloat-abi=hard -
000-nostartfiles -g -Wall -Wextra -fno-tree-loop-distribute-patterns"
000-
000-Running Make include in ps7_cortexa9_0/libsrc/scutimer_v2_6/src
000-
000-make -C ps7_cortexa9_0/libsrc/scutimer_v2_6/src -s include  "SHELL=/bin/sh" "COMPILER=arm-none-eabi-gcc" "ASSEMBLER=arm-none-ea
000-bi-as" "ARCHIVER=arm-none-eabi-ar" "COMPILER_FLAGS=  -O2 -c" "EXTRA_COMPILER_FLAGS=-mcpu=cortex-a9 -mfpu=vfpv3 -mfloat-abi=hard
000- -nostartfiles -g -Wall -Wextra -fno-tree-loop-distribute-patterns"
000-
000-Running Make include in ps7_cortexa9_0/libsrc/sdps_v4_3/src
000-
000-Running Make include in ps7_cortexa9_0/libsrc/scuwdt_v2_5/src
000-
000-make -C ps7_cortexa9_0/libsrc/scuwdt_v2_5/src -s include  "SHELL=/bin/sh" "COMPILER=arm-none-eabi-gcc" "ASSEMBLER=arm-none-eabi
000--as" "ARCHIVER=arm-none-eabi-ar" "COMPILER_FLAGS=  -O2 -c" "EXTRA_COMPILER_FLAGS=-mcpu=cortex-a9 -mfpu=vfpv3 -mfloat-abi=hard -
000-nostartfiles -g -Wall -Wextra -fno-tree-loop-distribute-patterns"
000-
000-make -C ps7_cortexa9_0/libsrc/sdps_v4_3/src -s include  "SHELL=/bin/sh" "COMPILER=arm-none-eabi-gcc" "ASSEMBLER=arm-none-eabi-a
000-s" "ARCHIVER=arm-none-eabi-ar" "COMPILER_FLAGS=  -O2 -c" "EXTRA_COMPILER_FLAGS=-mcpu=cortex-a9 -mfpu=vfpv3 -mfloat-abi=hard -no
000-startfiles -g -Wall -Wextra -fno-tree-loop-distribute-patterns"
000-
000-Running Make include in ps7_cortexa9_0/libsrc/standalone_v9_1/src
000-
000-make -C ps7_cortexa9_0/libsrc/standalone_v9_1/src -s include  "SHELL=/bin/sh" "COMPILER=arm-none-eabi-gcc" "ASSEMBLER=arm-none-
000-eabi-as" "ARCHIVER=arm-none-eabi-ar" "COMPILER_FLAGS=  -O2 -c" "EXTRA_COMPILER_FLAGS=-mcpu=cortex-a9 -mfpu=vfpv3 -mfloat-abi=ha
000-rd -nostartfiles -g -Wall -Wextra -fno-tree-loop-distribute-patterns"
000-
000-Running Make include in ps7_cortexa9_0/libsrc/uartps_v3_14/src
000-
000-make -C ps7_cortexa9_0/libsrc/uartps_v3_14/src -s include  "SHELL=/bin/sh" "COMPILER=arm-none-eabi-gcc" "ASSEMBLER=arm-none-eab
000-i-as" "ARCHIVER=arm-none-eabi-ar" "COMPILER_FLAGS=  -O2 -c" "EXTRA_COMPILER_FLAGS=-mcpu=cortex-a9 -mfpu=vfpv3 -mfloat-abi=hard 
000--nostartfiles -g -Wall -Wextra -fno-tree-loop-distribute-patterns"
000-
000-Running Make include in ps7_cortexa9_0/libsrc/usbps_v2_9/src
000-
000-make -C ps7_cortexa9_0/libsrc/usbps_v2_9/src -s include  "SHELL=/bin/sh" "COMPILER=arm-none-eabi-gcc" "ASSEMBLER=arm-none-eabi-
000-as" "ARCHIVER=arm-none-eabi-ar" "COMPILER_FLAGS=  -O2 -c" "EXTRA_COMPILER_FLAGS=-mcpu=cortex-a9 -mfpu=vfpv3 -mfloat-abi=hard -n
000-ostartfiles -g -Wall -Wextra -fno-tree-loop-distribute-patterns"
000-
000-Running Make include in ps7_cortexa9_0/libsrc/vtc_v8_6/src
000-
000-Running Make include in ps7_cortexa9_0/libsrc/xadcps_v2_7/src
000-
000-make -C ps7_cortexa9_0/libsrc/vtc_v8_6/src -s include  "SHELL=/bin/sh" "COMPILER=arm-none-eabi-gcc" "ASSEMBLER=arm-none-eabi-as
000-" "ARCHIVER=arm-none-eabi-ar" "COMPILER_FLAGS=  -O2 -c" "EXTRA_COMPILER_FLAGS=-mcpu=cortex-a9 -mfpu=vfpv3 -mfloat-abi=hard -nos
000-tartfiles -g -Wall -Wextra -fno-tree-loop-distribute-patterns"
000-
000-make -C ps7_cortexa9_0/libsrc/xadcps_v2_7/src -s include  "SHELL=/bin/sh" "COMPILER=arm-none-eabi-gcc" "ASSEMBLER=arm-none-eabi
000--as" "ARCHIVER=arm-none-eabi-ar" "COMPILER_FLAGS=  -O2 -c" "EXTRA_COMPILER_FLAGS=-mcpu=cortex-a9 -mfpu=vfpv3 -mfloat-abi=hard -
000-nostartfiles -g -Wall -Wextra -fno-tree-loop-distribute-patterns"
000-
000-Running Make libs in ps7_cortexa9_0/libsrc/axivdma_v6_15/src
000-
000-make -C ps7_cortexa9_0/libsrc/axivdma_v6_15/src -s libs  "SHELL=/bin/sh" "COMPILER=arm-none-eabi-gcc" "ASSEMBLER=arm-none-eabi-
000-as" "ARCHIVER=arm-none-eabi-ar" "COMPILER_FLAGS=  -O2 -c" "EXTRA_COMPILER_FLAGS=-mcpu=cortex-a9 -mfpu=vfpv3 -mfloat-abi=hard -n
000-ostartfiles -g -Wall -Wextra -fno-tree-loop-distribute-patterns"
000-
000-Running Make libs in ps7_cortexa9_0/libsrc/coresightps_dcc_v1_10/src
000-
000-make -C ps7_cortexa9_0/libsrc/coresightps_dcc_v1_10/src -s libs  "SHELL=/bin/sh" "COMPILER=arm-none-eabi-gcc" "ASSEMBLER=arm-no
000-ne-eabi-as" "ARCHIVER=arm-none-eabi-ar" "COMPILER_FLAGS=  -O2 -c" "EXTRA_COMPILER_FLAGS=-mcpu=cortex-a9 -mfpu=vfpv3 -mfloat-abi
000-=hard -nostartfiles -g -Wall -Wextra -fno-tree-loop-distribute-patterns"
000-
000-Running Make libs in ps7_cortexa9_0/libsrc/cpu_cortexa9_v2_12/src
000-
000-make -C ps7_cortexa9_0/libsrc/cpu_cortexa9_v2_12/src -s libs  "SHELL=/bin/sh" "COMPILER=arm-none-eabi-gcc" "ASSEMBLER=arm-none-
000-eabi-as" "ARCHIVER=arm-none-eabi-ar" "COMPILER_FLAGS=  -O2 -c" "EXTRA_COMPILER_FLAGS=-mcpu=cortex-a9 -mfpu=vfpv3 -mfloat-abi=ha
000-rd -nostartfiles -g -Wall -Wextra -fno-tree-loop-distribute-patterns"
000-
000/design_1_wrapper58-1-1missing initializer for field 'IntrId' of 'XAxiVdma_Config' [-Wmissing-field-initializers]1-xaxivdma_g.c:58:9: warning: missing initializer for field 'IntrId' of 'XAxiVdma_Config' [-Wmissing-field-initializers]
000-   58 |         }
000-      |         ^
000-In file included from xaxivdma_g.c:17:
000/design_1_wrapper453-1-1'IntrId' declared here0-xaxivdma.h:453:13: note: 'IntrId' declared here
000-  453 |         u16 IntrId[2]; /** Bits[11:0] Interrupt-id Bits[15:12] trigger type and level flags */
000-      |             ^~~~~~
000-Running Make libs in ps7_cortexa9_0/libsrc/ddrps_v1_2/src
000-
000-make -C ps7_cortexa9_0/libsrc/ddrps_v1_2/src -s libs  "SHELL=/bin/sh" "COMPILER=arm-none-eabi-gcc" "ASSEMBLER=arm-none-eabi-as"
000- "ARCHIVER=arm-none-eabi-ar" "COMPILER_FLAGS=  -O2 -c" "EXTRA_COMPILER_FLAGS=-mcpu=cortex-a9 -mfpu=vfpv3 -mfloat-abi=hard -nost
000-artfiles -g -Wall -Wextra -fno-tree-loop-distribute-patterns"
000-
000-Running Make libs in ps7_cortexa9_0/libsrc/devcfg_v3_8/src
000-
000-make -C ps7_cortexa9_0/libsrc/devcfg_v3_8/src -s libs  "SHELL=/bin/sh" "COMPILER=arm-none-eabi-gcc" "ASSEMBLER=arm-none-eabi-as
000-" "ARCHIVER=arm-none-eabi-ar" "COMPILER_FLAGS=  -O2 -c" "EXTRA_COMPILER_FLAGS=-mcpu=cortex-a9 -mfpu=vfpv3 -mfloat-abi=hard -nos
000-tartfiles -g -Wall -Wextra -fno-tree-loop-distribute-patterns"
000-
000-Running Make libs in ps7_cortexa9_0/libsrc/dmaps_v2_10/src
000-
000-make -C ps7_cortexa9_0/libsrc/dmaps_v2_10/src -s libs  "SHELL=/bin/sh" "COMPILER=arm-none-eabi-gcc" "ASSEMBLER=arm-none-eabi-as
000-" "ARCHIVER=arm-none-eabi-ar" "COMPILER_FLAGS=  -O2 -c" "EXTRA_COMPILER_FLAGS=-mcpu=cortex-a9 -mfpu=vfpv3 -mfloat-abi=hard -nos
000-tartfiles -g -Wall -Wextra -fno-tree-loop-distribute-patterns"
000-
000-Running Make libs in ps7_cortexa9_0/libsrc/emacps_v3_20/src
000-
000-make -C ps7_cortexa9_0/libsrc/emacps_v3_20/src -s libs  "SHELL=/bin/sh" "COMPILER=arm-none-eabi-gcc" "ASSEMBLER=arm-none-eabi-a
000-s" "ARCHIVER=arm-none-eabi-ar" "COMPILER_FLAGS=  -O2 -c" "EXTRA_COMPILER_FLAGS=-mcpu=cortex-a9 -mfpu=vfpv3 -mfloat-abi=hard -no
000-startfiles -g -Wall -Wextra -fno-tree-loop-distribute-patterns"
000-
000-Running Make libs in ps7_cortexa9_0/libsrc/gpiops_v3_13/src
000-
000-make -C ps7_cortexa9_0/libsrc/gpiops_v3_13/src -s libs  "SHELL=/bin/sh" "COMPILER=arm-none-eabi-gcc" "ASSEMBLER=arm-none-eabi-a
000-s" "ARCHIVER=arm-none-eabi-ar" "COMPILER_FLAGS=  -O2 -c" "EXTRA_COMPILER_FLAGS=-mcpu=cortex-a9 -mfpu=vfpv3 -mfloat-abi=hard -no
000-startfiles -g -Wall -Wextra -fno-tree-loop-distribute-patterns"
000-
000-Running Make libs in ps7_cortexa9_0/libsrc/gpio_v4_11/src
000-
000-make -C ps7_cortexa9_0/libsrc/gpio_v4_11/src -s libs  "SHELL=/bin/sh" "COMPILER=arm-none-eabi-gcc" "ASSEMBLER=arm-none-eabi-as"
000- "ARCHIVER=arm-none-eabi-ar" "COMPILER_FLAGS=  -O2 -c" "EXTRA_COMPILER_FLAGS=-mcpu=cortex-a9 -mfpu=vfpv3 -mfloat-abi=hard -nost
000-artfiles -g -Wall -Wextra -fno-tree-loop-distribute-patterns"
000-
000-Running Make libs in ps7_cortexa9_0/libsrc/iicps_v3_19/src
000-
000-make -C ps7_cortexa9_0/libsrc/iicps_v3_19/src -s libs  "SHELL=/bin/sh" "COMPILER=arm-none-eabi-gcc" "ASSEMBLER=arm-none-eabi-as
000-" "ARCHIVER=arm-none-eabi-ar" "COMPILER_FLAGS=  -O2 -c" "EXTRA_COMPILER_FLAGS=-mcpu=cortex-a9 -mfpu=vfpv3 -mfloat-abi=hard -nos
000-tartfiles -g -Wall -Wextra -fno-tree-loop-distribute-patterns"
000-
000-Running Make libs in ps7_cortexa9_0/libsrc/qspips_v3_12/src
000-
000-make -C ps7_cortexa9_0/libsrc/qspips_v3_12/src -s libs  "SHELL=/bin/sh" "COMPILER=arm-none-eabi-gcc" "ASSEMBLER=arm-none-eabi-a
000-s" "ARCHIVER=arm-none-eabi-ar" "COMPILER_FLAGS=  -O2 -c" "EXTRA_COMPILER_FLAGS=-mcpu=cortex-a9 -mfpu=vfpv3 -mfloat-abi=hard -no
000-startfiles -g -Wall -Wextra -fno-tree-loop-distribute-patterns"
000-
000-Running Make libs in ps7_cortexa9_0/libsrc/scugic_v5_3/src
000-
000-make -C ps7_cortexa9_0/libsrc/scugic_v5_3/src -s libs  "SHELL=/bin/sh" "COMPILER=arm-none-eabi-gcc" "ASSEMBLER=arm-none-eabi-as
000-" "ARCHIVER=arm-none-eabi-ar" "COMPILER_FLAGS=  -O2 -c" "EXTRA_COMPILER_FLAGS=-mcpu=cortex-a9 -mfpu=vfpv3 -mfloat-abi=hard -nos
000-tartfiles -g -Wall -Wextra -fno-tree-loop-distribute-patterns"
000-
000-Running Make libs in ps7_cortexa9_0/libsrc/scutimer_v2_6/src
000-
000-make -C ps7_cortexa9_0/libsrc/scutimer_v2_6/src -s libs  "SHELL=/bin/sh" "COMPILER=arm-none-eabi-gcc" "ASSEMBLER=arm-none-eabi-
000-as" "ARCHIVER=arm-none-eabi-ar" "COMPILER_FLAGS=  -O2 -c" "EXTRA_COMPILER_FLAGS=-mcpu=cortex-a9 -mfpu=vfpv3 -mfloat-abi=hard -n
000-ostartfiles -g -Wall -Wextra -fno-tree-loop-distribute-patterns"
000-
000-Running Make libs in ps7_cortexa9_0/libsrc/scuwdt_v2_5/src
000-
000-make -C ps7_cortexa9_0/libsrc/scuwdt_v2_5/src -s libs  "SHELL=/bin/sh" "COMPILER=arm-none-eabi-gcc" "ASSEMBLER=arm-none-eabi-as
000-" "ARCHIVER=arm-none-eabi-ar" "COMPILER_FLAGS=  -O2 -c" "EXTRA_COMPILER_FLAGS=-mcpu=cortex-a9 -mfpu=vfpv3 -mfloat-abi=hard -nos
000-tartfiles -g -Wall -Wextra -fno-tree-loop-distribute-patterns"
000-
000-Running Make libs in ps7_cortexa9_0/libsrc/sdps_v4_3/src
000-
000-make -C ps7_cortexa9_0/libsrc/sdps_v4_3/src -s libs  "SHELL=/bin/sh" "COMPILER=arm-none-eabi-gcc" "ASSEMBLER=arm-none-eabi-as" 
000-"ARCHIVER=arm-none-eabi-ar" "COMPILER_FLAGS=  -O2 -c" "EXTRA_COMPILER_FLAGS=-mcpu=cortex-a9 -mfpu=vfpv3 -mfloat-abi=hard -nosta
000-rtfiles -g -Wall -Wextra -fno-tree-loop-distribute-patterns"
000-
000-Running Make libs in ps7_cortexa9_0/libsrc/standalone_v9_1/src
000-
000-make -C ps7_cortexa9_0/libsrc/standalone_v9_1/src -s libs  "SHELL=/bin/sh" "COMPILER=arm-none-eabi-gcc" "ASSEMBLER=arm-none-eab
000-i-as" "ARCHIVER=arm-none-eabi-ar" "COMPILER_FLAGS=  -O2 -c" "EXTRA_COMPILER_FLAGS=-mcpu=cortex-a9 -mfpu=vfpv3 -mfloat-abi=hard 
000--nostartfiles -g -Wall -Wextra -fno-tree-loop-distribute-patterns"
000-
000-Running Make libs in ps7_cortexa9_0/libsrc/uartps_v3_14/src
000-
000-make -C ps7_cortexa9_0/libsrc/uartps_v3_14/src -s libs  "SHELL=/bin/sh" "COMPILER=arm-none-eabi-gcc" "ASSEMBLER=arm-none-eabi-a
000-s" "ARCHIVER=arm-none-eabi-ar" "COMPILER_FLAGS=  -O2 -c" "EXTRA_COMPILER_FLAGS=-mcpu=cortex-a9 -mfpu=vfpv3 -mfloat-abi=hard -no
000-startfiles -g -Wall -Wextra -fno-tree-loop-distribute-patterns"
000-
000-In file included from xuartps.c:37:
000/design_1_wrapper450-1-1"XUartPs_IsTransmitEmpty" redefined1-xuartps.h:450: warning: "XUartPs_IsTransmitEmpty" redefined
000-  450 | #define XUartPs_IsTransmitEmpty(InstancePtr)                            \
000-      | 
000-In file included from xuartps.h:170:
000/design_1_wrapper424-1-1this is the location of the previous definition0-xuartps_hw.h:424: note: this is the location of the previous definition
000-  424 | #define XUartPs_IsTransmitEmpty(BaseAddress)                     \
000-      | 
000-In file included from xuartps_g.c:17:
000/design_1_wrapper450-1-1"XUartPs_IsTransmitEmpty" redefined1-xuartps.h:450: warning: "XUartPs_IsTransmitEmpty" redefined
000-  450 | #define XUartPs_IsTransmitEmpty(InstancePtr)                            \
000-      | 
000-In file included from xuartps.h:170:
000/design_1_wrapper424-1-1this is the location of the previous definition0-xuartps_hw.h:424: note: this is the location of the previous definition
000-  424 | #define XUartPs_IsTransmitEmpty(BaseAddress)                     \
000-      | 
000-In file included from xuartps_intr.c:31:
000/design_1_wrapper450-1-1"XUartPs_IsTransmitEmpty" redefined1-xuartps.h:450: warning: "XUartPs_IsTransmitEmpty" redefined
000-  450 | #define XUartPs_IsTransmitEmpty(InstancePtr)                            \
000-      | 
000-In file included from xuartps.h:170:
000/design_1_wrapper424-1-1this is the location of the previous definition0-xuartps_hw.h:424: note: this is the location of the previous definition
000-  424 | #define XUartPs_IsTransmitEmpty(BaseAddress)                     \
000-      | 
000-In file included from xuartps_options.c:33:
000/design_1_wrapper450-1-1"XUartPs_IsTransmitEmpty" redefined1-xuartps.h:450: warning: "XUartPs_IsTransmitEmpty" redefined
000-  450 | #define XUartPs_IsTransmitEmpty(InstancePtr)                            \
000-      | 
000-In file included from xuartps.h:170:
000/design_1_wrapper424-1-1this is the location of the previous definition0-xuartps_hw.h:424: note: this is the location of the previous definition
000-  424 | #define XUartPs_IsTransmitEmpty(BaseAddress)                     \
000-      | 
000-In file included from xuartps_selftest.c:32:
000/design_1_wrapper450-1-1"XUartPs_IsTransmitEmpty" redefined1-xuartps.h:450: warning: "XUartPs_IsTransmitEmpty" redefined
000-  450 | #define XUartPs_IsTransmitEmpty(InstancePtr)                            \
000-      | 
000-In file included from xuartps.h:170:
000/design_1_wrapper424-1-1this is the location of the previous definition0-xuartps_hw.h:424: note: this is the location of the previous definition
000-  424 | #define XUartPs_IsTransmitEmpty(BaseAddress)                     \
000-      | 
000-In file included from xuartps_sinit.c:34:
000/design_1_wrapper450-1-1"XUartPs_IsTransmitEmpty" redefined1-xuartps.h:450: warning: "XUartPs_IsTransmitEmpty" redefined
000-  450 | #define XUartPs_IsTransmitEmpty(InstancePtr)                            \
000-      | 
000-In file included from xuartps.h:170:
000/design_1_wrapper424-1-1this is the location of the previous definition0-xuartps_hw.h:424: note: this is the location of the previous definition
000-  424 | #define XUartPs_IsTransmitEmpty(BaseAddress)                     \
000-      | 
000-Running Make libs in ps7_cortexa9_0/libsrc/usbps_v2_9/src
000-
000-make -C ps7_cortexa9_0/libsrc/usbps_v2_9/src -s libs  "SHELL=/bin/sh" "COMPILER=arm-none-eabi-gcc" "ASSEMBLER=arm-none-eabi-as"
000- "ARCHIVER=arm-none-eabi-ar" "COMPILER_FLAGS=  -O2 -c" "EXTRA_COMPILER_FLAGS=-mcpu=cortex-a9 -mfpu=vfpv3 -mfloat-abi=hard -nost
000-artfiles -g -Wall -Wextra -fno-tree-loop-distribute-patterns"
000-
000-Running Make libs in ps7_cortexa9_0/libsrc/vtc_v8_6/src
000-
000-make -C ps7_cortexa9_0/libsrc/vtc_v8_6/src -s libs  "SHELL=/bin/sh" "COMPILER=arm-none-eabi-gcc" "ASSEMBLER=arm-none-eabi-as" "
000-ARCHIVER=arm-none-eabi-ar" "COMPILER_FLAGS=  -O2 -c" "EXTRA_COMPILER_FLAGS=-mcpu=cortex-a9 -mfpu=vfpv3 -mfloat-abi=hard -nostar
000-tfiles -g -Wall -Wextra -fno-tree-loop-distribute-patterns"
000-
000/design_1_wrapper45-1-1'#pragma message: For the sleep routines, Global timer is being used'0-xtime_l.c:45:9: note: '#pragma message: For the sleep routines, Global timer is being used'
000-   45 | #pragma message ("For the sleep routines, Global timer is being used")
000-      |         ^~~~~~~
000-Running Make libs in ps7_cortexa9_0/libsrc/xadcps_v2_7/src
000-
000-make -C ps7_cortexa9_0/libsrc/xadcps_v2_7/src -s libs  "SHELL=/bin/sh" "COMPILER=arm-none-eabi-gcc" "ASSEMBLER=arm-none-eabi-as
000-" "ARCHIVER=arm-none-eabi-ar" "COMPILER_FLAGS=  -O2 -c" "EXTRA_COMPILER_FLAGS=-mcpu=cortex-a9 -mfpu=vfpv3 -mfloat-abi=hard -nos
000-tartfiles -g -Wall -Wextra -fno-tree-loop-distribute-patterns"
000-
000-Finished building libraries parallelly.
000-
000-make --no-print-directory archive
000-
000-arm-none-eabi-ar -r  ps7_cortexa9_0/lib/libxil.a ps7_cortexa9_0/lib/_exit.o ps7_cortexa9_0/lib/_open.o ps7_cortexa9_0/lib/_sbrk
000-.o ps7_cortexa9_0/lib/abort.o ps7_cortexa9_0/lib/asm_vectors.o ps7_cortexa9_0/lib/boot.o ps7_cortexa9_0/lib/close.o ps7_cortexa
000-9_0/lib/cpputest_time.o ps7_cortexa9_0/lib/cpu_init.o ps7_cortexa9_0/lib/errno.o ps7_cortexa9_0/lib/fcntl.o ps7_cortexa9_0/lib/
000-fstat.o ps7_cortexa9_0/lib/getentropy.o ps7_cortexa9_0/lib/getpid.o ps7_cortexa9_0/lib/inbyte.o ps7_cortexa9_0/lib/isatty.o ps7
000-_cortexa9_0/lib/kill.o ps7_cortexa9_0/lib/lseek.o ps7_cortexa9_0/lib/open.o ps7_cortexa9_0/lib/outbyte.o ps7_cortexa9_0/lib/pri
000-nt.o ps7_cortexa9_0/lib/putnum.o ps7_cortexa9_0/lib/read.o ps7_cortexa9_0/lib/sbrk.o ps7_cortexa9_0/lib/sleep.o ps7_cortexa9_0/
000-lib/time.o ps7_cortexa9_0/lib/translation_table.o ps7_cortexa9_0/lib/unlink.o ps7_cortexa9_0/lib/usleep.o ps7_cortexa9_0/lib/ve
000-ctors.o ps7_cortexa9_0/lib/write.o ps7_cortexa9_0/lib/xadcps.o ps7_cortexa9_0/lib/xadcps_g.o ps7_cortexa9_0/lib/xadcps_intr.o p
000-s7_cortexa9_0/lib/xadcps_selftest.o ps7_cortexa9_0/lib/xadcps_sinit.o ps7_cortexa9_0/lib/xaxivdma.o ps7_cortexa9_0/lib/xaxivdma
000-_channel.o ps7_cortexa9_0/lib/xaxivdma_g.o ps7_cortexa9_0/lib/xaxivdma_intr.o ps7_cortexa9_0/lib/xaxivdma_selftest.o ps7_cortex
000-a9_0/lib/xaxivdma_sinit.o ps7_cortexa9_0/lib/xcoresightpsdcc.o ps7_cortexa9_0/lib/xdevcfg.o ps7_cortexa9_0/lib/xdevcfg_g.o ps7_
000-cortexa9_0/lib/xdevcfg_hw.o ps7_cortexa9_0/lib/xdevcfg_intr.o ps7_cortexa9_0/lib/xdevcfg_selftest.o ps7_cortexa9_0/lib/xdevcfg_
000-sinit.o ps7_cortexa9_0/lib/xdmaps.o ps7_cortexa9_0/lib/xdmaps_g.o ps7_cortexa9_0/lib/xdmaps_hw.o ps7_cortexa9_0/lib/xdmaps_self
000-test.o ps7_cortexa9_0/lib/xdmaps_sinit.o ps7_cortexa9_0/lib/xemacps.o ps7_cortexa9_0/lib/xemacps_bdring.o ps7_cortexa9_0/lib/xe
000-macps_control.o ps7_cortexa9_0/lib/xemacps_g.o ps7_cortexa9_0/lib/xemacps_hw.o ps7_cortexa9_0/lib/xemacps_intr.o ps7_cortexa9_0
000-/lib/xemacps_sinit.o ps7_cortexa9_0/lib/xgpio.o ps7_cortexa9_0/lib/xgpio_extra.o ps7_cortexa9_0/lib/xgpio_g.o ps7_cortexa9_0/li
000-b/xgpio_intr.o ps7_cortexa9_0/lib/xgpio_selftest.o ps7_cortexa9_0/lib/xgpio_sinit.o ps7_cortexa9_0/lib/xgpiops.o ps7_cortexa9_0
000-/lib/xgpiops_g.o ps7_cortexa9_0/lib/xgpiops_hw.o ps7_cortexa9_0/lib/xgpiops_intr.o ps7_cortexa9_0/lib/xgpiops_selftest.o ps7_co
000-rtexa9_0/lib/xgpiops_sinit.o ps7_cortexa9_0/lib/xiicps.o ps7_cortexa9_0/lib/xiicps_g.o ps7_cortexa9_0/lib/xiicps_hw.o ps7_corte
000-xa9_0/lib/xiicps_intr.o ps7_cortexa9_0/lib/xiicps_master.o ps7_cortexa9_0/lib/xiicps_options.o ps7_cortexa9_0/lib/xiicps_selfte
000-st.o ps7_cortexa9_0/lib/xiicps_sinit.o ps7_cortexa9_0/lib/xiicps_slave.o ps7_cortexa9_0/lib/xiicps_xfer.o ps7_cortexa9_0/lib/xi
000-l-crt0.o ps7_cortexa9_0/lib/xil_assert.o ps7_cortexa9_0/lib/xil_cache.o ps7_cortexa9_0/lib/xil_clocking.o ps7_cortexa9_0/lib/xi
000-l_exception.o ps7_cortexa9_0/lib/xil_mem.o ps7_cortexa9_0/lib/xil_misc_psreset_api.o ps7_cortexa9_0/lib/xil_mmu.o ps7_cortexa9_
000-0/lib/xil_printf.o ps7_cortexa9_0/lib/xil_sleepcommon.o ps7_cortexa9_0/lib/xil_sleeptimer.o ps7_cortexa9_0/lib/xil_spinlock.o p
000-s7_cortexa9_0/lib/xil_testcache.o ps7_cortexa9_0/lib/xil_testio.o ps7_cortexa9_0/lib/xil_testmem.o ps7_cortexa9_0/lib/xil_util.
000-o ps7_cortexa9_0/lib/xinterrupt_wrap.o ps7_cortexa9_0/lib/xl2cc_counter.o ps7_cortexa9_0/lib/xplatform_info.o ps7_cortexa9_0/li
000-b/xpm_counter.o ps7_cortexa9_0/lib/xpm_init.o ps7_cortexa9_0/lib/xqspips.o ps7_cortexa9_0/lib/xqspips_g.o ps7_cortexa9_0/lib/xq
000-spips_hw.o ps7_cortexa9_0/lib/xqspips_options.o ps7_cortexa9_0/lib/xqspips_selftest.o ps7_cortexa9_0/lib/xqspips_sinit.o ps7_co
000-rtexa9_0/lib/xscugic.o ps7_cortexa9_0/lib/xscugic_g.o ps7_cortexa9_0/lib/xscugic_hw.o ps7_cortexa9_0/lib/xscugic_intr.o ps7_cor
000-texa9_0/lib/xscugic_selftest.o ps7_cortexa9_0/lib/xscugic_sinit.o ps7_cortexa9_0/lib/xscutimer.o ps7_cortexa9_0/lib/xscutimer_g
000-.o ps7_cortexa9_0/lib/xscutimer_selftest.o ps7_cortexa9_0/lib/xscutimer_sinit.o ps7_cortexa9_0/lib/xscuwdt.o ps7_cortexa9_0/lib
000-/xscuwdt_g.o ps7_cortexa9_0/lib/xscuwdt_selftest.o ps7_cortexa9_0/lib/xscuwdt_sinit.o ps7_cortexa9_0/lib/xsdps.o ps7_cortexa9_0
000-/lib/xsdps_card.o ps7_cortexa9_0/lib/xsdps_g.o ps7_cortexa9_0/lib/xsdps_host.o ps7_cortexa9_0/lib/xsdps_options.o ps7_cortexa9_
000-0/lib/xsdps_sinit.o ps7_cortexa9_0/lib/xtime_l.o ps7_cortexa9_0/lib/xuartps.o ps7_cortexa9_0/lib/xuartps_g.o ps7_cortexa9_0/lib
000-/xuartps_hw.o ps7_cortexa9_0/lib/xuartps_intr.o ps7_cortexa9_0/lib/xuartps_options.o ps7_cortexa9_0/lib/xuartps_selftest.o ps7_
000-cortexa9_0/lib/xuartps_sinit.o ps7_cortexa9_0/lib/xusbps.o ps7_cortexa9_0/lib/xusbps_endpoint.o ps7_cortexa9_0/lib/xusbps_g.o p
000-s7_cortexa9_0/lib/xusbps_hw.o ps7_cortexa9_0/lib/xusbps_intr.o ps7_cortexa9_0/lib/xusbps_sinit.o ps7_cortexa9_0/lib/xvtc.o ps7_
000-cortexa9_0/lib/xvtc_g.o ps7_cortexa9_0/lib/xvtc_intr.o ps7_cortexa9_0/lib/xvtc_selftest.o ps7_cortexa9_0/lib/xvtc_sinit.o
000-
000-Finished building libraries
000-
00255-
17:12:58 Build Finished (took 16s.485ms)

