11:14:34 DEBUG : Logs will be stored at 'C:/Users/Administrator/Documents/MEng_ZYBO/hdmi_driver/IDE.log'.
11:14:39 INFO  : Launching XSCT server: xsct.bat -n  -interactive C:\Users\Administrator\Documents\MEng_ZYBO\hdmi_driver\temp_xsdb_launch_script.tcl
11:14:39 INFO  : Registering command handlers for Vitis TCF services
11:14:39 INFO  : Platform repository initialization has completed.
11:14:39 ERROR : (XSDB Server)'\gnu\microblaze\lin\bin\' is not recognized as an internal or external command,
operable program or batch file.

11:14:39 ERROR : (XSDB Server)'\gnu\microblaze\nt\bin\' is not recognized as an internal or external command,
operable program or batch file.

11:14:39 ERROR : (XSDB Server)'\gnuwin\bin\' is not recognized as an internal or external command,
operable program or batch file.

11:14:43 INFO  : XSCT server has started successfully.
11:14:43 INFO  : plnx-install-location is set to ''
11:14:43 INFO  : Successfully done setting XSCT server connection channel  
11:14:46 INFO  : Successfully done setting workspace for the tool. 
11:14:46 INFO  : Successfully done query RDI_DATADIR 
11:15:02 INFO  : Platform 'design_1_wrapper' is added to custom repositories.
11:15:05 INFO  : [Import] Updating active build configuration of the system project 'Zybo-Z7-10-HDMI_system' to 'Debug' after the import.
11:58:36 INFO  : Result from executing command 'getProjects': design_1_wrapper
11:58:36 INFO  : Result from executing command 'getPlatforms': design_1_wrapper|C:/Users/Administrator/Documents/MEng_ZYBO/hdmi_driver/design_1_wrapper/export/design_1_wrapper/design_1_wrapper.xpfm
11:58:36 INFO  : Checking for BSP changes to sync application flags for project 'Zybo-Z7-10-HDMI'...
18:41:49 DEBUG : Logs will be stored at 'C:/Users/Administrator/Documents/MEng_ZYBO/hdmi_driver/IDE.log'.
18:41:49 INFO  : Launching XSCT server: xsct.bat -n  -interactive C:\Users\Administrator\Documents\MEng_ZYBO\hdmi_driver\temp_xsdb_launch_script.tcl
18:41:50 ERROR : (XSDB Server)'\gnu\microblaze\lin\bin\' is not recognized as an internal or external command,
operable program or batch file.

18:41:50 ERROR : (XSDB Server)'\gnu\microblaze\nt\bin\' is not recognized as an internal or external command,
operable program or batch file.

18:41:50 ERROR : (XSDB Server)'\gnuwin\bin\' is not recognized as an internal or external command,
operable program or batch file.

18:41:54 INFO  : XSCT server has started successfully.
18:41:54 INFO  : plnx-install-location is set to ''
18:41:54 INFO  : Successfully done setting XSCT server connection channel  
18:41:54 INFO  : Successfully done setting workspace for the tool. 
18:41:55 INFO  : Registering command handlers for Vitis TCF services
18:41:56 INFO  : Platform repository initialization has completed.
18:42:00 INFO  : Successfully done query RDI_DATADIR 
14:07:56 DEBUG : Logs will be stored at 'C:/Users/Administrator/Documents/MEng_ZYBO/hdmi_driver/IDE.log'.
14:07:58 INFO  : Launching XSCT server: xsct.bat -n  -interactive C:\Users\Administrator\Documents\MEng_ZYBO\hdmi_driver\temp_xsdb_launch_script.tcl
14:07:58 ERROR : (XSDB Server)'\gnu\microblaze\lin\bin\' is not recognized as an internal or external command,
operable program or batch file.

14:07:58 ERROR : (XSDB Server)'\gnu\microblaze\nt\bin\' is not recognized as an internal or external command,
operable program or batch file.

14:07:58 ERROR : (XSDB Server)'\gnuwin\bin\' is not recognized as an internal or external command,
operable program or batch file.

14:08:06 INFO  : Platform repository initialization has completed.
14:08:07 INFO  : XSCT server has started successfully.
14:08:07 INFO  : plnx-install-location is set to ''
14:08:07 INFO  : Successfully done setting XSCT server connection channel  
14:08:07 INFO  : Successfully done setting workspace for the tool. 
14:19:06 INFO  : Registering command handlers for Vitis TCF services
14:19:13 INFO  : Successfully done query RDI_DATADIR 
15:16:59 DEBUG : Logs will be stored at 'C:/Users/Administrator/Documents/MEng_ZYBO/hdmi_driver/IDE.log'.
15:17:00 INFO  : Launching XSCT server: xsct.bat -n  -interactive C:\Users\Administrator\Documents\MEng_ZYBO\hdmi_driver\temp_xsdb_launch_script.tcl
15:17:01 ERROR : (XSDB Server)'\gnu\microblaze\lin\bin\' is not recognized as an internal or external command,
operable program or batch file.

15:17:01 ERROR : (XSDB Server)'\gnu\microblaze\nt\bin\' is not recognized as an internal or external command,
operable program or batch file.

15:17:01 ERROR : (XSDB Server)'\gnuwin\bin\' is not recognized as an internal or external command,
operable program or batch file.

15:17:05 INFO  : XSCT server has started successfully.
15:17:05 INFO  : Successfully done setting XSCT server connection channel  
15:17:05 INFO  : plnx-install-location is set to ''
15:17:05 INFO  : Successfully done setting workspace for the tool. 
15:17:06 INFO  : Platform repository initialization has completed.
15:17:06 INFO  : Successfully done query RDI_DATADIR 
15:17:06 INFO  : Registering command handlers for Vitis TCF services
15:48:30 INFO  : Result from executing command 'getProjects': design_1_wrapper
15:48:30 INFO  : Result from executing command 'getPlatforms': design_1_wrapper|C:/Users/Administrator/Documents/MEng_ZYBO/hdmi_driver/design_1_wrapper/export/design_1_wrapper/design_1_wrapper.xpfm
15:48:31 INFO  : Checking for BSP changes to sync application flags for project 'Zybo-Z7-10-HDMI'...
16:03:03 INFO  : Checking for BSP changes to sync application flags for project 'Zybo-Z7-10-HDMI'...
16:03:32 INFO  : Checking for BSP changes to sync application flags for project 'Zybo-Z7-10-HDMI'...
16:09:28 INFO  : Checking for BSP changes to sync application flags for project 'Zybo-Z7-10-HDMI'...
16:14:28 INFO  : Checking for BSP changes to sync application flags for project 'Zybo-Z7-10-HDMI'...
13:24:52 DEBUG : Logs will be stored at 'C:/Users/Administrator/Documents/MEng_ZYBO/hdmi_driver/IDE.log'.
13:24:52 INFO  : Launching XSCT server: xsct.bat -n  -interactive C:\Users\Administrator\Documents\MEng_ZYBO\hdmi_driver\temp_xsdb_launch_script.tcl
13:24:52 ERROR : (XSDB Server)'\gnu\microblaze\lin\bin\' is not recognized as an internal or external command,
operable program or batch file.

13:24:52 ERROR : (XSDB Server)'\gnu\microblaze\nt\bin\' is not recognized as an internal or external command,
operable program or batch file.

13:24:52 ERROR : (XSDB Server)'\gnuwin\bin\' is not recognized as an internal or external command,
operable program or batch file.

13:24:54 INFO  : Registering command handlers for Vitis TCF services
13:24:54 INFO  : Platform repository initialization has completed.
13:24:56 INFO  : XSCT server has started successfully.
13:24:56 INFO  : plnx-install-location is set to ''
13:24:56 INFO  : Successfully done setting XSCT server connection channel  
13:24:59 INFO  : Successfully done setting workspace for the tool. 
13:24:59 INFO  : Successfully done query RDI_DATADIR 
